Counts file : /scratch/jmf7ak/persister/counts_batchcorrected/treated_24B_83017d.csv
Output dir  : /scratch/jmf7ak/persister/outputs/ATP_open/treated_24B_83017d
Loading metabolic model...
Set parameter GURO_PAR_SPECIAL
Set parameter TokenServer to value "build"
Processing transcription data...
Running Riptide maxfit...
Running max fit RIPTiDe for objective fraction range: 0.1 to 0.9...
Analyzing context-specific subnetwork flux ranges...
Progress: 0%Read LP format model from file /tmp/tmp266l6216.lp
Reading time = 0.01 seconds
: 1325 rows, 3178 columns, 13430 nonzeros
Read LP format model from file /tmp/tmp79xm1y4w.lp
Reading time = 0.01 seconds
: 1325 rows, 3178 columns, 13430 nonzeros
Read LP format model from file /tmp/tmpy0nn67oz.lp
Reading time = 0.00 seconds
: 24 rows, 42 columns, 140 nonzeros
Progress: 10.0%  -  improved fit identified (1)        Read LP format model from file /tmp/tmpqoag0743.lp
Reading time = 0.01 seconds
: 1325 rows, 3178 columns, 13430 nonzeros
Read LP format model from file /tmp/tmpqsrf_sax.lp
Reading time = 0.01 seconds
: 1325 rows, 3178 columns, 13430 nonzeros
Read LP format model from file /tmp/tmphw8onnlk.lp
Reading time = 0.00 seconds
: 24 rows, 42 columns, 140 nonzeros
Progress: 20.0%  -  improved fit identified (2)        Read LP format model from file /tmp/tmp0tmng9jc.lp
Reading time = 0.01 seconds
: 1325 rows, 3178 columns, 13430 nonzeros
Read LP format model from file /tmp/tmpwvqj6jfy.lp
Reading time = 0.01 seconds
: 1325 rows, 3178 columns, 13430 nonzeros
Read LP format model from file /tmp/tmpdyu64hxw.lp
Reading time = 0.00 seconds
: 24 rows, 42 columns, 140 nonzeros
Progress: 30.0%  -  improved fit identified (3)        Read LP format model from file /tmp/tmp091c96pd.lp
Reading time = 0.01 seconds
: 1325 rows, 3178 columns, 13430 nonzeros
Read LP format model from file /tmp/tmp10pi855m.lp
Reading time = 0.01 seconds
: 1325 rows, 3178 columns, 13430 nonzeros
Read LP format model from file /tmp/tmpnrh7cipx.lp
Reading time = 0.00 seconds
: 24 rows, 42 columns, 140 nonzeros
Progress: 40.0%  -  improved fit identified (4)        Read LP format model from file /tmp/tmp1rf_co0t.lp
Reading time = 0.01 seconds
: 1325 rows, 3178 columns, 13430 nonzeros
Read LP format model from file /tmp/tmp7xtcbivh.lp
Reading time = 0.01 seconds
: 1325 rows, 3178 columns, 13430 nonzeros
Read LP format model from file /tmp/tmpluw0lav6.lp
Reading time = 0.00 seconds
: 24 rows, 44 columns, 154 nonzeros
Progress: 50.0%  -  improved fit identified (5)        Read LP format model from file /tmp/tmp70whltll.lp
Reading time = 0.01 seconds
: 1325 rows, 3178 columns, 13430 nonzeros
Read LP format model from file /tmp/tmp33duef52.lp
Reading time = 0.01 seconds
: 1325 rows, 3178 columns, 13430 nonzeros
Read LP format model from file /tmp/tmpivmmooid.lp
Reading time = 0.00 seconds
: 62 rows, 118 columns, 442 nonzeros
Progress: 60.0%  -  improved fit identified (6)        Read LP format model from file /tmp/tmp3x7629dg.lp
Reading time = 0.01 seconds
: 1325 rows, 3178 columns, 13430 nonzeros
Read LP format model from file /tmp/tmp07zxnmlj.lp
Reading time = 0.01 seconds
: 1325 rows, 3178 columns, 13430 nonzeros
Read LP format model from file /tmp/tmpnotd4pbq.lp
Reading time = 0.00 seconds
: 67 rows, 130 columns, 488 nonzeros
Progress: 70.0%  -  improved fit identified (7)        Read LP format model from file /tmp/tmpcxmr_27q.lp
Reading time = 0.01 seconds
: 1325 rows, 3178 columns, 13430 nonzeros
Read LP format model from file /tmp/tmpoev5tmxs.lp
Reading time = 0.01 seconds
: 1325 rows, 3178 columns, 13430 nonzeros
Read LP format model from file /tmp/tmpvrccg8a9.lp
Reading time = 0.00 seconds
: 79 rows, 146 columns, 578 nonzeros
Progress: 80.0%  -  improved fit identified (8)        Read LP format model from file /tmp/tmpfqrbzwii.lp
Reading time = 0.01 seconds
: 1325 rows, 3178 columns, 13430 nonzeros
Read LP format model from file /tmp/tmp0igt_fql.lp
Reading time = 0.01 seconds
: 1325 rows, 3178 columns, 13430 nonzeros
Read LP format model from file /tmp/tmp1w6mke6h.lp
Reading time = 0.00 seconds
: 79 rows, 148 columns, 572 nonzeros
Progress: 90.0%  -  improved fit identified (9)        Progress: 100%  -  improved fit identified (10)         

Testing local objective fractions to 0.2...
Progress: 0%Read LP format model from file /tmp/tmplx32ohxs.lp
Reading time = 0.01 seconds
: 1325 rows, 3178 columns, 13430 nonzeros
Read LP format model from file /tmp/tmp_d0vqak9.lp
Reading time = 0.01 seconds
: 1325 rows, 3178 columns, 13430 nonzeros
Read LP format model from file /tmp/tmpnf3zclkl.lp
Reading time = 0.00 seconds
: 24 rows, 42 columns, 140 nonzeros
Progress: 14.29%  -  improved fit identified (1)        Read LP format model from file /tmp/tmpdr5061po.lp
Reading time = 0.01 seconds
: 1325 rows, 3178 columns, 13430 nonzeros
Read LP format model from file /tmp/tmpb43k90kf.lp
Reading time = 0.01 seconds
: 1325 rows, 3178 columns, 13430 nonzeros
Read LP format model from file /tmp/tmpvxv3wcmm.lp
Reading time = 0.00 seconds
: 24 rows, 42 columns, 140 nonzeros
Progress: 28.57%  -  improved fit identified (2)        Read LP format model from file /tmp/tmpw_crzqdo.lp
Reading time = 0.01 seconds
: 1325 rows, 3178 columns, 13430 nonzeros
Read LP format model from file /tmp/tmpgk3qhdql.lp
Reading time = 0.01 seconds
: 1325 rows, 3178 columns, 13430 nonzeros
Read LP format model from file /tmp/tmpapfg1yl3.lp
Reading time = 0.00 seconds
: 24 rows, 42 columns, 140 nonzeros
Progress: 42.86%  -  improved fit identified (3)        Read LP format model from file /tmp/tmp9gdsxh8m.lp
Reading time = 0.01 seconds
: 1325 rows, 3178 columns, 13430 nonzeros
Read LP format model from file /tmp/tmpv0r0efz_.lp
Reading time = 0.01 seconds
: 1325 rows, 3178 columns, 13430 nonzeros
Read LP format model from file /tmp/tmpwoqcp3ag.lp
Reading time = 0.00 seconds
: 24 rows, 42 columns, 140 nonzeros
Progress: 57.14%  -  improved fit identified (4)        Read LP format model from file /tmp/tmpkfmvm0xb.lp
Reading time = 0.03 seconds
: 1325 rows, 3178 columns, 13430 nonzeros
Read LP format model from file /tmp/tmpz0rpt7ey.lp
Reading time = 0.01 seconds
: 1325 rows, 3178 columns, 13430 nonzeros
Read LP format model from file /tmp/tmpb_fadobh.lp
Reading time = 0.00 seconds
: 24 rows, 42 columns, 140 nonzeros
Progress: 71.43%  -  improved fit identified (5)        Read LP format model from file /tmp/tmprcx8rs7o.lp
Reading time = 0.01 seconds
: 1325 rows, 3178 columns, 13430 nonzeros
Read LP format model from file /tmp/tmp5_suny0i.lp
Reading time = 0.01 seconds
: 1325 rows, 3178 columns, 13430 nonzeros
Read LP format model from file /tmp/tmptvh8tx9b.lp
Reading time = 0.00 seconds
: 24 rows, 42 columns, 140 nonzeros
Progress: 85.71%  -  improved fit identified (6)        Progress: 100%  -  improved fit identified (7)         

Context-specific metabolism fit with 0.25 of optimal objective flux

Reactions pruned to 21 from 1589 (98.68% change)
Metabolites pruned to 24 from 1325 (98.19% change)
Flux through the objective DECREASED to ~333.0843 from ~683.4643 (51.27% change)
Context-specific metabolism does not correlate with transcriptome (r=0.233, n.s.)

RIPTiDe completed in, 2 minutes and 17 seconds 

Saving results to /scratch/jmf7ak/persister/outputs/ATP_open/riptide_results_ATP/treated_24B_83017d_20250407_135258
Saving results to /scratch/jmf7ak/persister/outputs/ATP_open/riptide_results_ATP/treated_24B_83017d_20250407_135258
