Counts file : /scratch/jmf7ak/persister/counts_batchcorrected/untreated_24C_83017d.csv
Output dir  : /scratch/jmf7ak/persister/outputs/open/untreated_24C_83017d
Loading metabolic model...
Set parameter GURO_PAR_SPECIAL
Set parameter TokenServer to value "build"
Processing transcription data...
Running Riptide maxfit...
Running max fit RIPTiDe for objective fraction range: 0.1 to 0.9...
Analyzing context-specific subnetwork flux ranges...
Progress: 0%Read LP format model from file /tmp/tmpji993doq.lp
Reading time = 0.01 seconds
: 1325 rows, 3176 columns, 13428 nonzeros
Read LP format model from file /tmp/tmporsvb7vr.lp
Reading time = 0.01 seconds
: 1325 rows, 3176 columns, 13428 nonzeros
Read LP format model from file /tmp/tmp4ajfb0vz.lp
Reading time = 0.00 seconds
: 376 rows, 724 columns, 3040 nonzeros
Progress: 10.0%  -  improved fit identified (1)        Read LP format model from file /tmp/tmpx364akei.lp
Reading time = 0.01 seconds
: 1325 rows, 3176 columns, 13428 nonzeros
Read LP format model from file /tmp/tmpgm_huid6.lp
Reading time = 0.01 seconds
: 1325 rows, 3176 columns, 13428 nonzeros
Read LP format model from file /tmp/tmphhigyz_0.lp
Reading time = 0.00 seconds
: 377 rows, 726 columns, 3028 nonzeros
Progress: 20.0%  -  improved fit identified (2)        Read LP format model from file /tmp/tmp7jx9xssa.lp
Reading time = 0.01 seconds
: 1325 rows, 3176 columns, 13428 nonzeros
Read LP format model from file /tmp/tmpfk_v3fy7.lp
Reading time = 0.01 seconds
: 1325 rows, 3176 columns, 13428 nonzeros
Read LP format model from file /tmp/tmpaxqdjlz1.lp
Reading time = 0.00 seconds
: 383 rows, 742 columns, 3082 nonzeros
Progress: 30.0%  -  improved fit identified (3)        Read LP format model from file /tmp/tmp6leo_sxx.lp
Reading time = 0.01 seconds
: 1325 rows, 3176 columns, 13428 nonzeros
Read LP format model from file /tmp/tmpod1wsqna.lp
Reading time = 0.01 seconds
: 1325 rows, 3176 columns, 13428 nonzeros
Read LP format model from file /tmp/tmpqaz81dll.lp
Reading time = 0.00 seconds
: 400 rows, 782 columns, 3246 nonzeros
Progress: 40.0%  -  improved fit identified (4)        Read LP format model from file /tmp/tmpdgs8h09s.lp
Reading time = 0.01 seconds
: 1325 rows, 3176 columns, 13428 nonzeros
Read LP format model from file /tmp/tmpy66dqxv8.lp
Reading time = 0.01 seconds
: 1325 rows, 3176 columns, 13428 nonzeros
Read LP format model from file /tmp/tmpwhfl1fbx.lp
Reading time = 0.00 seconds
: 400 rows, 782 columns, 3266 nonzeros
Progress: 50.0%  -  improved fit identified (5)        Read LP format model from file /tmp/tmpwdzir3al.lp
Reading time = 0.01 seconds
: 1325 rows, 3176 columns, 13428 nonzeros
Read LP format model from file /tmp/tmpv121jco8.lp
Reading time = 0.01 seconds
: 1325 rows, 3176 columns, 13428 nonzeros
Read LP format model from file /tmp/tmpj01vxc4f.lp
Reading time = 0.00 seconds
: 416 rows, 822 columns, 3398 nonzeros
Progress: 60.0%  -  improved fit identified (6)        Read LP format model from file /tmp/tmpiqzdfy8x.lp
Reading time = 0.01 seconds
: 1325 rows, 3176 columns, 13428 nonzeros
Read LP format model from file /tmp/tmp4mjhh35l.lp
Reading time = 0.01 seconds
: 1325 rows, 3176 columns, 13428 nonzeros
Read LP format model from file /tmp/tmpsbezlsm8.lp
Reading time = 0.00 seconds
: 433 rows, 862 columns, 3548 nonzeros
Progress: 70.0%  -  improved fit identified (7)        Read LP format model from file /tmp/tmp7vb7xinf.lp
Reading time = 0.01 seconds
: 1325 rows, 3176 columns, 13428 nonzeros
Read LP format model from file /tmp/tmpaeopys86.lp
Reading time = 0.01 seconds
: 1325 rows, 3176 columns, 13428 nonzeros
Read LP format model from file /tmp/tmp_4u1se2h.lp
Reading time = 0.00 seconds
: 435 rows, 872 columns, 3544 nonzeros
Progress: 80.0%  -  improved fit identified (8)        Read LP format model from file /tmp/tmpyjabtzp3.lp
Reading time = 0.01 seconds
: 1325 rows, 3176 columns, 13428 nonzeros
Read LP format model from file /tmp/tmpqo5hylbc.lp
Reading time = 0.01 seconds
: 1325 rows, 3176 columns, 13428 nonzeros
Read LP format model from file /tmp/tmpbttbe8w7.lp
Reading time = 0.00 seconds
: 458 rows, 932 columns, 3768 nonzeros
Progress: 90.0%  -  improved fit identified (9)        Progress: 100%  -  improved fit identified (10)         

Testing local objective fractions to 0.2...
Progress: 0%Read LP format model from file /tmp/tmpmmhp3r4o.lp
Reading time = 0.01 seconds
: 1325 rows, 3176 columns, 13428 nonzeros
Read LP format model from file /tmp/tmpp3hqgyeq.lp
Reading time = 0.01 seconds
: 1325 rows, 3176 columns, 13428 nonzeros
Read LP format model from file /tmp/tmp8kwbhjne.lp
Reading time = 0.00 seconds
: 365 rows, 700 columns, 2948 nonzeros
Progress: 14.29%  -  improved fit identified (1)        Read LP format model from file /tmp/tmpdjnpv643.lp
Reading time = 0.01 seconds
: 1325 rows, 3176 columns, 13428 nonzeros
Read LP format model from file /tmp/tmpj9bwj6t2.lp
Reading time = 0.01 seconds
: 1325 rows, 3176 columns, 13428 nonzeros
Read LP format model from file /tmp/tmpb152o3ik.lp
Reading time = 0.00 seconds
: 374 rows, 726 columns, 3034 nonzeros
Progress: 28.57%  -  improved fit identified (2)        Read LP format model from file /tmp/tmp20ycth2n.lp
Reading time = 0.01 seconds
: 1325 rows, 3176 columns, 13428 nonzeros
Read LP format model from file /tmp/tmps60f6b3i.lp
Reading time = 0.01 seconds
: 1325 rows, 3176 columns, 13428 nonzeros
Read LP format model from file /tmp/tmpvxfhrr0b.lp
Reading time = 0.00 seconds
: 374 rows, 726 columns, 3020 nonzeros
Progress: 42.86%  -  improved fit identified (3)        Read LP format model from file /tmp/tmpm8f947ln.lp
Reading time = 0.01 seconds
: 1325 rows, 3176 columns, 13428 nonzeros
Read LP format model from file /tmp/tmpqb0skztd.lp
Reading time = 0.01 seconds
: 1325 rows, 3176 columns, 13428 nonzeros
Read LP format model from file /tmp/tmp_qudr6xu.lp
Reading time = 0.00 seconds
: 375 rows, 724 columns, 3020 nonzeros
Progress: 57.14%  -  improved fit identified (4)        Read LP format model from file /tmp/tmpwjr4lf0j.lp
Reading time = 0.01 seconds
: 1325 rows, 3176 columns, 13428 nonzeros
Read LP format model from file /tmp/tmpm9xoxxga.lp
Reading time = 0.01 seconds
: 1325 rows, 3176 columns, 13428 nonzeros
Read LP format model from file /tmp/tmp1vrmlo67.lp
Reading time = 0.00 seconds
: 377 rows, 726 columns, 3028 nonzeros
Progress: 71.43%  -  improved fit identified (5)        Read LP format model from file /tmp/tmp_ft8eymv.lp
Reading time = 0.01 seconds
: 1325 rows, 3176 columns, 13428 nonzeros
Read LP format model from file /tmp/tmp_fvilyu6.lp
Reading time = 0.01 seconds
: 1325 rows, 3176 columns, 13428 nonzeros
Read LP format model from file /tmp/tmpeco9fh6r.lp
Reading time = 0.00 seconds
: 379 rows, 734 columns, 3058 nonzeros
Progress: 85.71%  -  improved fit identified (6)        Progress: 100%  -  improved fit identified (7)         

Context-specific metabolism fit with 0.15 of optimal objective flux

Reactions pruned to 350 from 1588 (77.96% change)
Metabolites pruned to 365 from 1325 (72.45% change)
Flux through the objective DECREASED to ~31.5517 from ~159.611 (80.23% change)
Context-specific metabolism correlates with transcriptome (r=0.248, p<0.001 *)

RIPTiDe completed in, 7 minutes and 3 seconds 

Saving results to /scratch/jmf7ak/persister/outputs/open/riptide_results_BIOMASS/untreated_24C_83017d_20250407_135329
Saving results to /scratch/jmf7ak/persister/outputs/open/riptide_results_BIOMASS/untreated_24C_83017d_20250407_135329
