Counts file : /scratch/jmf7ak/persister/counts_batchcorrected/treated_24D_83017d.csv
Output dir  : /scratch/jmf7ak/persister/outputs/ATP_open/treated_24D_83017d
Loading metabolic model...
Set parameter GURO_PAR_SPECIAL
Set parameter TokenServer to value "build"
Processing transcription data...
Running Riptide maxfit...
Running max fit RIPTiDe for objective fraction range: 0.1 to 0.9...
Analyzing context-specific subnetwork flux ranges...
Progress: 0%Read LP format model from file /tmp/tmp9re1wmgc.lp
Reading time = 0.03 seconds
: 1325 rows, 3178 columns, 13430 nonzeros
Read LP format model from file /tmp/tmpj9uoceq7.lp
Reading time = 0.01 seconds
: 1325 rows, 3178 columns, 13430 nonzeros
Read LP format model from file /tmp/tmpyk0pyjt0.lp
Reading time = 0.01 seconds
: 21 rows, 36 columns, 136 nonzeros
Progress: 10.0%Read LP format model from file /tmp/tmpqbt6z8ik.lp
Reading time = 0.01 seconds
: 1325 rows, 3178 columns, 13430 nonzeros
Read LP format model from file /tmp/tmpikgxi25r.lp
Reading time = 0.01 seconds
: 1325 rows, 3178 columns, 13430 nonzeros
Read LP format model from file /tmp/tmpzyh8v8i4.lp
Reading time = 0.00 seconds
: 21 rows, 36 columns, 136 nonzeros
Progress: 20.0%  -  fit identified                     Read LP format model from file /tmp/tmp5ts6ehmy.lp
Reading time = 0.01 seconds
: 1325 rows, 3178 columns, 13430 nonzeros
Read LP format model from file /tmp/tmpxndvm6zx.lp
Reading time = 0.01 seconds
: 1325 rows, 3178 columns, 13430 nonzeros
Read LP format model from file /tmp/tmpsihiske7.lp
Reading time = 0.02 seconds
: 21 rows, 36 columns, 136 nonzeros
Progress: 30.0%  -  improved fit identified (2)        Read LP format model from file /tmp/tmp72dxsbw4.lp
Reading time = 0.01 seconds
: 1325 rows, 3178 columns, 13430 nonzeros
Read LP format model from file /tmp/tmped515ie9.lp
Reading time = 0.02 seconds
: 1325 rows, 3178 columns, 13430 nonzeros
Read LP format model from file /tmp/tmppyonbgkc.lp
Reading time = 0.01 seconds
: 21 rows, 36 columns, 136 nonzeros
Progress: 40.0%  -  improved fit identified (3)        Read LP format model from file /tmp/tmpzzv_tyhh.lp
Reading time = 0.02 seconds
: 1325 rows, 3178 columns, 13430 nonzeros
Read LP format model from file /tmp/tmp4mmv_eiy.lp
Reading time = 0.02 seconds
: 1325 rows, 3178 columns, 13430 nonzeros
Read LP format model from file /tmp/tmp5p2v8r5n.lp
Reading time = 0.00 seconds
: 54 rows, 104 columns, 364 nonzeros
Progress: 50.0%  -  improved fit identified (4)        Read LP format model from file /tmp/tmpyzw3lrj0.lp
Reading time = 0.02 seconds
: 1325 rows, 3178 columns, 13430 nonzeros
Read LP format model from file /tmp/tmp4dxr0kp4.lp
Reading time = 0.01 seconds
: 1325 rows, 3178 columns, 13430 nonzeros
Read LP format model from file /tmp/tmpmm2xs1mp.lp
Reading time = 0.01 seconds
: 55 rows, 108 columns, 384 nonzeros
Progress: 60.0%  -  improved fit identified (5)        Read LP format model from file /tmp/tmpu7b0363q.lp
Reading time = 0.01 seconds
: 1325 rows, 3178 columns, 13430 nonzeros
Read LP format model from file /tmp/tmppq3jebvf.lp
Reading time = 0.01 seconds
: 1325 rows, 3178 columns, 13430 nonzeros
Read LP format model from file /tmp/tmpbmw9n7i7.lp
Reading time = 0.00 seconds
: 53 rows, 104 columns, 360 nonzeros
Progress: 70.0%  -  improved fit identified (6)        Read LP format model from file /tmp/tmpde_qny2p.lp
Reading time = 0.01 seconds
: 1325 rows, 3178 columns, 13430 nonzeros
Read LP format model from file /tmp/tmp0242sldg.lp
Reading time = 0.01 seconds
: 1325 rows, 3178 columns, 13430 nonzeros
Read LP format model from file /tmp/tmpxe3uw0wy.lp
Reading time = 0.00 seconds
: 51 rows, 100 columns, 356 nonzeros
Progress: 80.0%  -  improved fit identified (7)        Read LP format model from file /tmp/tmp_aj4307m.lp
Reading time = 0.02 seconds
: 1325 rows, 3178 columns, 13430 nonzeros
Read LP format model from file /tmp/tmpvkddhvup.lp
Reading time = 0.01 seconds
: 1325 rows, 3178 columns, 13430 nonzeros
Read LP format model from file /tmp/tmpxrk5w9p9.lp
Reading time = 0.00 seconds
: 48 rows, 96 columns, 336 nonzeros
Progress: 90.0%  -  improved fit identified (8)        Progress: 100%  -  improved fit identified (9)         

Testing local objective fractions to 0.6...
Progress: 0%Read LP format model from file /tmp/tmpi5mmif_7.lp
Reading time = 0.01 seconds
: 1325 rows, 3178 columns, 13430 nonzeros
Read LP format model from file /tmp/tmpv0e0u8k4.lp
Reading time = 0.01 seconds
: 1325 rows, 3178 columns, 13430 nonzeros
Read LP format model from file /tmp/tmp7o_fh2vm.lp
Reading time = 0.01 seconds
: 52 rows, 102 columns, 352 nonzeros
Progress: 14.29%Read LP format model from file /tmp/tmp4ar4w49i.lp
Reading time = 0.01 seconds
: 1325 rows, 3178 columns, 13430 nonzeros
Read LP format model from file /tmp/tmpd8co76pa.lp
Reading time = 0.02 seconds
: 1325 rows, 3178 columns, 13430 nonzeros
Read LP format model from file /tmp/tmpnxz375cw.lp
Reading time = 0.01 seconds
: 53 rows, 104 columns, 360 nonzeros
Progress: 28.57% Read LP format model from file /tmp/tmplctoajag.lp
Reading time = 0.01 seconds
: 1325 rows, 3178 columns, 13430 nonzeros
Read LP format model from file /tmp/tmp6z83albu.lp
Reading time = 0.01 seconds
: 1325 rows, 3178 columns, 13430 nonzeros
Read LP format model from file /tmp/tmpd1xhxqyo.lp
Reading time = 0.00 seconds
: 54 rows, 104 columns, 364 nonzeros
Progress: 42.86% Read LP format model from file /tmp/tmp59u28xzf.lp
Reading time = 0.01 seconds
: 1325 rows, 3178 columns, 13430 nonzeros
Read LP format model from file /tmp/tmpzavo775i.lp
Reading time = 0.02 seconds
: 1325 rows, 3178 columns, 13430 nonzeros
Read LP format model from file /tmp/tmpljvsyzne.lp
Reading time = 0.00 seconds
: 53 rows, 104 columns, 360 nonzeros
Progress: 57.14% Read LP format model from file /tmp/tmpf5l1b84d.lp
Reading time = 0.02 seconds
: 1325 rows, 3178 columns, 13430 nonzeros
Read LP format model from file /tmp/tmp0w9krla9.lp
Reading time = 0.01 seconds
: 1325 rows, 3178 columns, 13430 nonzeros
Read LP format model from file /tmp/tmp32ndizrq.lp
Reading time = 0.01 seconds
: 54 rows, 104 columns, 364 nonzeros
Progress: 71.43% Read LP format model from file /tmp/tmp5s_b5o_7.lp
Reading time = 0.01 seconds
: 1325 rows, 3178 columns, 13430 nonzeros
Read LP format model from file /tmp/tmpt30c9mgy.lp
Reading time = 0.01 seconds
: 1325 rows, 3178 columns, 13430 nonzeros
Read LP format model from file /tmp/tmppmlo0ft5.lp
Reading time = 0.00 seconds
: 55 rows, 106 columns, 372 nonzeros
Progress: 85.71% Progress: 100%        

Context-specific metabolism fit with 0.6 of optimal objective flux

Reactions pruned to 54 from 1589 (96.6% change)
Metabolites pruned to 55 from 1325 (95.85% change)
Flux through the objective DECREASED to ~545.8322 from ~683.4643 (20.14% change)
Context-specific metabolism does not correlate with transcriptome (r=0.101, n.s.)

RIPTiDe completed in, 2 minutes and 8 seconds 

Saving results to /scratch/jmf7ak/persister/outputs/ATP_open/riptide_results_ATP/treated_24D_83017d_20250407_135258
Saving results to /scratch/jmf7ak/persister/outputs/ATP_open/riptide_results_ATP/treated_24D_83017d_20250407_135258
