Counts file : /scratch/jmf7ak/persister/counts_batchcorrected/untreated_24B_83017d.csv
Output dir  : /scratch/jmf7ak/persister/outputs/open/untreated_24B_83017d
Loading metabolic model...
Set parameter GURO_PAR_SPECIAL
Set parameter TokenServer to value "build"
Processing transcription data...
Running Riptide maxfit...
Running max fit RIPTiDe for objective fraction range: 0.1 to 0.9...
Analyzing context-specific subnetwork flux ranges...
Progress: 0%Read LP format model from file /tmp/tmp3r4599z1.lp
Reading time = 0.01 seconds
: 1325 rows, 3176 columns, 13428 nonzeros
Read LP format model from file /tmp/tmpxv9mb9ay.lp
Reading time = 0.01 seconds
: 1325 rows, 3176 columns, 13428 nonzeros
Read LP format model from file /tmp/tmpo60bgtom.lp
Reading time = 0.00 seconds
: 374 rows, 720 columns, 2982 nonzeros
Progress: 10.0%  -  improved fit identified (1)        Read LP format model from file /tmp/tmppiuuk7b_.lp
Reading time = 0.01 seconds
: 1325 rows, 3176 columns, 13428 nonzeros
Read LP format model from file /tmp/tmpbynliftl.lp
Reading time = 0.01 seconds
: 1325 rows, 3176 columns, 13428 nonzeros
Read LP format model from file /tmp/tmpiavdy9vq.lp
Reading time = 0.00 seconds
: 371 rows, 712 columns, 2962 nonzeros
Progress: 20.0%  -  improved fit identified (2)        Read LP format model from file /tmp/tmprogjslif.lp
Reading time = 0.01 seconds
: 1325 rows, 3176 columns, 13428 nonzeros
Read LP format model from file /tmp/tmpswa1l0f6.lp
Reading time = 0.01 seconds
: 1325 rows, 3176 columns, 13428 nonzeros
Read LP format model from file /tmp/tmp90mou8ga.lp
Reading time = 0.00 seconds
: 380 rows, 736 columns, 3058 nonzeros
Progress: 30.0%  -  improved fit identified (3)        Read LP format model from file /tmp/tmpr9angba2.lp
Reading time = 0.01 seconds
: 1325 rows, 3176 columns, 13428 nonzeros
Read LP format model from file /tmp/tmpfo8mgg6r.lp
Reading time = 0.01 seconds
: 1325 rows, 3176 columns, 13428 nonzeros
Read LP format model from file /tmp/tmpyvuwc0by.lp
Reading time = 0.00 seconds
: 395 rows, 770 columns, 3190 nonzeros
Progress: 40.0%  -  improved fit identified (4)        Read LP format model from file /tmp/tmprr2_r8nk.lp
Reading time = 0.01 seconds
: 1325 rows, 3176 columns, 13428 nonzeros
Read LP format model from file /tmp/tmprx8ploqu.lp
Reading time = 0.01 seconds
: 1325 rows, 3176 columns, 13428 nonzeros
Read LP format model from file /tmp/tmpphm1pb66.lp
Reading time = 0.00 seconds
: 406 rows, 798 columns, 3292 nonzeros
Progress: 50.0%  -  improved fit identified (5)        Read LP format model from file /tmp/tmpbmc99xga.lp
Reading time = 0.01 seconds
: 1325 rows, 3176 columns, 13428 nonzeros
Read LP format model from file /tmp/tmp0fffir9s.lp
Reading time = 0.01 seconds
: 1325 rows, 3176 columns, 13428 nonzeros
Read LP format model from file /tmp/tmpdsa_52r6.lp
Reading time = 0.00 seconds
: 422 rows, 838 columns, 3442 nonzeros
Progress: 60.0%  -  improved fit identified (6)        Read LP format model from file /tmp/tmp9ez7axhi.lp
Reading time = 0.01 seconds
: 1325 rows, 3176 columns, 13428 nonzeros
Read LP format model from file /tmp/tmpooplbkdh.lp
Reading time = 0.01 seconds
: 1325 rows, 3176 columns, 13428 nonzeros
Read LP format model from file /tmp/tmp4kt6mujd.lp
Reading time = 0.00 seconds
: 418 rows, 828 columns, 3404 nonzeros
Progress: 70.0%  -  improved fit identified (7)        Read LP format model from file /tmp/tmph3wjv2zf.lp
Reading time = 0.01 seconds
: 1325 rows, 3176 columns, 13428 nonzeros
Read LP format model from file /tmp/tmpjc4n3yy1.lp
Reading time = 0.01 seconds
: 1325 rows, 3176 columns, 13428 nonzeros
Read LP format model from file /tmp/tmpd3czbjhd.lp
Reading time = 0.00 seconds
: 423 rows, 852 columns, 3464 nonzeros
Progress: 80.0%  -  improved fit identified (8)        Read LP format model from file /tmp/tmp46ejanrj.lp
Reading time = 0.01 seconds
: 1325 rows, 3176 columns, 13428 nonzeros
Read LP format model from file /tmp/tmp_nqcjtzd.lp
Reading time = 0.01 seconds
: 1325 rows, 3176 columns, 13428 nonzeros
Read LP format model from file /tmp/tmpcvvjcumo.lp
Reading time = 0.00 seconds
: 451 rows, 912 columns, 3716 nonzeros
Progress: 90.0%  -  improved fit identified (9)        Progress: 100%  -  improved fit identified (10)         

Testing local objective fractions to 0.1...
Progress: 0%Read LP format model from file /tmp/tmpwbjcykuu.lp
Reading time = 0.01 seconds
: 1325 rows, 3176 columns, 13428 nonzeros
Read LP format model from file /tmp/tmpz1468st3.lp
Reading time = 0.01 seconds
: 1325 rows, 3176 columns, 13428 nonzeros
Read LP format model from file /tmp/tmpgnxhe50d.lp
Reading time = 0.00 seconds
: 372 rows, 718 columns, 2970 nonzeros
Progress: 14.29%  -  improved fit identified (1)        Read LP format model from file /tmp/tmp9cfftldt.lp
Reading time = 0.01 seconds
: 1325 rows, 3176 columns, 13428 nonzeros
Read LP format model from file /tmp/tmpdivizpqs.lp
Reading time = 0.01 seconds
: 1325 rows, 3176 columns, 13428 nonzeros
Read LP format model from file /tmp/tmpyclq4l6g.lp
Reading time = 0.00 seconds
: 375 rows, 722 columns, 2966 nonzeros
Progress: 28.57%  -  improved fit identified (2)        Read LP format model from file /tmp/tmpch2galvt.lp
Reading time = 0.01 seconds
: 1325 rows, 3176 columns, 13428 nonzeros
Read LP format model from file /tmp/tmpt6nmgaok.lp
Reading time = 0.01 seconds
: 1325 rows, 3176 columns, 13428 nonzeros
Read LP format model from file /tmp/tmpdtjs3ond.lp
Reading time = 0.00 seconds
: 372 rows, 718 columns, 2970 nonzeros
Progress: 42.86%  -  improved fit identified (3)        Read LP format model from file /tmp/tmp15_st5uf.lp
Reading time = 0.01 seconds
: 1325 rows, 3176 columns, 13428 nonzeros
Read LP format model from file /tmp/tmp1zemob82.lp
Reading time = 0.01 seconds
: 1325 rows, 3176 columns, 13428 nonzeros
Read LP format model from file /tmp/tmpfq152i6c.lp
Reading time = 0.00 seconds
: 372 rows, 718 columns, 2970 nonzeros
Progress: 57.14%  -  improved fit identified (4)        Read LP format model from file /tmp/tmps8lpnteb.lp
Reading time = 0.01 seconds
: 1325 rows, 3176 columns, 13428 nonzeros
Read LP format model from file /tmp/tmpss88g573.lp
Reading time = 0.01 seconds
: 1325 rows, 3176 columns, 13428 nonzeros
Read LP format model from file /tmp/tmpc3bbaxrh.lp
Reading time = 0.00 seconds
: 373 rows, 720 columns, 2958 nonzeros
Progress: 71.43%  -  improved fit identified (5)        Read LP format model from file /tmp/tmpve5ducrm.lp
Reading time = 0.01 seconds
: 1325 rows, 3176 columns, 13428 nonzeros
Read LP format model from file /tmp/tmpm44gxs4v.lp
Reading time = 0.01 seconds
: 1325 rows, 3176 columns, 13428 nonzeros
Read LP format model from file /tmp/tmpf5tzk8hj.lp
Reading time = 0.00 seconds
: 372 rows, 718 columns, 2970 nonzeros
Progress: 85.71%  -  improved fit identified (6)        Progress: 100%  -  improved fit identified (7)         

Context-specific metabolism fit with 0.125 of optimal objective flux

Reactions pruned to 361 from 1588 (77.27% change)
Metabolites pruned to 375 from 1325 (71.7% change)
Flux through the objective DECREASED to ~26.2894 from ~159.611 (83.53% change)
Context-specific metabolism correlates with transcriptome (r=0.176, p=0.001 *)

RIPTiDe completed in, 6 minutes and 50 seconds 

Saving results to /scratch/jmf7ak/persister/outputs/open/riptide_results_BIOMASS/untreated_24B_83017d_20250407_135327
Saving results to /scratch/jmf7ak/persister/outputs/open/riptide_results_BIOMASS/untreated_24B_83017d_20250407_135327
