Counts file : /scratch/jmf7ak/persister/counts_batchcorrected/treated_24B_83017d.csv
Output dir  : /scratch/jmf7ak/persister/outputs/open/treated_24B_83017d
Loading metabolic model...
Set parameter GURO_PAR_SPECIAL
Set parameter TokenServer to value "build"
Processing transcription data...
Running Riptide maxfit...
Running max fit RIPTiDe for objective fraction range: 0.1 to 0.9...
Analyzing context-specific subnetwork flux ranges...
Progress: 0%Read LP format model from file /tmp/tmpm229s4ca.lp
Reading time = 0.01 seconds
: 1325 rows, 3176 columns, 13428 nonzeros
Read LP format model from file /tmp/tmpjufxv_7y.lp
Reading time = 0.01 seconds
: 1325 rows, 3176 columns, 13428 nonzeros
Read LP format model from file /tmp/tmpwnhmv5uo.lp
Reading time = 0.00 seconds
: 375 rows, 726 columns, 3054 nonzeros
Progress: 10.0%  -  improved fit identified (1)        Read LP format model from file /tmp/tmp9xnhou5r.lp
Reading time = 0.01 seconds
: 1325 rows, 3176 columns, 13428 nonzeros
Read LP format model from file /tmp/tmpke2z0sgh.lp
Reading time = 0.01 seconds
: 1325 rows, 3176 columns, 13428 nonzeros
Read LP format model from file /tmp/tmpsobd3fs2.lp
Reading time = 0.00 seconds
: 381 rows, 736 columns, 3050 nonzeros
Progress: 20.0%  -  improved fit identified (2)        Read LP format model from file /tmp/tmp69mrnq1o.lp
Reading time = 0.01 seconds
: 1325 rows, 3176 columns, 13428 nonzeros
Read LP format model from file /tmp/tmpxbnxrh2o.lp
Reading time = 0.01 seconds
: 1325 rows, 3176 columns, 13428 nonzeros
Read LP format model from file /tmp/tmpxze31l1c.lp
Reading time = 0.00 seconds
: 382 rows, 740 columns, 3054 nonzeros
Progress: 30.0%  -  improved fit identified (3)        Read LP format model from file /tmp/tmpdlpd_r7_.lp
Reading time = 0.01 seconds
: 1325 rows, 3176 columns, 13428 nonzeros
Read LP format model from file /tmp/tmpk8j7ipx9.lp
Reading time = 0.01 seconds
: 1325 rows, 3176 columns, 13428 nonzeros
Read LP format model from file /tmp/tmp62y3fqbl.lp
Reading time = 0.00 seconds
: 394 rows, 770 columns, 3190 nonzeros
Progress: 40.0%  -  improved fit identified (4)        Read LP format model from file /tmp/tmp_052up1v.lp
Reading time = 0.01 seconds
: 1325 rows, 3176 columns, 13428 nonzeros
Read LP format model from file /tmp/tmpfv1xjpgo.lp
Reading time = 0.01 seconds
: 1325 rows, 3176 columns, 13428 nonzeros
Read LP format model from file /tmp/tmpdug67dx1.lp
Reading time = 0.00 seconds
: 414 rows, 812 columns, 3342 nonzeros
Progress: 50.0%  -  improved fit identified (5)        Read LP format model from file /tmp/tmpwwr6ah25.lp
Reading time = 0.01 seconds
: 1325 rows, 3176 columns, 13428 nonzeros
Read LP format model from file /tmp/tmp4qlrumpe.lp
Reading time = 0.01 seconds
: 1325 rows, 3176 columns, 13428 nonzeros
Read LP format model from file /tmp/tmpzu4wkvkg.lp
Reading time = 0.00 seconds
: 413 rows, 812 columns, 3338 nonzeros
Progress: 60.0%  -  improved fit identified (6)        Read LP format model from file /tmp/tmp1yzbbx1z.lp
Reading time = 0.01 seconds
: 1325 rows, 3176 columns, 13428 nonzeros
Read LP format model from file /tmp/tmpjkiwbqx5.lp
Reading time = 0.01 seconds
: 1325 rows, 3176 columns, 13428 nonzeros
Read LP format model from file /tmp/tmpdhtujkai.lp
Reading time = 0.00 seconds
: 424 rows, 844 columns, 3444 nonzeros
Progress: 70.0%  -  improved fit identified (7)        Read LP format model from file /tmp/tmpu7yd07mm.lp
Reading time = 0.01 seconds
: 1325 rows, 3176 columns, 13428 nonzeros
Read LP format model from file /tmp/tmphrtuxolw.lp
Reading time = 0.01 seconds
: 1325 rows, 3176 columns, 13428 nonzeros
Read LP format model from file /tmp/tmpk8hgo60b.lp
Reading time = 0.00 seconds
: 426 rows, 858 columns, 3472 nonzeros
Progress: 80.0%  -  improved fit identified (8)        Read LP format model from file /tmp/tmp185jcrs1.lp
Reading time = 0.01 seconds
: 1325 rows, 3176 columns, 13428 nonzeros
Read LP format model from file /tmp/tmp5nla92vd.lp
Reading time = 0.01 seconds
: 1325 rows, 3176 columns, 13428 nonzeros
Read LP format model from file /tmp/tmpx0t34pbe.lp
Reading time = 0.00 seconds
: 442 rows, 896 columns, 3632 nonzeros
Progress: 90.0%  -  improved fit identified (9)        Progress: 100%  -  improved fit identified (10)         

Testing local objective fractions to 0.1...
Progress: 0%Read LP format model from file /tmp/tmpewri4adx.lp
Reading time = 0.01 seconds
: 1325 rows, 3176 columns, 13428 nonzeros
Read LP format model from file /tmp/tmphv2gstci.lp
Reading time = 0.01 seconds
: 1325 rows, 3176 columns, 13428 nonzeros
Read LP format model from file /tmp/tmp33y0teue.lp
Reading time = 0.00 seconds
: 375 rows, 726 columns, 3054 nonzeros
Progress: 14.29%  -  improved fit identified (1)        Read LP format model from file /tmp/tmp8iowfl8m.lp
Reading time = 0.01 seconds
: 1325 rows, 3176 columns, 13428 nonzeros
Read LP format model from file /tmp/tmputdid3yt.lp
Reading time = 0.01 seconds
: 1325 rows, 3176 columns, 13428 nonzeros
Read LP format model from file /tmp/tmptzc9n9j2.lp
Reading time = 0.00 seconds
: 374 rows, 722 columns, 2998 nonzeros
Progress: 28.57%  -  improved fit identified (2)        Read LP format model from file /tmp/tmpez9mauh1.lp
Reading time = 0.01 seconds
: 1325 rows, 3176 columns, 13428 nonzeros
Read LP format model from file /tmp/tmphgwy5ej9.lp
Reading time = 0.01 seconds
: 1325 rows, 3176 columns, 13428 nonzeros
Read LP format model from file /tmp/tmpftx3xnq5.lp
Reading time = 0.00 seconds
: 376 rows, 726 columns, 3054 nonzeros
Progress: 42.86%  -  improved fit identified (3)        Read LP format model from file /tmp/tmpcc_awc_u.lp
Reading time = 0.01 seconds
: 1325 rows, 3176 columns, 13428 nonzeros
Read LP format model from file /tmp/tmppua58tjn.lp
Reading time = 0.01 seconds
: 1325 rows, 3176 columns, 13428 nonzeros
Read LP format model from file /tmp/tmpal8pvadt.lp
Reading time = 0.00 seconds
: 376 rows, 726 columns, 3054 nonzeros
Progress: 57.14%  -  improved fit identified (4)        Read LP format model from file /tmp/tmpv46zs9zu.lp
Reading time = 0.01 seconds
: 1325 rows, 3176 columns, 13428 nonzeros
Read LP format model from file /tmp/tmpnp7gqlr9.lp
Reading time = 0.01 seconds
: 1325 rows, 3176 columns, 13428 nonzeros
Read LP format model from file /tmp/tmp98mhj5ko.lp
Reading time = 0.00 seconds
: 371 rows, 716 columns, 2976 nonzeros
Progress: 71.43%  -  improved fit identified (5)        Read LP format model from file /tmp/tmpdjkiyymc.lp
Reading time = 0.01 seconds
: 1325 rows, 3176 columns, 13428 nonzeros
Read LP format model from file /tmp/tmpdkcnwl8r.lp
Reading time = 0.01 seconds
: 1325 rows, 3176 columns, 13428 nonzeros
Read LP format model from file /tmp/tmpgi5ki82b.lp
Reading time = 0.00 seconds
: 377 rows, 728 columns, 3032 nonzeros
Progress: 85.71%  -  improved fit identified (6)        Progress: 100%  -  improved fit identified (7)         

Context-specific metabolism fit with 0.05 of optimal objective flux

Reactions pruned to 363 from 1588 (77.14% change)
Metabolites pruned to 375 from 1325 (71.7% change)
Flux through the objective DECREASED to ~16.157 from ~159.611 (89.88% change)
Context-specific metabolism correlates with transcriptome (r=0.172, p=0.001 *)

RIPTiDe completed in, 7 minutes and 22 seconds 

Saving results to /scratch/jmf7ak/persister/outputs/open/riptide_results_BIOMASS/treated_24B_83017d_20250407_135330
Saving results to /scratch/jmf7ak/persister/outputs/open/riptide_results_BIOMASS/treated_24B_83017d_20250407_135330
