Counts file : /scratch/jmf7ak/persister/counts_batchcorrected/treated_24A_81017d.csv
Output dir  : /scratch/jmf7ak/persister/outputs/ATP_open/treated_24A_81017d
Loading metabolic model...
Set parameter GURO_PAR_SPECIAL
Set parameter TokenServer to value "build"
Processing transcription data...
Running Riptide maxfit...
Running max fit RIPTiDe for objective fraction range: 0.1 to 0.9...
Analyzing context-specific subnetwork flux ranges...
Progress: 0%Read LP format model from file /tmp/tmpeqrx9dnq.lp
Reading time = 0.01 seconds
: 1325 rows, 3178 columns, 13430 nonzeros
Read LP format model from file /tmp/tmp_679q5ty.lp
Reading time = 0.01 seconds
: 1325 rows, 3178 columns, 13430 nonzeros
Read LP format model from file /tmp/tmpk8nbrxor.lp
Reading time = 0.00 seconds
: 22 rows, 42 columns, 136 nonzeros
Progress: 10.0%  -  improved fit identified (1)        Read LP format model from file /tmp/tmpiwbz98iv.lp
Reading time = 0.01 seconds
: 1325 rows, 3178 columns, 13430 nonzeros
Read LP format model from file /tmp/tmpug_v3tar.lp
Reading time = 0.01 seconds
: 1325 rows, 3178 columns, 13430 nonzeros
Read LP format model from file /tmp/tmp_jakynhf.lp
Reading time = 0.00 seconds
: 22 rows, 42 columns, 136 nonzeros
Progress: 20.0%  -  improved fit identified (2)        Read LP format model from file /tmp/tmpzcvinlel.lp
Reading time = 0.01 seconds
: 1325 rows, 3178 columns, 13430 nonzeros
Read LP format model from file /tmp/tmp2iku2399.lp
Reading time = 0.01 seconds
: 1325 rows, 3178 columns, 13430 nonzeros
Read LP format model from file /tmp/tmpek6esanw.lp
Reading time = 0.00 seconds
: 22 rows, 42 columns, 136 nonzeros
Progress: 30.0%  -  improved fit identified (3)        Read LP format model from file /tmp/tmp2xlrinu0.lp
Reading time = 0.01 seconds
: 1325 rows, 3178 columns, 13430 nonzeros
Read LP format model from file /tmp/tmp79ndgrbi.lp
Reading time = 0.01 seconds
: 1325 rows, 3178 columns, 13430 nonzeros
Read LP format model from file /tmp/tmpx5kaqewn.lp
Reading time = 0.00 seconds
: 22 rows, 42 columns, 136 nonzeros
Progress: 40.0%  -  improved fit identified (4)        Read LP format model from file /tmp/tmp3etv3boj.lp
Reading time = 0.01 seconds
: 1325 rows, 3178 columns, 13430 nonzeros
Read LP format model from file /tmp/tmp68ztpzgh.lp
Reading time = 0.01 seconds
: 1325 rows, 3178 columns, 13430 nonzeros
Read LP format model from file /tmp/tmpumj483ak.lp
Reading time = 0.01 seconds
: 22 rows, 44 columns, 150 nonzeros
Progress: 50.0%  -  improved fit identified (5)        Read LP format model from file /tmp/tmpcp2ui8h3.lp
Reading time = 0.01 seconds
: 1325 rows, 3178 columns, 13430 nonzeros
Read LP format model from file /tmp/tmpxghctpmz.lp
Reading time = 0.01 seconds
: 1325 rows, 3178 columns, 13430 nonzeros
Read LP format model from file /tmp/tmpvcyusa1j.lp
Reading time = 0.00 seconds
: 55 rows, 108 columns, 364 nonzeros
Progress: 60.0%  -  improved fit identified (6)        Read LP format model from file /tmp/tmpu6vg2wd1.lp
Reading time = 0.01 seconds
: 1325 rows, 3178 columns, 13430 nonzeros
Read LP format model from file /tmp/tmp4a48d7ig.lp
Reading time = 0.01 seconds
: 1325 rows, 3178 columns, 13430 nonzeros
Read LP format model from file /tmp/tmpjdeinau_.lp
Reading time = 0.00 seconds
: 55 rows, 108 columns, 364 nonzeros
Progress: 70.0%  -  improved fit identified (7)        Read LP format model from file /tmp/tmpbtijf0kr.lp
Reading time = 0.01 seconds
: 1325 rows, 3178 columns, 13430 nonzeros
Read LP format model from file /tmp/tmp1ihmpkos.lp
Reading time = 0.01 seconds
: 1325 rows, 3178 columns, 13430 nonzeros
Read LP format model from file /tmp/tmpct9assot.lp
Reading time = 0.00 seconds
: 68 rows, 132 columns, 472 nonzeros
Progress: 80.0%  -  improved fit identified (8)        Read LP format model from file /tmp/tmp5v6okmy8.lp
Reading time = 0.01 seconds
: 1325 rows, 3178 columns, 13430 nonzeros
Read LP format model from file /tmp/tmpldqljt0d.lp
Reading time = 0.01 seconds
: 1325 rows, 3178 columns, 13430 nonzeros
Read LP format model from file /tmp/tmpbpa63evr.lp
Reading time = 0.00 seconds
: 69 rows, 128 columns, 440 nonzeros
Progress: 90.0%  -  improved fit identified (9)        Progress: 100%  -  improved fit identified (10)         

Testing local objective fractions to 0.3...
Progress: 0%Read LP format model from file /tmp/tmp5xhw__xt.lp
Reading time = 0.01 seconds
: 1325 rows, 3178 columns, 13430 nonzeros
Read LP format model from file /tmp/tmpm744g95j.lp
Reading time = 0.01 seconds
: 1325 rows, 3178 columns, 13430 nonzeros
Read LP format model from file /tmp/tmpk7dqubm4.lp
Reading time = 0.00 seconds
: 22 rows, 42 columns, 136 nonzeros
Progress: 14.29%  -  improved fit identified (1)        Read LP format model from file /tmp/tmp7g_smo8y.lp
Reading time = 0.01 seconds
: 1325 rows, 3178 columns, 13430 nonzeros
Read LP format model from file /tmp/tmpggpro16u.lp
Reading time = 0.01 seconds
: 1325 rows, 3178 columns, 13430 nonzeros
Read LP format model from file /tmp/tmph2kg0v66.lp
Reading time = 0.00 seconds
: 22 rows, 42 columns, 136 nonzeros
Progress: 28.57%  -  improved fit identified (2)        Read LP format model from file /tmp/tmp3a8_rhfs.lp
Reading time = 0.01 seconds
: 1325 rows, 3178 columns, 13430 nonzeros
Read LP format model from file /tmp/tmpldndn51b.lp
Reading time = 0.01 seconds
: 1325 rows, 3178 columns, 13430 nonzeros
Read LP format model from file /tmp/tmpmuhuc3ot.lp
Reading time = 0.00 seconds
: 22 rows, 42 columns, 136 nonzeros
Progress: 42.86%  -  improved fit identified (3)        Read LP format model from file /tmp/tmpxa1uqhvc.lp
Reading time = 0.01 seconds
: 1325 rows, 3178 columns, 13430 nonzeros
Read LP format model from file /tmp/tmpahkw617c.lp
Reading time = 0.01 seconds
: 1325 rows, 3178 columns, 13430 nonzeros
Read LP format model from file /tmp/tmpcx4ffbiv.lp
Reading time = 0.00 seconds
: 22 rows, 42 columns, 136 nonzeros
Progress: 57.14%  -  improved fit identified (4)        Read LP format model from file /tmp/tmp3ks61a03.lp
Reading time = 0.01 seconds
: 1325 rows, 3178 columns, 13430 nonzeros
Read LP format model from file /tmp/tmpr65r4qbj.lp
Reading time = 0.01 seconds
: 1325 rows, 3178 columns, 13430 nonzeros
Read LP format model from file /tmp/tmpi_1wf6fk.lp
Reading time = 0.00 seconds
: 22 rows, 42 columns, 136 nonzeros
Progress: 71.43%  -  improved fit identified (5)        Read LP format model from file /tmp/tmpuwgp0qak.lp
Reading time = 0.01 seconds
: 1325 rows, 3178 columns, 13430 nonzeros
Read LP format model from file /tmp/tmpkx33bk3c.lp
Reading time = 0.01 seconds
: 1325 rows, 3178 columns, 13430 nonzeros
Read LP format model from file /tmp/tmphwps63lb.lp
Reading time = 0.00 seconds
: 22 rows, 42 columns, 136 nonzeros
Progress: 85.71%  -  improved fit identified (6)        Progress: 100%  -  improved fit identified (7)         

Context-specific metabolism fit with 0.35 of optimal objective flux

Reactions pruned to 21 from 1589 (98.68% change)
Metabolites pruned to 22 from 1325 (98.34% change)
Flux through the objective DECREASED to ~333.1243 from ~683.4643 (51.26% change)
Context-specific metabolism does not correlate with transcriptome (r=0.279, n.s.)

RIPTiDe completed in, 2 minutes and 22 seconds 

Saving results to /scratch/jmf7ak/persister/outputs/ATP_open/riptide_results_ATP/treated_24A_81017d_20250407_135259
Saving results to /scratch/jmf7ak/persister/outputs/ATP_open/riptide_results_ATP/treated_24A_81017d_20250407_135259
