Counts file : /scratch/jmf7ak/persister/counts_batchcorrected/treated_24A_81017d.csv
Output dir  : /scratch/jmf7ak/persister/outputs/open/treated_24A_81017d
Loading metabolic model...
Set parameter GURO_PAR_SPECIAL
Set parameter TokenServer to value "build"
Processing transcription data...
Running Riptide maxfit...
Running max fit RIPTiDe for objective fraction range: 0.1 to 0.9...
Analyzing context-specific subnetwork flux ranges...
Progress: 0%Read LP format model from file /tmp/tmpxkl0brgp.lp
Reading time = 0.01 seconds
: 1325 rows, 3176 columns, 13428 nonzeros
Read LP format model from file /tmp/tmp60q6s6pb.lp
Reading time = 0.01 seconds
: 1325 rows, 3176 columns, 13428 nonzeros
Read LP format model from file /tmp/tmpspx01cbu.lp
Reading time = 0.00 seconds
: 390 rows, 754 columns, 3080 nonzeros
Progress: 10.0%  -  improved fit identified (1)        Read LP format model from file /tmp/tmpmgru1f1t.lp
Reading time = 0.01 seconds
: 1325 rows, 3176 columns, 13428 nonzeros
Read LP format model from file /tmp/tmpg3pt981q.lp
Reading time = 0.01 seconds
: 1325 rows, 3176 columns, 13428 nonzeros
Read LP format model from file /tmp/tmpes3g7fep.lp
Reading time = 0.00 seconds
: 389 rows, 754 columns, 3106 nonzeros
Progress: 20.0%  -  improved fit identified (2)        Read LP format model from file /tmp/tmpxkov01s3.lp
Reading time = 0.01 seconds
: 1325 rows, 3176 columns, 13428 nonzeros
Read LP format model from file /tmp/tmp7a7usu4w.lp
Reading time = 0.01 seconds
: 1325 rows, 3176 columns, 13428 nonzeros
Read LP format model from file /tmp/tmp6nqhj0_g.lp
Reading time = 0.00 seconds
: 398 rows, 774 columns, 3200 nonzeros
Progress: 30.0%  -  improved fit identified (3)        Read LP format model from file /tmp/tmptuiab490.lp
Reading time = 0.01 seconds
: 1325 rows, 3176 columns, 13428 nonzeros
Read LP format model from file /tmp/tmpmp0zf8ov.lp
Reading time = 0.01 seconds
: 1325 rows, 3176 columns, 13428 nonzeros
Read LP format model from file /tmp/tmpezovhfwp.lp
Reading time = 0.00 seconds
: 404 rows, 790 columns, 3254 nonzeros
Progress: 40.0%  -  improved fit identified (4)        Read LP format model from file /tmp/tmps2ybdjyk.lp
Reading time = 0.01 seconds
: 1325 rows, 3176 columns, 13428 nonzeros
Read LP format model from file /tmp/tmp3v1z0k20.lp
Reading time = 0.01 seconds
: 1325 rows, 3176 columns, 13428 nonzeros
Read LP format model from file /tmp/tmpe0d67hxo.lp
Reading time = 0.00 seconds
: 404 rows, 796 columns, 3250 nonzeros
Progress: 50.0%  -  improved fit identified (5)        Read LP format model from file /tmp/tmpehwckhcp.lp
Reading time = 0.01 seconds
: 1325 rows, 3176 columns, 13428 nonzeros
Read LP format model from file /tmp/tmpt1c5e2xp.lp
Reading time = 0.01 seconds
: 1325 rows, 3176 columns, 13428 nonzeros
Read LP format model from file /tmp/tmpulu5kyiu.lp
Reading time = 0.00 seconds
: 414 rows, 822 columns, 3348 nonzeros
Progress: 60.0%  -  improved fit identified (6)        Read LP format model from file /tmp/tmpmx3niimz.lp
Reading time = 0.01 seconds
: 1325 rows, 3176 columns, 13428 nonzeros
Read LP format model from file /tmp/tmp7z3_e5pn.lp
Reading time = 0.01 seconds
: 1325 rows, 3176 columns, 13428 nonzeros
Read LP format model from file /tmp/tmpgt82vmqx.lp
Reading time = 0.00 seconds
: 418 rows, 832 columns, 3404 nonzeros
Progress: 70.0%  -  improved fit identified (7)        Read LP format model from file /tmp/tmpdw7c3zu1.lp
Reading time = 0.01 seconds
: 1325 rows, 3176 columns, 13428 nonzeros
Read LP format model from file /tmp/tmp2jk71t1y.lp
Reading time = 0.01 seconds
: 1325 rows, 3176 columns, 13428 nonzeros
Read LP format model from file /tmp/tmp9e5qyv0l.lp
Reading time = 0.00 seconds
: 421 rows, 850 columns, 3474 nonzeros
Progress: 80.0%  -  improved fit identified (8)        Read LP format model from file /tmp/tmp3gt9o7vx.lp
Reading time = 0.01 seconds
: 1325 rows, 3176 columns, 13428 nonzeros
Read LP format model from file /tmp/tmp1cp23nwp.lp
Reading time = 0.01 seconds
: 1325 rows, 3176 columns, 13428 nonzeros
Read LP format model from file /tmp/tmp2a8ocsk2.lp
Reading time = 0.00 seconds
: 447 rows, 910 columns, 3676 nonzeros
Progress: 90.0%  -  improved fit identified (9)        Progress: 100%  -  improved fit identified (10)         

Testing local objective fractions to 0.4...
Progress: 0%Read LP format model from file /tmp/tmptb1r7q09.lp
Reading time = 0.01 seconds
: 1325 rows, 3176 columns, 13428 nonzeros
Read LP format model from file /tmp/tmpdawqlmkc.lp
Reading time = 0.01 seconds
: 1325 rows, 3176 columns, 13428 nonzeros
Read LP format model from file /tmp/tmp061na1zs.lp
Reading time = 0.00 seconds
: 392 rows, 768 columns, 3140 nonzeros
Progress: 14.29%  -  improved fit identified (1)        Read LP format model from file /tmp/tmpoq6n5738.lp
Reading time = 0.01 seconds
: 1325 rows, 3176 columns, 13428 nonzeros
Read LP format model from file /tmp/tmp5x16ej0b.lp
Reading time = 0.01 seconds
: 1325 rows, 3176 columns, 13428 nonzeros
Read LP format model from file /tmp/tmp8yg4kwh5.lp
Reading time = 0.00 seconds
: 394 rows, 772 columns, 3148 nonzeros
Progress: 28.57%  -  improved fit identified (2)        Read LP format model from file /tmp/tmppw7ywd8u.lp
Reading time = 0.01 seconds
: 1325 rows, 3176 columns, 13428 nonzeros
Read LP format model from file /tmp/tmpvbbrblx1.lp
Reading time = 0.01 seconds
: 1325 rows, 3176 columns, 13428 nonzeros
Read LP format model from file /tmp/tmp6wsb4kim.lp
Reading time = 0.00 seconds
: 405 rows, 788 columns, 3230 nonzeros
Progress: 42.86%  -  improved fit identified (3)        Read LP format model from file /tmp/tmpg01378_h.lp
Reading time = 0.01 seconds
: 1325 rows, 3176 columns, 13428 nonzeros
Read LP format model from file /tmp/tmpwnys39pn.lp
Reading time = 0.01 seconds
: 1325 rows, 3176 columns, 13428 nonzeros
Read LP format model from file /tmp/tmpq2yqaeuy.lp
Reading time = 0.00 seconds
: 414 rows, 812 columns, 3318 nonzeros
Progress: 57.14%  -  improved fit identified (4)        Read LP format model from file /tmp/tmpn0xlhlsd.lp
Reading time = 0.01 seconds
: 1325 rows, 3176 columns, 13428 nonzeros
Read LP format model from file /tmp/tmpk7h132v_.lp
Reading time = 0.01 seconds
: 1325 rows, 3176 columns, 13428 nonzeros
Read LP format model from file /tmp/tmpyea3b1hz.lp
Reading time = 0.00 seconds
: 403 rows, 792 columns, 3240 nonzeros
Progress: 71.43%  -  improved fit identified (5)        Read LP format model from file /tmp/tmp39m7296t.lp
Reading time = 0.01 seconds
: 1325 rows, 3176 columns, 13428 nonzeros
Read LP format model from file /tmp/tmpdui88mjn.lp
Reading time = 0.01 seconds
: 1325 rows, 3176 columns, 13428 nonzeros
Read LP format model from file /tmp/tmpn36czxhf.lp
Reading time = 0.00 seconds
: 404 rows, 790 columns, 3254 nonzeros
Progress: 85.71%  -  improved fit identified (6)        Progress: 100%  -  improved fit identified (7)         

Context-specific metabolism fit with 0.4 of optimal objective flux

Reactions pruned to 395 from 1588 (75.13% change)
Metabolites pruned to 404 from 1325 (69.51% change)
Flux through the objective DECREASED to ~66.202 from ~159.611 (58.52% change)
Context-specific metabolism correlates with transcriptome (r=0.238, p<0.001 *)

RIPTiDe completed in, 6 minutes and 34 seconds 

Saving results to /scratch/jmf7ak/persister/outputs/open/riptide_results_BIOMASS/treated_24A_81017d_20250407_135328
Saving results to /scratch/jmf7ak/persister/outputs/open/riptide_results_BIOMASS/treated_24A_81017d_20250407_135328
