Counts file : /scratch/jmf7ak/persister/counts_batchcorrected/treated_0C_81017d.csv
Output dir  : /scratch/jmf7ak/persister/outputs/open/treated_0C_81017d
Loading metabolic model...
Set parameter GURO_PAR_SPECIAL
Set parameter TokenServer to value "build"
Processing transcription data...
Running Riptide maxfit...
Running max fit RIPTiDe for objective fraction range: 0.1 to 0.9...
Analyzing context-specific subnetwork flux ranges...
Progress: 0%Read LP format model from file /tmp/tmp_fg6t6io.lp
Reading time = 0.01 seconds
: 1325 rows, 3176 columns, 13428 nonzeros
Read LP format model from file /tmp/tmpdpunmcp1.lp
Reading time = 0.01 seconds
: 1325 rows, 3176 columns, 13428 nonzeros
Read LP format model from file /tmp/tmp_l81yxe8.lp
Reading time = 0.00 seconds
: 374 rows, 718 columns, 2962 nonzeros
Progress: 10.0%  -  improved fit identified (1)        Read LP format model from file /tmp/tmp363_35_p.lp
Reading time = 0.01 seconds
: 1325 rows, 3176 columns, 13428 nonzeros
Read LP format model from file /tmp/tmp2p5mzuly.lp
Reading time = 0.01 seconds
: 1325 rows, 3176 columns, 13428 nonzeros
Read LP format model from file /tmp/tmpvfyj67u0.lp
Reading time = 0.00 seconds
: 376 rows, 726 columns, 3002 nonzeros
Progress: 20.0%  -  improved fit identified (2)        Read LP format model from file /tmp/tmpmu3suxhm.lp
Reading time = 0.01 seconds
: 1325 rows, 3176 columns, 13428 nonzeros
Read LP format model from file /tmp/tmpl0x3jm_8.lp
Reading time = 0.01 seconds
: 1325 rows, 3176 columns, 13428 nonzeros
Read LP format model from file /tmp/tmplqzc_px_.lp
Reading time = 0.00 seconds
: 380 rows, 736 columns, 3072 nonzeros
Progress: 30.0%  -  improved fit identified (3)        Read LP format model from file /tmp/tmp229zeq9f.lp
Reading time = 0.01 seconds
: 1325 rows, 3176 columns, 13428 nonzeros
Read LP format model from file /tmp/tmpfaql9ymr.lp
Reading time = 0.01 seconds
: 1325 rows, 3176 columns, 13428 nonzeros
Read LP format model from file /tmp/tmpvgs7if53.lp
Reading time = 0.00 seconds
: 397 rows, 774 columns, 3224 nonzeros
Progress: 40.0%  -  improved fit identified (4)        Read LP format model from file /tmp/tmp6cvhpy3x.lp
Reading time = 0.01 seconds
: 1325 rows, 3176 columns, 13428 nonzeros
Read LP format model from file /tmp/tmp15hn3gqn.lp
Reading time = 0.01 seconds
: 1325 rows, 3176 columns, 13428 nonzeros
Read LP format model from file /tmp/tmpk1up2je9.lp
Reading time = 0.00 seconds
: 408 rows, 802 columns, 3312 nonzeros
Progress: 50.0%  -  improved fit identified (5)        Read LP format model from file /tmp/tmpjx7hkxsj.lp
Reading time = 0.01 seconds
: 1325 rows, 3176 columns, 13428 nonzeros
Read LP format model from file /tmp/tmps9zbfv0t.lp
Reading time = 0.01 seconds
: 1325 rows, 3176 columns, 13428 nonzeros
Read LP format model from file /tmp/tmp61f_9157.lp
Reading time = 0.00 seconds
: 425 rows, 836 columns, 3462 nonzeros
Progress: 60.0%  -  improved fit identified (6)        Read LP format model from file /tmp/tmpqtxptkzt.lp
Reading time = 0.01 seconds
: 1325 rows, 3176 columns, 13428 nonzeros
Read LP format model from file /tmp/tmp2old5k3i.lp
Reading time = 0.01 seconds
: 1325 rows, 3176 columns, 13428 nonzeros
Read LP format model from file /tmp/tmpbzcb5gh6.lp
Reading time = 0.00 seconds
: 425 rows, 842 columns, 3486 nonzeros
Progress: 70.0%  -  improved fit identified (7)        Read LP format model from file /tmp/tmpb0qiy1vn.lp
Reading time = 0.01 seconds
: 1325 rows, 3176 columns, 13428 nonzeros
Read LP format model from file /tmp/tmp1oy7h66n.lp
Reading time = 0.01 seconds
: 1325 rows, 3176 columns, 13428 nonzeros
Read LP format model from file /tmp/tmpkmy_elja.lp
Reading time = 0.00 seconds
: 433 rows, 870 columns, 3556 nonzeros
Progress: 80.0%  -  improved fit identified (8)        Read LP format model from file /tmp/tmps8o8r0ny.lp
Reading time = 0.01 seconds
: 1325 rows, 3176 columns, 13428 nonzeros
Read LP format model from file /tmp/tmpdi4c_s_t.lp
Reading time = 0.01 seconds
: 1325 rows, 3176 columns, 13428 nonzeros
Read LP format model from file /tmp/tmpsk76esve.lp
Reading time = 0.00 seconds
: 460 rows, 928 columns, 3790 nonzeros
Progress: 90.0%  -  improved fit identified (9)        Progress: 100%  -  improved fit identified (10)         

Testing local objective fractions to 0.2...
Progress: 0%Read LP format model from file /tmp/tmp71tpkl5d.lp
Reading time = 0.01 seconds
: 1325 rows, 3176 columns, 13428 nonzeros
Read LP format model from file /tmp/tmpsq95hbwn.lp
Reading time = 0.01 seconds
: 1325 rows, 3176 columns, 13428 nonzeros
Read LP format model from file /tmp/tmpvvz4dcc9.lp
Reading time = 0.00 seconds
: 389 rows, 748 columns, 3112 nonzeros
Progress: 14.29%  -  improved fit identified (1)        Read LP format model from file /tmp/tmpulk21qoe.lp
Reading time = 0.01 seconds
: 1325 rows, 3176 columns, 13428 nonzeros
Read LP format model from file /tmp/tmpzyf0nayt.lp
Reading time = 0.01 seconds
: 1325 rows, 3176 columns, 13428 nonzeros
Read LP format model from file /tmp/tmprcso_q0w.lp
Reading time = 0.00 seconds
: 380 rows, 736 columns, 3072 nonzeros
Progress: 28.57%  -  improved fit identified (2)        Read LP format model from file /tmp/tmpihcx_wzn.lp
Reading time = 0.01 seconds
: 1325 rows, 3176 columns, 13428 nonzeros
Read LP format model from file /tmp/tmpm74z9cb2.lp
Reading time = 0.01 seconds
: 1325 rows, 3176 columns, 13428 nonzeros
Read LP format model from file /tmp/tmpgf01vysl.lp
Reading time = 0.00 seconds
: 380 rows, 734 columns, 3050 nonzeros
Progress: 42.86%  -  improved fit identified (3)        Read LP format model from file /tmp/tmpshtu9t0k.lp
Reading time = 0.01 seconds
: 1325 rows, 3176 columns, 13428 nonzeros
Read LP format model from file /tmp/tmp53pt0nox.lp
Reading time = 0.01 seconds
: 1325 rows, 3176 columns, 13428 nonzeros
Read LP format model from file /tmp/tmpnxezlf_z.lp
Reading time = 0.00 seconds
: 380 rows, 732 columns, 3040 nonzeros
Progress: 57.14%  -  improved fit identified (4)        Read LP format model from file /tmp/tmp1iyzm7ey.lp
Reading time = 0.01 seconds
: 1325 rows, 3176 columns, 13428 nonzeros
Read LP format model from file /tmp/tmpfw9ylcjq.lp
Reading time = 0.01 seconds
: 1325 rows, 3176 columns, 13428 nonzeros
Read LP format model from file /tmp/tmpuux3ipkn.lp
Reading time = 0.00 seconds
: 376 rows, 726 columns, 3002 nonzeros
Progress: 71.43%  -  improved fit identified (5)        Read LP format model from file /tmp/tmpesir2fxd.lp
Reading time = 0.01 seconds
: 1325 rows, 3176 columns, 13428 nonzeros
Read LP format model from file /tmp/tmpgd4fkqhq.lp
Reading time = 0.01 seconds
: 1325 rows, 3176 columns, 13428 nonzeros
Read LP format model from file /tmp/tmp49gdfghf.lp
Reading time = 0.00 seconds
: 379 rows, 730 columns, 3038 nonzeros
Progress: 85.71%  -  improved fit identified (6)        Progress: 100%  -  improved fit identified (7)         

Context-specific metabolism fit with 0.2 of optimal objective flux

Reactions pruned to 363 from 1588 (77.14% change)
Metabolites pruned to 376 from 1325 (71.62% change)
Flux through the objective DECREASED to ~34.4419 from ~159.611 (78.42% change)
Context-specific metabolism does not correlate with transcriptome (r=0.095, n.s.)

RIPTiDe completed in, 7 minutes and 31 seconds 

Saving results to /scratch/jmf7ak/persister/outputs/open/riptide_results_BIOMASS/treated_0C_81017d_20250407_135328
Saving results to /scratch/jmf7ak/persister/outputs/open/riptide_results_BIOMASS/treated_0C_81017d_20250407_135328
