Counts file : /scratch/jmf7ak/persister/counts_batchcorrected/treated_24F_83017d.csv
Output dir  : /scratch/jmf7ak/persister/outputs/open/treated_24F_83017d
Loading metabolic model...
Set parameter GURO_PAR_SPECIAL
Set parameter TokenServer to value "build"
Processing transcription data...
Running Riptide maxfit...
Running max fit RIPTiDe for objective fraction range: 0.1 to 0.9...
Analyzing context-specific subnetwork flux ranges...
Progress: 0%Read LP format model from file /tmp/tmp674racnd.lp
Reading time = 0.01 seconds
: 1325 rows, 3176 columns, 13428 nonzeros
Read LP format model from file /tmp/tmp7cujku1m.lp
Reading time = 0.01 seconds
: 1325 rows, 3176 columns, 13428 nonzeros
Read LP format model from file /tmp/tmptrwym_na.lp
Reading time = 0.00 seconds
: 370 rows, 712 columns, 2976 nonzeros
Progress: 10.0%  -  improved fit identified (1)        Read LP format model from file /tmp/tmp4tk16zap.lp
Reading time = 0.01 seconds
: 1325 rows, 3176 columns, 13428 nonzeros
Read LP format model from file /tmp/tmp7gak6jau.lp
Reading time = 0.01 seconds
: 1325 rows, 3176 columns, 13428 nonzeros
Read LP format model from file /tmp/tmpeef1rhb4.lp
Reading time = 0.00 seconds
: 371 rows, 716 columns, 2984 nonzeros
Progress: 20.0%  -  improved fit identified (2)        Read LP format model from file /tmp/tmpkyd0e_27.lp
Reading time = 0.01 seconds
: 1325 rows, 3176 columns, 13428 nonzeros
Read LP format model from file /tmp/tmpcsxko91i.lp
Reading time = 0.01 seconds
: 1325 rows, 3176 columns, 13428 nonzeros
Read LP format model from file /tmp/tmpchbjdw2y.lp
Reading time = 0.00 seconds
: 382 rows, 742 columns, 3072 nonzeros
Progress: 30.0%  -  improved fit identified (3)        Read LP format model from file /tmp/tmp6o1akbxt.lp
Reading time = 0.01 seconds
: 1325 rows, 3176 columns, 13428 nonzeros
Read LP format model from file /tmp/tmpds4hs7xk.lp
Reading time = 0.01 seconds
: 1325 rows, 3176 columns, 13428 nonzeros
Read LP format model from file /tmp/tmp5k06oiv_.lp
Reading time = 0.00 seconds
: 404 rows, 790 columns, 3268 nonzeros
Progress: 40.0%  -  improved fit identified (4)        Read LP format model from file /tmp/tmpgtyyxml_.lp
Reading time = 0.01 seconds
: 1325 rows, 3176 columns, 13428 nonzeros
Read LP format model from file /tmp/tmpb7vzk344.lp
Reading time = 0.01 seconds
: 1325 rows, 3176 columns, 13428 nonzeros
Read LP format model from file /tmp/tmplwtz5k1k.lp
Reading time = 0.00 seconds
: 401 rows, 786 columns, 3258 nonzeros
Progress: 50.0%  -  improved fit identified (5)        Read LP format model from file /tmp/tmpji7uqxib.lp
Reading time = 0.01 seconds
: 1325 rows, 3176 columns, 13428 nonzeros
Read LP format model from file /tmp/tmpdap1kbyv.lp
Reading time = 0.01 seconds
: 1325 rows, 3176 columns, 13428 nonzeros
Read LP format model from file /tmp/tmpcvout604.lp
Reading time = 0.00 seconds
: 418 rows, 830 columns, 3418 nonzeros
Progress: 60.0%  -  improved fit identified (6)        Read LP format model from file /tmp/tmpsb_xnwew.lp
Reading time = 0.01 seconds
: 1325 rows, 3176 columns, 13428 nonzeros
Read LP format model from file /tmp/tmptjq_rjzb.lp
Reading time = 0.01 seconds
: 1325 rows, 3176 columns, 13428 nonzeros
Read LP format model from file /tmp/tmp2hicf1uz.lp
Reading time = 0.00 seconds
: 418 rows, 830 columns, 3400 nonzeros
Progress: 70.0%  -  improved fit identified (7)        Read LP format model from file /tmp/tmpecrjsqon.lp
Reading time = 0.01 seconds
: 1325 rows, 3176 columns, 13428 nonzeros
Read LP format model from file /tmp/tmpr5xuyvhn.lp
Reading time = 0.01 seconds
: 1325 rows, 3176 columns, 13428 nonzeros
Read LP format model from file /tmp/tmp6tjf_ewt.lp
Reading time = 0.00 seconds
: 425 rows, 856 columns, 3460 nonzeros
Progress: 80.0%  -  improved fit identified (8)        Read LP format model from file /tmp/tmpp1skgokb.lp
Reading time = 0.01 seconds
: 1325 rows, 3176 columns, 13428 nonzeros
Read LP format model from file /tmp/tmpyhctk3pd.lp
Reading time = 0.01 seconds
: 1325 rows, 3176 columns, 13428 nonzeros
Read LP format model from file /tmp/tmp5jyzz6bh.lp
Reading time = 0.00 seconds
: 446 rows, 906 columns, 3646 nonzeros
Progress: 90.0%  -  improved fit identified (9)        Progress: 100%  -  improved fit identified (10)         

Testing local objective fractions to 0.9...
Progress: 0%Read LP format model from file /tmp/tmpds2pj_hy.lp
Reading time = 0.01 seconds
: 1325 rows, 3176 columns, 13428 nonzeros
Read LP format model from file /tmp/tmp8gcp78n5.lp
Reading time = 0.01 seconds
: 1325 rows, 3176 columns, 13428 nonzeros
Read LP format model from file /tmp/tmpe106469r.lp
Reading time = 0.00 seconds
: 446 rows, 906 columns, 3646 nonzeros
Progress: 14.29%  -  improved fit identified (1)        Read LP format model from file /tmp/tmp_6an9j8k.lp
Reading time = 0.01 seconds
: 1325 rows, 3176 columns, 13428 nonzeros
Read LP format model from file /tmp/tmph_g7wfme.lp
Reading time = 0.01 seconds
: 1325 rows, 3176 columns, 13428 nonzeros
Read LP format model from file /tmp/tmpzdt6_unn.lp
Reading time = 0.00 seconds
: 454 rows, 934 columns, 3726 nonzeros
Progress: 28.57%  -  improved fit identified (2)        Read LP format model from file /tmp/tmpgee_wcec.lp
Reading time = 0.01 seconds
: 1325 rows, 3176 columns, 13428 nonzeros
Read LP format model from file /tmp/tmpn9xpsfq1.lp
Reading time = 0.01 seconds
: 1325 rows, 3176 columns, 13428 nonzeros
Read LP format model from file /tmp/tmpwl0ldd_r.lp
Reading time = 0.00 seconds
: 448 rows, 912 columns, 3686 nonzeros
Progress: 42.86%  -  improved fit identified (3)        Read LP format model from file /tmp/tmpjjqqp0mf.lp
Reading time = 0.01 seconds
: 1325 rows, 3176 columns, 13428 nonzeros
Read LP format model from file /tmp/tmp2monzpdz.lp
Reading time = 0.01 seconds
: 1325 rows, 3176 columns, 13428 nonzeros
Read LP format model from file /tmp/tmp161s_7i0.lp
Reading time = 0.00 seconds
: 446 rows, 906 columns, 3646 nonzeros
Progress: 57.14%  -  improved fit identified (4)        Read LP format model from file /tmp/tmpwh_vbrp4.lp
Reading time = 0.01 seconds
: 1325 rows, 3176 columns, 13428 nonzeros
Read LP format model from file /tmp/tmp04os8sy6.lp
Reading time = 0.01 seconds
: 1325 rows, 3176 columns, 13428 nonzeros
Read LP format model from file /tmp/tmprzc_b_ev.lp
Reading time = 0.00 seconds
: 446 rows, 906 columns, 3646 nonzeros
Progress: 71.43%  -  improved fit identified (5)        Read LP format model from file /tmp/tmp199hip0h.lp
Reading time = 0.01 seconds
: 1325 rows, 3176 columns, 13428 nonzeros
Read LP format model from file /tmp/tmp_jowu_jl.lp
Reading time = 0.01 seconds
: 1325 rows, 3176 columns, 13428 nonzeros
Read LP format model from file /tmp/tmp1d43cavn.lp
Reading time = 0.00 seconds
: 446 rows, 906 columns, 3646 nonzeros
Progress: 85.71%  -  improved fit identified (6)        Progress: 100%  -  improved fit identified (7)         

Context-specific metabolism fit with 0.85 of optimal objective flux

Reactions pruned to 453 from 1588 (71.47% change)
Metabolites pruned to 446 from 1325 (66.34% change)
Flux through the objective DECREASED to ~136.0744 from ~159.611 (14.75% change)
Context-specific metabolism correlates with transcriptome (r=0.213, p<0.001 *)

RIPTiDe completed in, 7 minutes and 19 seconds 

Saving results to /scratch/jmf7ak/persister/outputs/open/riptide_results_BIOMASS/treated_24F_83017d_20250407_135330
Saving results to /scratch/jmf7ak/persister/outputs/open/riptide_results_BIOMASS/treated_24F_83017d_20250407_135330
