Counts file : /scratch/jmf7ak/persister/counts_batchcorrected/untreated_5D_81017d.csv
Output dir  : /scratch/jmf7ak/persister/outputs/open/untreated_5D_81017d
Loading metabolic model...
Set parameter GURO_PAR_SPECIAL
Set parameter TokenServer to value "build"
Processing transcription data...
Running Riptide maxfit...
Running max fit RIPTiDe for objective fraction range: 0.1 to 0.9...
Analyzing context-specific subnetwork flux ranges...
Progress: 0%Read LP format model from file /tmp/tmpaugr3fhs.lp
Reading time = 0.01 seconds
: 1325 rows, 3176 columns, 13428 nonzeros
Read LP format model from file /tmp/tmphz9pul3j.lp
Reading time = 0.01 seconds
: 1325 rows, 3176 columns, 13428 nonzeros
Read LP format model from file /tmp/tmpazwn7t1s.lp
Reading time = 0.00 seconds
: 391 rows, 754 columns, 3142 nonzeros
Progress: 10.0%  -  improved fit identified (1)        Read LP format model from file /tmp/tmpr9454nl1.lp
Reading time = 0.01 seconds
: 1325 rows, 3176 columns, 13428 nonzeros
Read LP format model from file /tmp/tmpv0zvhi37.lp
Reading time = 0.01 seconds
: 1325 rows, 3176 columns, 13428 nonzeros
Read LP format model from file /tmp/tmp25mxym3k.lp
Reading time = 0.00 seconds
: 373 rows, 720 columns, 2990 nonzeros
Progress: 20.0%  -  improved fit identified (2)        Read LP format model from file /tmp/tmpjq92z36a.lp
Reading time = 0.01 seconds
: 1325 rows, 3176 columns, 13428 nonzeros
Read LP format model from file /tmp/tmpb5s368mw.lp
Reading time = 0.01 seconds
: 1325 rows, 3176 columns, 13428 nonzeros
Read LP format model from file /tmp/tmphjg2j_0f.lp
Reading time = 0.00 seconds
: 388 rows, 758 columns, 3128 nonzeros
Progress: 30.0%  -  improved fit identified (3)        Read LP format model from file /tmp/tmpgq3xet30.lp
Reading time = 0.01 seconds
: 1325 rows, 3176 columns, 13428 nonzeros
Read LP format model from file /tmp/tmpo_9_ybi9.lp
Reading time = 0.01 seconds
: 1325 rows, 3176 columns, 13428 nonzeros
Read LP format model from file /tmp/tmppgo4041j.lp
Reading time = 0.00 seconds
: 390 rows, 764 columns, 3162 nonzeros
Progress: 40.0%  -  improved fit identified (4)        Read LP format model from file /tmp/tmpr57tfayb.lp
Reading time = 0.01 seconds
: 1325 rows, 3176 columns, 13428 nonzeros
Read LP format model from file /tmp/tmpm98yx7me.lp
Reading time = 0.01 seconds
: 1325 rows, 3176 columns, 13428 nonzeros
Read LP format model from file /tmp/tmp_auyhd29.lp
Reading time = 0.00 seconds
: 412 rows, 812 columns, 3360 nonzeros
Progress: 50.0%  -  improved fit identified (5)        Read LP format model from file /tmp/tmp8vjm1qus.lp
Reading time = 0.01 seconds
: 1325 rows, 3176 columns, 13428 nonzeros
Read LP format model from file /tmp/tmphjlexn3f.lp
Reading time = 0.01 seconds
: 1325 rows, 3176 columns, 13428 nonzeros
Read LP format model from file /tmp/tmpfmygjnoz.lp
Reading time = 0.00 seconds
: 429 rows, 848 columns, 3482 nonzeros
Progress: 60.0%  -  improved fit identified (6)        Read LP format model from file /tmp/tmp8yrwxs5d.lp
Reading time = 0.01 seconds
: 1325 rows, 3176 columns, 13428 nonzeros
Read LP format model from file /tmp/tmp060ye46w.lp
Reading time = 0.01 seconds
: 1325 rows, 3176 columns, 13428 nonzeros
Read LP format model from file /tmp/tmp9rvzlyg8.lp
Reading time = 0.00 seconds
: 427 rows, 844 columns, 3482 nonzeros
Progress: 70.0%  -  improved fit identified (7)        Read LP format model from file /tmp/tmpdgiauj91.lp
Reading time = 0.01 seconds
: 1325 rows, 3176 columns, 13428 nonzeros
Read LP format model from file /tmp/tmp0nnb4i0j.lp
Reading time = 0.01 seconds
: 1325 rows, 3176 columns, 13428 nonzeros
Read LP format model from file /tmp/tmp3jo8wqgy.lp
Reading time = 0.00 seconds
: 426 rows, 856 columns, 3474 nonzeros
Progress: 80.0%  -  improved fit identified (8)        Read LP format model from file /tmp/tmpawb7nr3t.lp
Reading time = 0.01 seconds
: 1325 rows, 3176 columns, 13428 nonzeros
Read LP format model from file /tmp/tmp1x9g0zf_.lp
Reading time = 0.01 seconds
: 1325 rows, 3176 columns, 13428 nonzeros
Read LP format model from file /tmp/tmp37sxq3z9.lp
Reading time = 0.00 seconds
: 446 rows, 906 columns, 3662 nonzeros
Progress: 90.0%  -  improved fit identified (9)        Progress: 100%  -  improved fit identified (10)         

Testing local objective fractions to 0.1...
Progress: 0%Read LP format model from file /tmp/tmp2hicu1q5.lp
Reading time = 0.01 seconds
: 1325 rows, 3176 columns, 13428 nonzeros
Read LP format model from file /tmp/tmp5k3kdml5.lp
Reading time = 0.01 seconds
: 1325 rows, 3176 columns, 13428 nonzeros
Read LP format model from file /tmp/tmpe30fq36_.lp
Reading time = 0.00 seconds
: 391 rows, 754 columns, 3142 nonzeros
Progress: 14.29%  -  improved fit identified (1)        Read LP format model from file /tmp/tmp5v6l04lq.lp
Reading time = 0.01 seconds
: 1325 rows, 3176 columns, 13428 nonzeros
Read LP format model from file /tmp/tmpsvy6_fhe.lp
Reading time = 0.01 seconds
: 1325 rows, 3176 columns, 13428 nonzeros
Read LP format model from file /tmp/tmpq48a2_5z.lp
Reading time = 0.00 seconds
: 391 rows, 756 columns, 3150 nonzeros
Progress: 28.57%  -  improved fit identified (2)        Read LP format model from file /tmp/tmpkzhrk1tj.lp
Reading time = 0.01 seconds
: 1325 rows, 3176 columns, 13428 nonzeros
Read LP format model from file /tmp/tmp_kei14b8.lp
Reading time = 0.01 seconds
: 1325 rows, 3176 columns, 13428 nonzeros
Read LP format model from file /tmp/tmp6v7aoncz.lp
Reading time = 0.00 seconds
: 391 rows, 754 columns, 3142 nonzeros
Progress: 42.86%  -  improved fit identified (3)        Read LP format model from file /tmp/tmp4p11w6eq.lp
Reading time = 0.01 seconds
: 1325 rows, 3176 columns, 13428 nonzeros
Read LP format model from file /tmp/tmp5fegt8nu.lp
Reading time = 0.01 seconds
: 1325 rows, 3176 columns, 13428 nonzeros
Read LP format model from file /tmp/tmp1jrdj8bh.lp
Reading time = 0.00 seconds
: 391 rows, 754 columns, 3142 nonzeros
Progress: 57.14%  -  improved fit identified (4)        Read LP format model from file /tmp/tmp61qi0lky.lp
Reading time = 0.01 seconds
: 1325 rows, 3176 columns, 13428 nonzeros
Read LP format model from file /tmp/tmpv1a1scig.lp
Reading time = 0.01 seconds
: 1325 rows, 3176 columns, 13428 nonzeros
Read LP format model from file /tmp/tmpu1nik6aj.lp
Reading time = 0.00 seconds
: 386 rows, 744 columns, 3098 nonzeros
Progress: 71.43%  -  improved fit identified (5)        Read LP format model from file /tmp/tmp9k_6azg4.lp
Reading time = 0.01 seconds
: 1325 rows, 3176 columns, 13428 nonzeros
Read LP format model from file /tmp/tmpoxbey7r8.lp
Reading time = 0.01 seconds
: 1325 rows, 3176 columns, 13428 nonzeros
Read LP format model from file /tmp/tmpw53ui3og.lp
Reading time = 0.00 seconds
: 391 rows, 754 columns, 3142 nonzeros
Progress: 85.71%  -  improved fit identified (6)        Progress: 100%  -  improved fit identified (7)         

Context-specific metabolism fit with 0.075 of optimal objective flux

Reactions pruned to 377 from 1588 (76.26% change)
Metabolites pruned to 391 from 1325 (70.49% change)
Flux through the objective DECREASED to ~19.887 from ~159.611 (87.54% change)
Context-specific metabolism does not correlate with transcriptome (r=0.082, n.s.)

RIPTiDe completed in, 5 minutes and 51 seconds 

Saving results to /scratch/jmf7ak/persister/outputs/open/riptide_results_BIOMASS/untreated_5D_81017d_20250407_135328
Saving results to /scratch/jmf7ak/persister/outputs/open/riptide_results_BIOMASS/untreated_5D_81017d_20250407_135328
