Counts file : /scratch/jmf7ak/persister/counts_batchcorrected/treated_0A_83017d.csv
Output dir  : /scratch/jmf7ak/persister/outputs/ATP_open/treated_0A_83017d
Loading metabolic model...
Set parameter GURO_PAR_SPECIAL
Set parameter TokenServer to value "build"
Processing transcription data...
Running Riptide maxfit...
Running max fit RIPTiDe for objective fraction range: 0.1 to 0.9...
Analyzing context-specific subnetwork flux ranges...
Progress: 0%Read LP format model from file /tmp/tmpbxe5prg_.lp
Reading time = 0.01 seconds
: 1325 rows, 3178 columns, 13430 nonzeros
Read LP format model from file /tmp/tmpbxez7_3h.lp
Reading time = 0.01 seconds
: 1325 rows, 3178 columns, 13430 nonzeros
Read LP format model from file /tmp/tmpq6nfk0ej.lp
Reading time = 0.00 seconds
: 23 rows, 36 columns, 136 nonzeros
Progress: 10.0%  -  improved fit identified (1)        Read LP format model from file /tmp/tmp_w8ia3qo.lp
Reading time = 0.01 seconds
: 1325 rows, 3178 columns, 13430 nonzeros
Read LP format model from file /tmp/tmp1b87ckm5.lp
Reading time = 0.02 seconds
: 1325 rows, 3178 columns, 13430 nonzeros
Read LP format model from file /tmp/tmpi1abnof7.lp
Reading time = 0.00 seconds
: 23 rows, 36 columns, 136 nonzeros
Progress: 20.0%  -  improved fit identified (2)        Read LP format model from file /tmp/tmp4g3q758g.lp
Reading time = 0.01 seconds
: 1325 rows, 3178 columns, 13430 nonzeros
Read LP format model from file /tmp/tmpfnm1ofeg.lp
Reading time = 0.01 seconds
: 1325 rows, 3178 columns, 13430 nonzeros
Read LP format model from file /tmp/tmpo9w5v3ra.lp
Reading time = 0.01 seconds
: 23 rows, 36 columns, 136 nonzeros
Progress: 30.0%  -  improved fit identified (3)        Read LP format model from file /tmp/tmp6s2k6xpa.lp
Reading time = 0.01 seconds
: 1325 rows, 3178 columns, 13430 nonzeros
Read LP format model from file /tmp/tmplqsk1xxl.lp
Reading time = 0.02 seconds
: 1325 rows, 3178 columns, 13430 nonzeros
Read LP format model from file /tmp/tmp8hbf606o.lp
Reading time = 0.01 seconds
: 23 rows, 36 columns, 136 nonzeros
Progress: 40.0%  -  improved fit identified (4)        Read LP format model from file /tmp/tmpskf2ayw1.lp
Reading time = 0.01 seconds
: 1325 rows, 3178 columns, 13430 nonzeros
Read LP format model from file /tmp/tmpwdper1h8.lp
Reading time = 0.01 seconds
: 1325 rows, 3178 columns, 13430 nonzeros
Read LP format model from file /tmp/tmp3uehur1v.lp
Reading time = 0.00 seconds
: 24 rows, 46 columns, 158 nonzeros
Progress: 50.0%  -  improved fit identified (5)        Read LP format model from file /tmp/tmpllkg44a4.lp
Reading time = 0.01 seconds
: 1325 rows, 3178 columns, 13430 nonzeros
Read LP format model from file /tmp/tmptve0u1sl.lp
Reading time = 0.01 seconds
: 1325 rows, 3178 columns, 13430 nonzeros
Read LP format model from file /tmp/tmpjwh3orvc.lp
Reading time = 0.00 seconds
: 42 rows, 84 columns, 290 nonzeros
Progress: 60.0%  -  improved fit identified (6)        Read LP format model from file /tmp/tmpa2e_ibh9.lp
Reading time = 0.01 seconds
: 1325 rows, 3178 columns, 13430 nonzeros
Read LP format model from file /tmp/tmpzsbkcz3n.lp
Reading time = 0.01 seconds
: 1325 rows, 3178 columns, 13430 nonzeros
Read LP format model from file /tmp/tmp82j1an6g.lp
Reading time = 0.00 seconds
: 43 rows, 86 columns, 304 nonzeros
Progress: 70.0%  -  improved fit identified (7)        Read LP format model from file /tmp/tmpo9x008vm.lp
Reading time = 0.01 seconds
: 1325 rows, 3178 columns, 13430 nonzeros
Read LP format model from file /tmp/tmpcc72g9lb.lp
Reading time = 0.01 seconds
: 1325 rows, 3178 columns, 13430 nonzeros
Read LP format model from file /tmp/tmp6j3meoqs.lp
Reading time = 0.00 seconds
: 48 rows, 94 columns, 340 nonzeros
Progress: 80.0%  -  improved fit identified (8)        Read LP format model from file /tmp/tmplj0dw300.lp
Reading time = 0.02 seconds
: 1325 rows, 3178 columns, 13430 nonzeros
Read LP format model from file /tmp/tmpe7dr7owg.lp
Reading time = 0.01 seconds
: 1325 rows, 3178 columns, 13430 nonzeros
Read LP format model from file /tmp/tmp0vcshoxb.lp
Reading time = 0.01 seconds
: 50 rows, 100 columns, 352 nonzeros
Progress: 90.0%  -  improved fit identified (9)        Progress: 100%  -  improved fit identified (10)         

Testing local objective fractions to 0.5...
Progress: 0%Read LP format model from file /tmp/tmpk7fdpb4x.lp
Reading time = 0.01 seconds
: 1325 rows, 3178 columns, 13430 nonzeros
Read LP format model from file /tmp/tmpus_5m658.lp
Reading time = 0.01 seconds
: 1325 rows, 3178 columns, 13430 nonzeros
Read LP format model from file /tmp/tmp1n32lme1.lp
Reading time = 0.00 seconds
: 23 rows, 36 columns, 136 nonzeros
Progress: 14.29%  -  improved fit identified (1)        Read LP format model from file /tmp/tmpxq0bg6ke.lp
Reading time = 0.02 seconds
: 1325 rows, 3178 columns, 13430 nonzeros
Read LP format model from file /tmp/tmpwhe0jx_c.lp
Reading time = 0.01 seconds
: 1325 rows, 3178 columns, 13430 nonzeros
Read LP format model from file /tmp/tmpceii2ise.lp
Reading time = 0.00 seconds
: 24 rows, 46 columns, 158 nonzeros
Progress: 28.57%  -  improved fit identified (2)        Read LP format model from file /tmp/tmpj1878u00.lp
Reading time = 0.01 seconds
: 1325 rows, 3178 columns, 13430 nonzeros
Read LP format model from file /tmp/tmppb464a6n.lp
Reading time = 0.01 seconds
: 1325 rows, 3178 columns, 13430 nonzeros
Read LP format model from file /tmp/tmp6alr86gs.lp
Reading time = 0.00 seconds
: 23 rows, 36 columns, 136 nonzeros
Progress: 42.86%  -  improved fit identified (3)        Read LP format model from file /tmp/tmpvfab5e2q.lp
Reading time = 0.01 seconds
: 1325 rows, 3178 columns, 13430 nonzeros
Read LP format model from file /tmp/tmp_8sm1ek9.lp
Reading time = 0.01 seconds
: 1325 rows, 3178 columns, 13430 nonzeros
Read LP format model from file /tmp/tmp9borc6mj.lp
Reading time = 0.00 seconds
: 23 rows, 36 columns, 136 nonzeros
Progress: 57.14%  -  improved fit identified (4)        Read LP format model from file /tmp/tmpular9rcg.lp
Reading time = 0.01 seconds
: 1325 rows, 3178 columns, 13430 nonzeros
Read LP format model from file /tmp/tmpccm675kb.lp
Reading time = 0.02 seconds
: 1325 rows, 3178 columns, 13430 nonzeros
Read LP format model from file /tmp/tmp5nd3sr70.lp
Reading time = 0.00 seconds
: 24 rows, 46 columns, 158 nonzeros
Progress: 71.43%  -  improved fit identified (5)        Read LP format model from file /tmp/tmpt84c6clv.lp
Reading time = 0.02 seconds
: 1325 rows, 3178 columns, 13430 nonzeros
Read LP format model from file /tmp/tmp0rojey74.lp
Reading time = 0.01 seconds
: 1325 rows, 3178 columns, 13430 nonzeros
Read LP format model from file /tmp/tmp1mocj2on.lp
Reading time = 0.00 seconds
: 24 rows, 46 columns, 158 nonzeros
Progress: 85.71%  -  improved fit identified (6)        Progress: 100%  -  improved fit identified (7)         

Context-specific metabolism fit with 0.5 of optimal objective flux

Reactions pruned to 23 from 1589 (98.55% change)
Metabolites pruned to 24 from 1325 (98.19% change)
Flux through the objective DECREASED to ~398.1809 from ~683.4643 (41.74% change)
Context-specific metabolism does not correlate with transcriptome (r=0.147, n.s.)

RIPTiDe completed in, 2 minutes and 19 seconds 

Saving results to /scratch/jmf7ak/persister/outputs/ATP_open/riptide_results_ATP/treated_0A_83017d_20250407_135259
Saving results to /scratch/jmf7ak/persister/outputs/ATP_open/riptide_results_ATP/treated_0A_83017d_20250407_135259
