Counts file : /scratch/jmf7ak/persister/counts_batchcorrected/untreated_0A_83017d.csv
Output dir  : /scratch/jmf7ak/persister/outputs/ATP_open/untreated_0A_83017d
Loading metabolic model...
Set parameter GURO_PAR_SPECIAL
Set parameter TokenServer to value "build"
Processing transcription data...
Running Riptide maxfit...
Running max fit RIPTiDe for objective fraction range: 0.1 to 0.9...
Analyzing context-specific subnetwork flux ranges...
Progress: 0%Read LP format model from file /tmp/tmp8tfm1ekz.lp
Reading time = 0.01 seconds
: 1325 rows, 3178 columns, 13430 nonzeros
Read LP format model from file /tmp/tmp5wzq9w4a.lp
Reading time = 0.01 seconds
: 1325 rows, 3178 columns, 13430 nonzeros
Read LP format model from file /tmp/tmpqjv2vgm4.lp
Reading time = 0.00 seconds
: 21 rows, 36 columns, 140 nonzeros
Progress: 10.0%Read LP format model from file /tmp/tmp53cz6ft6.lp
Reading time = 0.01 seconds
: 1325 rows, 3178 columns, 13430 nonzeros
Read LP format model from file /tmp/tmp32g664qd.lp
Reading time = 0.01 seconds
: 1325 rows, 3178 columns, 13430 nonzeros
Read LP format model from file /tmp/tmpjxpysefk.lp
Reading time = 0.00 seconds
: 21 rows, 36 columns, 140 nonzeros
Progress: 20.0% Read LP format model from file /tmp/tmpqg_29uj8.lp
Reading time = 0.01 seconds
: 1325 rows, 3178 columns, 13430 nonzeros
Read LP format model from file /tmp/tmp333c7yyu.lp
Reading time = 0.01 seconds
: 1325 rows, 3178 columns, 13430 nonzeros
Read LP format model from file /tmp/tmpayoi0f1n.lp
Reading time = 0.00 seconds
: 21 rows, 36 columns, 140 nonzeros
Progress: 30.0% Read LP format model from file /tmp/tmp6tu7aip8.lp
Reading time = 0.01 seconds
: 1325 rows, 3178 columns, 13430 nonzeros
Read LP format model from file /tmp/tmp2c9cmo1f.lp
Reading time = 0.01 seconds
: 1325 rows, 3178 columns, 13430 nonzeros
Read LP format model from file /tmp/tmpazdvei0z.lp
Reading time = 0.00 seconds
: 21 rows, 36 columns, 140 nonzeros
Progress: 40.0% Read LP format model from file /tmp/tmp_30tqxc0.lp
Reading time = 0.01 seconds
: 1325 rows, 3178 columns, 13430 nonzeros
Read LP format model from file /tmp/tmpa0jol1ga.lp
Reading time = 0.01 seconds
: 1325 rows, 3178 columns, 13430 nonzeros
Read LP format model from file /tmp/tmpm724fk8e.lp
Reading time = 0.00 seconds
: 22 rows, 44 columns, 150 nonzeros
Progress: 50.0%  -  fit identified                     Read LP format model from file /tmp/tmppm_19ko4.lp
Reading time = 0.01 seconds
: 1325 rows, 3178 columns, 13430 nonzeros
Read LP format model from file /tmp/tmpns54soqq.lp
Reading time = 0.01 seconds
: 1325 rows, 3178 columns, 13430 nonzeros
Read LP format model from file /tmp/tmpbaemcysh.lp
Reading time = 0.00 seconds
: 43 rows, 84 columns, 298 nonzeros
Progress: 60.0%  -  improved fit identified (2)        Read LP format model from file /tmp/tmpbw5dw35b.lp
Reading time = 0.03 seconds
: 1325 rows, 3178 columns, 13430 nonzeros
Read LP format model from file /tmp/tmpj4jr581s.lp
Reading time = 0.01 seconds
: 1325 rows, 3178 columns, 13430 nonzeros
Read LP format model from file /tmp/tmpk3zxigsq.lp
Reading time = 0.00 seconds
: 43 rows, 84 columns, 298 nonzeros
Progress: 70.0%  -  improved fit identified (3)        Read LP format model from file /tmp/tmp2oxrivk7.lp
Reading time = 0.01 seconds
: 1325 rows, 3178 columns, 13430 nonzeros
Read LP format model from file /tmp/tmpll40jucl.lp
Reading time = 0.01 seconds
: 1325 rows, 3178 columns, 13430 nonzeros
Read LP format model from file /tmp/tmpmthkt41_.lp
Reading time = 0.01 seconds
: 44 rows, 84 columns, 304 nonzeros
Progress: 80.0%  -  improved fit identified (4)        Read LP format model from file /tmp/tmpunxue5lj.lp
Reading time = 0.01 seconds
: 1325 rows, 3178 columns, 13430 nonzeros
Read LP format model from file /tmp/tmpdix67lbq.lp
Reading time = 0.01 seconds
: 1325 rows, 3178 columns, 13430 nonzeros
Read LP format model from file /tmp/tmpvbfs9gdu.lp
Reading time = 0.00 seconds
: 47 rows, 88 columns, 316 nonzeros
Progress: 90.0%  -  improved fit identified (5)        Progress: 100%  -  improved fit identified (6)         

Testing local objective fractions to 0.5...
Progress: 0%Read LP format model from file /tmp/tmpw73di_m_.lp
Reading time = 0.01 seconds
: 1325 rows, 3178 columns, 13430 nonzeros
Read LP format model from file /tmp/tmpqny720xm.lp
Reading time = 0.01 seconds
: 1325 rows, 3178 columns, 13430 nonzeros
Read LP format model from file /tmp/tmpgc4t8qqh.lp
Reading time = 0.00 seconds
: 21 rows, 36 columns, 140 nonzeros
Progress: 14.29%Read LP format model from file /tmp/tmplfn05haj.lp
Reading time = 0.01 seconds
: 1325 rows, 3178 columns, 13430 nonzeros
Read LP format model from file /tmp/tmptual7ory.lp
Reading time = 0.01 seconds
: 1325 rows, 3178 columns, 13430 nonzeros
Read LP format model from file /tmp/tmp9ozfk6d1.lp
Reading time = 0.00 seconds
: 22 rows, 44 columns, 150 nonzeros
Progress: 28.57%  -  improved fit identified (1)        Read LP format model from file /tmp/tmp6rqb79qq.lp
Reading time = 0.01 seconds
: 1325 rows, 3178 columns, 13430 nonzeros
Read LP format model from file /tmp/tmp4jvlz0x7.lp
Reading time = 0.01 seconds
: 1325 rows, 3178 columns, 13430 nonzeros
Read LP format model from file /tmp/tmpusmbttj3.lp
Reading time = 0.00 seconds
: 21 rows, 36 columns, 140 nonzeros
Progress: 42.86%  -  improved fit identified (2)        Read LP format model from file /tmp/tmprq9gmzpu.lp
Reading time = 0.01 seconds
: 1325 rows, 3178 columns, 13430 nonzeros
Read LP format model from file /tmp/tmpm5icsuya.lp
Reading time = 0.01 seconds
: 1325 rows, 3178 columns, 13430 nonzeros
Read LP format model from file /tmp/tmpdoivpj1r.lp
Reading time = 0.01 seconds
: 21 rows, 36 columns, 140 nonzeros
Progress: 57.14%  -  improved fit identified (3)        Read LP format model from file /tmp/tmpnz_nrra3.lp
Reading time = 0.01 seconds
: 1325 rows, 3178 columns, 13430 nonzeros
Read LP format model from file /tmp/tmpi5blhqe9.lp
Reading time = 0.01 seconds
: 1325 rows, 3178 columns, 13430 nonzeros
Read LP format model from file /tmp/tmp00rixh9g.lp
Reading time = 0.00 seconds
: 22 rows, 44 columns, 150 nonzeros
Progress: 71.43%  -  improved fit identified (4)        Read LP format model from file /tmp/tmpi6k00gbv.lp
Reading time = 0.01 seconds
: 1325 rows, 3178 columns, 13430 nonzeros
Read LP format model from file /tmp/tmprhulmvwa.lp
Reading time = 0.01 seconds
: 1325 rows, 3178 columns, 13430 nonzeros
Read LP format model from file /tmp/tmp6nu8wg8c.lp
Reading time = 0.00 seconds
: 22 rows, 44 columns, 150 nonzeros
Progress: 85.71%  -  improved fit identified (5)        Progress: 100%  -  improved fit identified (6)         

Context-specific metabolism fit with 0.5 of optimal objective flux

Reactions pruned to 22 from 1589 (98.62% change)
Metabolites pruned to 22 from 1325 (98.34% change)
Flux through the objective DECREASED to ~397.9496 from ~683.4643 (41.77% change)
Context-specific metabolism does not correlate with transcriptome (r=0.043, n.s.)

RIPTiDe completed in, 2 minutes and 7 seconds 

Saving results to /scratch/jmf7ak/persister/outputs/ATP_open/riptide_results_ATP/untreated_0A_83017d_20250407_135258
Saving results to /scratch/jmf7ak/persister/outputs/ATP_open/riptide_results_ATP/untreated_0A_83017d_20250407_135258
