Counts file : /scratch/jmf7ak/persister/counts_batchcorrected/untreated_5B_81017d.csv
Output dir  : /scratch/jmf7ak/persister/outputs/ATP_open/untreated_5B_81017d
Loading metabolic model...
Set parameter GURO_PAR_SPECIAL
Set parameter TokenServer to value "build"
Processing transcription data...
Running Riptide maxfit...
Running max fit RIPTiDe for objective fraction range: 0.1 to 0.9...
Analyzing context-specific subnetwork flux ranges...
Progress: 0%Read LP format model from file /tmp/tmp75do_17z.lp
Reading time = 0.01 seconds
: 1325 rows, 3178 columns, 13430 nonzeros
Read LP format model from file /tmp/tmppb6hw7tb.lp
Reading time = 0.01 seconds
: 1325 rows, 3178 columns, 13430 nonzeros
Read LP format model from file /tmp/tmp85cmvrm5.lp
Reading time = 0.00 seconds
: 21 rows, 36 columns, 128 nonzeros
Progress: 10.0%  -  improved fit identified (1)        Read LP format model from file /tmp/tmpeqti8mbb.lp
Reading time = 0.01 seconds
: 1325 rows, 3178 columns, 13430 nonzeros
Read LP format model from file /tmp/tmp204azyke.lp
Reading time = 0.01 seconds
: 1325 rows, 3178 columns, 13430 nonzeros
Read LP format model from file /tmp/tmpnuyfq4q2.lp
Reading time = 0.00 seconds
: 21 rows, 36 columns, 128 nonzeros
Progress: 20.0%  -  improved fit identified (2)        Read LP format model from file /tmp/tmptl_3ckg5.lp
Reading time = 0.01 seconds
: 1325 rows, 3178 columns, 13430 nonzeros
Read LP format model from file /tmp/tmp1_vok7ic.lp
Reading time = 0.01 seconds
: 1325 rows, 3178 columns, 13430 nonzeros
Read LP format model from file /tmp/tmp345tb_2x.lp
Reading time = 0.00 seconds
: 21 rows, 36 columns, 128 nonzeros
Progress: 30.0%  -  improved fit identified (3)        Read LP format model from file /tmp/tmp3s_dyn_8.lp
Reading time = 0.01 seconds
: 1325 rows, 3178 columns, 13430 nonzeros
Read LP format model from file /tmp/tmp7sa28bsn.lp
Reading time = 0.01 seconds
: 1325 rows, 3178 columns, 13430 nonzeros
Read LP format model from file /tmp/tmpsn3h6l3l.lp
Reading time = 0.00 seconds
: 25 rows, 40 columns, 148 nonzeros
Progress: 40.0%  -  improved fit identified (4)        Read LP format model from file /tmp/tmpswwhqnwu.lp
Reading time = 0.01 seconds
: 1325 rows, 3178 columns, 13430 nonzeros
Read LP format model from file /tmp/tmpamcdlzi1.lp
Reading time = 0.01 seconds
: 1325 rows, 3178 columns, 13430 nonzeros
Read LP format model from file /tmp/tmpoaan418i.lp
Reading time = 0.00 seconds
: 27 rows, 50 columns, 176 nonzeros
Progress: 50.0%  -  improved fit identified (5)        Read LP format model from file /tmp/tmph9o5p6qk.lp
Reading time = 0.01 seconds
: 1325 rows, 3178 columns, 13430 nonzeros
Read LP format model from file /tmp/tmp79dt_5z4.lp
Reading time = 0.01 seconds
: 1325 rows, 3178 columns, 13430 nonzeros
Read LP format model from file /tmp/tmp3omg_dbv.lp
Reading time = 0.00 seconds
: 56 rows, 110 columns, 382 nonzeros
Progress: 60.0%  -  improved fit identified (6)        Read LP format model from file /tmp/tmponlop38n.lp
Reading time = 0.01 seconds
: 1325 rows, 3178 columns, 13430 nonzeros
Read LP format model from file /tmp/tmp23lfnjwb.lp
Reading time = 0.01 seconds
: 1325 rows, 3178 columns, 13430 nonzeros
Read LP format model from file /tmp/tmp5zbzi63f.lp
Reading time = 0.00 seconds
: 57 rows, 110 columns, 390 nonzeros
Progress: 70.0%  -  improved fit identified (7)        Read LP format model from file /tmp/tmpnw58vepg.lp
Reading time = 0.01 seconds
: 1325 rows, 3178 columns, 13430 nonzeros
Read LP format model from file /tmp/tmpu7662boq.lp
Reading time = 0.01 seconds
: 1325 rows, 3178 columns, 13430 nonzeros
Read LP format model from file /tmp/tmp112eqm9m.lp
Reading time = 0.00 seconds
: 68 rows, 132 columns, 488 nonzeros
Progress: 80.0%  -  improved fit identified (8)        Read LP format model from file /tmp/tmp6hw066kw.lp
Reading time = 0.01 seconds
: 1325 rows, 3178 columns, 13430 nonzeros
Read LP format model from file /tmp/tmpnd6ya43t.lp
Reading time = 0.01 seconds
: 1325 rows, 3178 columns, 13430 nonzeros
Read LP format model from file /tmp/tmpb9rwf7t8.lp
Reading time = 0.00 seconds
: 65 rows, 124 columns, 464 nonzeros
Progress: 90.0%  -  improved fit identified (9)        Progress: 100%  -  improved fit identified (10)         

Testing local objective fractions to 0.2...
Progress: 0%Read LP format model from file /tmp/tmpowo5jl5_.lp
Reading time = 0.01 seconds
: 1325 rows, 3178 columns, 13430 nonzeros
Read LP format model from file /tmp/tmpufrtgqok.lp
Reading time = 0.01 seconds
: 1325 rows, 3178 columns, 13430 nonzeros
Read LP format model from file /tmp/tmpw_h5et7i.lp
Reading time = 0.00 seconds
: 21 rows, 36 columns, 128 nonzeros
Progress: 14.29%  -  improved fit identified (1)        Read LP format model from file /tmp/tmptxqdjqlu.lp
Reading time = 0.01 seconds
: 1325 rows, 3178 columns, 13430 nonzeros
Read LP format model from file /tmp/tmpaxsqc1uf.lp
Reading time = 0.01 seconds
: 1325 rows, 3178 columns, 13430 nonzeros
Read LP format model from file /tmp/tmpakn4rwec.lp
Reading time = 0.00 seconds
: 21 rows, 36 columns, 128 nonzeros
Progress: 28.57%  -  improved fit identified (2)        Read LP format model from file /tmp/tmpsuqoqi6n.lp
Reading time = 0.01 seconds
: 1325 rows, 3178 columns, 13430 nonzeros
Read LP format model from file /tmp/tmpsbvfiz4e.lp
Reading time = 0.01 seconds
: 1325 rows, 3178 columns, 13430 nonzeros
Read LP format model from file /tmp/tmptoy7kf03.lp
Reading time = 0.00 seconds
: 21 rows, 36 columns, 128 nonzeros
Progress: 42.86%  -  improved fit identified (3)        Read LP format model from file /tmp/tmp_zxyq5fq.lp
Reading time = 0.01 seconds
: 1325 rows, 3178 columns, 13430 nonzeros
Read LP format model from file /tmp/tmp1am1p7by.lp
Reading time = 0.01 seconds
: 1325 rows, 3178 columns, 13430 nonzeros
Read LP format model from file /tmp/tmp82rwjsto.lp
Reading time = 0.00 seconds
: 21 rows, 36 columns, 128 nonzeros
Progress: 57.14%  -  improved fit identified (4)        Read LP format model from file /tmp/tmppyr5oifw.lp
Reading time = 0.01 seconds
: 1325 rows, 3178 columns, 13430 nonzeros
Read LP format model from file /tmp/tmphp8gnbx7.lp
Reading time = 0.01 seconds
: 1325 rows, 3178 columns, 13430 nonzeros
Read LP format model from file /tmp/tmprcc7jvl8.lp
Reading time = 0.00 seconds
: 21 rows, 36 columns, 128 nonzeros
Progress: 71.43%  -  improved fit identified (5)        Read LP format model from file /tmp/tmpw6l8zs5r.lp
Reading time = 0.01 seconds
: 1325 rows, 3178 columns, 13430 nonzeros
Read LP format model from file /tmp/tmps_lmkr2c.lp
Reading time = 0.01 seconds
: 1325 rows, 3178 columns, 13430 nonzeros
Read LP format model from file /tmp/tmpwbb64zb5.lp
Reading time = 0.00 seconds
: 21 rows, 36 columns, 128 nonzeros
Progress: 85.71%  -  improved fit identified (6)        Progress: 100%  -  improved fit identified (7)         

Context-specific metabolism fit with 0.2 of optimal objective flux

Reactions pruned to 18 from 1589 (98.87% change)
Metabolites pruned to 21 from 1325 (98.42% change)
Flux through the objective DECREASED to ~249.8047 from ~683.4643 (63.45% change)
Context-specific metabolism does not correlate with transcriptome (r=0.28, n.s.)

RIPTiDe completed in, 2 minutes and 10 seconds 

Saving results to /scratch/jmf7ak/persister/outputs/ATP_open/riptide_results_ATP/untreated_5B_81017d_20250407_135259
Saving results to /scratch/jmf7ak/persister/outputs/ATP_open/riptide_results_ATP/untreated_5B_81017d_20250407_135259
