Counts file : /scratch/jmf7ak/persister/counts_batchcorrected/treated_24C_81017d.csv
Output dir  : /scratch/jmf7ak/persister/outputs/ATP_open/treated_24C_81017d
Loading metabolic model...
Set parameter GURO_PAR_SPECIAL
Set parameter TokenServer to value "build"
Processing transcription data...
Running Riptide maxfit...
Running max fit RIPTiDe for objective fraction range: 0.1 to 0.9...
Analyzing context-specific subnetwork flux ranges...
Progress: 0%Read LP format model from file /tmp/tmpomo4hxj6.lp
Reading time = 0.01 seconds
: 1325 rows, 3178 columns, 13430 nonzeros
Read LP format model from file /tmp/tmp8ru40gza.lp
Reading time = 0.01 seconds
: 1325 rows, 3178 columns, 13430 nonzeros
Read LP format model from file /tmp/tmphk3r1gun.lp
Reading time = 0.00 seconds
: 38 rows, 66 columns, 214 nonzeros
Progress: 10.0%Read LP format model from file /tmp/tmptmup6k0e.lp
Reading time = 0.01 seconds
: 1325 rows, 3178 columns, 13430 nonzeros
Read LP format model from file /tmp/tmp73j33njh.lp
Reading time = 0.01 seconds
: 1325 rows, 3178 columns, 13430 nonzeros
Read LP format model from file /tmp/tmpzqj6ujkc.lp
Reading time = 0.00 seconds
: 38 rows, 66 columns, 214 nonzeros
Progress: 20.0% Read LP format model from file /tmp/tmpmzvovqb2.lp
Reading time = 0.01 seconds
: 1325 rows, 3178 columns, 13430 nonzeros
Read LP format model from file /tmp/tmpn_5u9it6.lp
Reading time = 0.01 seconds
: 1325 rows, 3178 columns, 13430 nonzeros
Read LP format model from file /tmp/tmpbi89cfs3.lp
Reading time = 0.00 seconds
: 38 rows, 66 columns, 214 nonzeros
Progress: 30.0% Read LP format model from file /tmp/tmpxcap2sq8.lp
Reading time = 0.01 seconds
: 1325 rows, 3178 columns, 13430 nonzeros
Read LP format model from file /tmp/tmpgwbv_wb_.lp
Reading time = 0.01 seconds
: 1325 rows, 3178 columns, 13430 nonzeros
Read LP format model from file /tmp/tmp7rqjmpm3.lp
Reading time = 0.00 seconds
: 38 rows, 66 columns, 214 nonzeros
Progress: 40.0% Read LP format model from file /tmp/tmps7dx2lq9.lp
Reading time = 0.01 seconds
: 1325 rows, 3178 columns, 13430 nonzeros
Read LP format model from file /tmp/tmpty947abl.lp
Reading time = 0.01 seconds
: 1325 rows, 3178 columns, 13430 nonzeros
Read LP format model from file /tmp/tmp_lb96ol9.lp
Reading time = 0.00 seconds
: 38 rows, 68 columns, 228 nonzeros
Progress: 50.0% Read LP format model from file /tmp/tmp0s11ohn5.lp
Reading time = 0.01 seconds
: 1325 rows, 3178 columns, 13430 nonzeros
Read LP format model from file /tmp/tmpr2qnl_ee.lp
Reading time = 0.01 seconds
: 1325 rows, 3178 columns, 13430 nonzeros
Read LP format model from file /tmp/tmpeue3fdlz.lp
Reading time = 0.00 seconds
: 49 rows, 92 columns, 324 nonzeros
Progress: 60.0% Read LP format model from file /tmp/tmpn5z4fszn.lp
Reading time = 0.01 seconds
: 1325 rows, 3178 columns, 13430 nonzeros
Read LP format model from file /tmp/tmph7mvb9qq.lp
Reading time = 0.01 seconds
: 1325 rows, 3178 columns, 13430 nonzeros
Read LP format model from file /tmp/tmpjdhw7aj3.lp
Reading time = 0.00 seconds
: 67 rows, 128 columns, 472 nonzeros
Progress: 70.0% Read LP format model from file /tmp/tmp8pyw9z3r.lp
Reading time = 0.01 seconds
: 1325 rows, 3178 columns, 13430 nonzeros
Read LP format model from file /tmp/tmptm_g0487.lp
Reading time = 0.01 seconds
: 1325 rows, 3178 columns, 13430 nonzeros
Read LP format model from file /tmp/tmp28kvzdkq.lp
Reading time = 0.00 seconds
: 66 rows, 126 columns, 478 nonzeros
Progress: 80.0% Read LP format model from file /tmp/tmp1z_nsx3_.lp
Reading time = 0.01 seconds
: 1325 rows, 3178 columns, 13430 nonzeros
Read LP format model from file /tmp/tmpn3txm6l6.lp
Reading time = 0.01 seconds
: 1325 rows, 3178 columns, 13430 nonzeros
Read LP format model from file /tmp/tmp3vvr7cnn.lp
Reading time = 0.00 seconds
: 61 rows, 118 columns, 426 nonzeros
Progress: 90.0% Progress: 100%        

Testing local objective fractions to 0.1...
Progress: 0%Read LP format model from file /tmp/tmpsq5botur.lp
Reading time = 0.01 seconds
: 1325 rows, 3178 columns, 13430 nonzeros
Read LP format model from file /tmp/tmp8rjttlfn.lp
Reading time = 0.01 seconds
: 1325 rows, 3178 columns, 13430 nonzeros
Read LP format model from file /tmp/tmpm_dsr03j.lp
Reading time = 0.00 seconds
: 38 rows, 66 columns, 214 nonzeros
Progress: 14.29%Read LP format model from file /tmp/tmpwj6nc3gt.lp
Reading time = 0.01 seconds
: 1325 rows, 3178 columns, 13430 nonzeros
Read LP format model from file /tmp/tmpsjmhx11l.lp
Reading time = 0.01 seconds
: 1325 rows, 3178 columns, 13430 nonzeros
Read LP format model from file /tmp/tmppc6jxwm8.lp
Reading time = 0.00 seconds
: 38 rows, 66 columns, 214 nonzeros
Progress: 28.57% Read LP format model from file /tmp/tmpobu_2zml.lp
Reading time = 0.01 seconds
: 1325 rows, 3178 columns, 13430 nonzeros
Read LP format model from file /tmp/tmpw6bed7kp.lp
Reading time = 0.01 seconds
: 1325 rows, 3178 columns, 13430 nonzeros
Read LP format model from file /tmp/tmpefb9rto5.lp
Reading time = 0.00 seconds
: 38 rows, 66 columns, 214 nonzeros
Progress: 42.86% Read LP format model from file /tmp/tmptgj5g6sv.lp
Reading time = 0.01 seconds
: 1325 rows, 3178 columns, 13430 nonzeros
Read LP format model from file /tmp/tmp71724251.lp
Reading time = 0.01 seconds
: 1325 rows, 3178 columns, 13430 nonzeros
Read LP format model from file /tmp/tmpeion31bg.lp
Reading time = 0.00 seconds
: 38 rows, 66 columns, 214 nonzeros
Progress: 57.14% Read LP format model from file /tmp/tmpg2viqpc6.lp
Reading time = 0.01 seconds
: 1325 rows, 3178 columns, 13430 nonzeros
Read LP format model from file /tmp/tmp5psw7c4d.lp
Reading time = 0.01 seconds
: 1325 rows, 3178 columns, 13430 nonzeros
Read LP format model from file /tmp/tmpkf3u1iwn.lp
Reading time = 0.00 seconds
: 38 rows, 66 columns, 214 nonzeros
Progress: 71.43% Read LP format model from file /tmp/tmpvr7m43im.lp
Reading time = 0.01 seconds
: 1325 rows, 3178 columns, 13430 nonzeros
Read LP format model from file /tmp/tmpyuinw3vj.lp
Reading time = 0.01 seconds
: 1325 rows, 3178 columns, 13430 nonzeros
Read LP format model from file /tmp/tmphjm650vz.lp
Reading time = 0.00 seconds
: 38 rows, 66 columns, 214 nonzeros
Progress: 85.71% Progress: 100%        

Context-specific metabolism fit with 0.05 of optimal objective flux

Reactions pruned to 33 from 1589 (97.92% change)
Metabolites pruned to 38 from 1325 (97.13% change)
Flux through the objective DECREASED to ~333.0178 from ~683.4643 (51.28% change)
Context-specific metabolism does not correlate with transcriptome (r=-0.2, n.s.)

RIPTiDe completed in, 2 minutes and 25 seconds 

Saving results to /scratch/jmf7ak/persister/outputs/ATP_open/riptide_results_ATP/treated_24C_81017d_20250407_135258
Saving results to /scratch/jmf7ak/persister/outputs/ATP_open/riptide_results_ATP/treated_24C_81017d_20250407_135258
