Counts file : /scratch/jmf7ak/persister/counts_batchcorrected/untreated_5D_83017d.csv
Output dir  : /scratch/jmf7ak/persister/outputs/open/untreated_5D_83017d
Loading metabolic model...
Set parameter GURO_PAR_SPECIAL
Set parameter TokenServer to value "build"
Processing transcription data...
Running Riptide maxfit...
Running max fit RIPTiDe for objective fraction range: 0.1 to 0.9...
Analyzing context-specific subnetwork flux ranges...
Progress: 0%Read LP format model from file /tmp/tmpk6i9d1r7.lp
Reading time = 0.01 seconds
: 1325 rows, 3176 columns, 13428 nonzeros
Read LP format model from file /tmp/tmp0tm_ik0z.lp
Reading time = 0.01 seconds
: 1325 rows, 3176 columns, 13428 nonzeros
Read LP format model from file /tmp/tmpma0kp7uy.lp
Reading time = 0.00 seconds
: 376 rows, 724 columns, 3000 nonzeros
Progress: 10.0%  -  improved fit identified (1)        Read LP format model from file /tmp/tmpv419e6cp.lp
Reading time = 0.01 seconds
: 1325 rows, 3176 columns, 13428 nonzeros
Read LP format model from file /tmp/tmpkt80s3ax.lp
Reading time = 0.01 seconds
: 1325 rows, 3176 columns, 13428 nonzeros
Read LP format model from file /tmp/tmp_bpfz544.lp
Reading time = 0.00 seconds
: 384 rows, 740 columns, 3082 nonzeros
Progress: 20.0%  -  improved fit identified (2)        Read LP format model from file /tmp/tmp9w042zg7.lp
Reading time = 0.01 seconds
: 1325 rows, 3176 columns, 13428 nonzeros
Read LP format model from file /tmp/tmpxmgko9ig.lp
Reading time = 0.01 seconds
: 1325 rows, 3176 columns, 13428 nonzeros
Read LP format model from file /tmp/tmphtvx384f.lp
Reading time = 0.00 seconds
: 395 rows, 766 columns, 3196 nonzeros
Progress: 30.0%  -  improved fit identified (3)        Read LP format model from file /tmp/tmp9wvpf715.lp
Reading time = 0.01 seconds
: 1325 rows, 3176 columns, 13428 nonzeros
Read LP format model from file /tmp/tmpzj5b407s.lp
Reading time = 0.01 seconds
: 1325 rows, 3176 columns, 13428 nonzeros
Read LP format model from file /tmp/tmpo792u3i4.lp
Reading time = 0.00 seconds
: 398 rows, 774 columns, 3224 nonzeros
Progress: 40.0%  -  improved fit identified (4)        Read LP format model from file /tmp/tmpzl76opbg.lp
Reading time = 0.01 seconds
: 1325 rows, 3176 columns, 13428 nonzeros
Read LP format model from file /tmp/tmptbmfi3iw.lp
Reading time = 0.01 seconds
: 1325 rows, 3176 columns, 13428 nonzeros
Read LP format model from file /tmp/tmpttzanqbk.lp
Reading time = 0.00 seconds
: 417 rows, 824 columns, 3400 nonzeros
Progress: 50.0%  -  improved fit identified (5)        Read LP format model from file /tmp/tmphvnj7tsn.lp
Reading time = 0.01 seconds
: 1325 rows, 3176 columns, 13428 nonzeros
Read LP format model from file /tmp/tmpwmh8ftlo.lp
Reading time = 0.01 seconds
: 1325 rows, 3176 columns, 13428 nonzeros
Read LP format model from file /tmp/tmpzx33hxdz.lp
Reading time = 0.00 seconds
: 426 rows, 846 columns, 3504 nonzeros
Progress: 60.0%  -  improved fit identified (6)        Read LP format model from file /tmp/tmpmy5227s2.lp
Reading time = 0.01 seconds
: 1325 rows, 3176 columns, 13428 nonzeros
Read LP format model from file /tmp/tmpl4548hxt.lp
Reading time = 0.01 seconds
: 1325 rows, 3176 columns, 13428 nonzeros
Read LP format model from file /tmp/tmpfzalfyri.lp
Reading time = 0.00 seconds
: 424 rows, 840 columns, 3444 nonzeros
Progress: 70.0%  -  improved fit identified (7)        Read LP format model from file /tmp/tmp_hu69_bc.lp
Reading time = 0.01 seconds
: 1325 rows, 3176 columns, 13428 nonzeros
Read LP format model from file /tmp/tmp4l76lc8s.lp
Reading time = 0.01 seconds
: 1325 rows, 3176 columns, 13428 nonzeros
Read LP format model from file /tmp/tmpm9nbvl5h.lp
Reading time = 0.00 seconds
: 434 rows, 870 columns, 3540 nonzeros
Progress: 80.0%  -  improved fit identified (8)        Read LP format model from file /tmp/tmp7suuovwe.lp
Reading time = 0.01 seconds
: 1325 rows, 3176 columns, 13428 nonzeros
Read LP format model from file /tmp/tmpye2i8uv1.lp
Reading time = 0.01 seconds
: 1325 rows, 3176 columns, 13428 nonzeros
Read LP format model from file /tmp/tmpgmzuxhd4.lp
Reading time = 0.00 seconds
: 443 rows, 902 columns, 3630 nonzeros
Progress: 90.0%  -  improved fit identified (9)        Progress: 100%  -  improved fit identified (10)         

Testing local objective fractions to 0.4...
Progress: 0%Read LP format model from file /tmp/tmpmaqrv4zw.lp
Reading time = 0.01 seconds
: 1325 rows, 3176 columns, 13428 nonzeros
Read LP format model from file /tmp/tmpj7klm50j.lp
Reading time = 0.01 seconds
: 1325 rows, 3176 columns, 13428 nonzeros
Read LP format model from file /tmp/tmpipqfamz0.lp
Reading time = 0.00 seconds
: 398 rows, 774 columns, 3220 nonzeros
Progress: 14.29%  -  improved fit identified (1)        Read LP format model from file /tmp/tmp1kr4sz2f.lp
Reading time = 0.01 seconds
: 1325 rows, 3176 columns, 13428 nonzeros
Read LP format model from file /tmp/tmphn4ulus9.lp
Reading time = 0.01 seconds
: 1325 rows, 3176 columns, 13428 nonzeros
Read LP format model from file /tmp/tmpdlc3p4ys.lp
Reading time = 0.00 seconds
: 396 rows, 770 columns, 3212 nonzeros
Progress: 28.57%  -  improved fit identified (2)        Read LP format model from file /tmp/tmpb5xjbbmv.lp
Reading time = 0.01 seconds
: 1325 rows, 3176 columns, 13428 nonzeros
Read LP format model from file /tmp/tmp1qrr1r0x.lp
Reading time = 0.01 seconds
: 1325 rows, 3176 columns, 13428 nonzeros
Read LP format model from file /tmp/tmpdfx8i5na.lp
Reading time = 0.00 seconds
: 398 rows, 774 columns, 3224 nonzeros
Progress: 42.86%  -  improved fit identified (3)        Read LP format model from file /tmp/tmpaq8lydrq.lp
Reading time = 0.01 seconds
: 1325 rows, 3176 columns, 13428 nonzeros
Read LP format model from file /tmp/tmpgyi87bgi.lp
Reading time = 0.01 seconds
: 1325 rows, 3176 columns, 13428 nonzeros
Read LP format model from file /tmp/tmprnceydn2.lp
Reading time = 0.00 seconds
: 400 rows, 780 columns, 3232 nonzeros
Progress: 57.14%  -  improved fit identified (4)        Read LP format model from file /tmp/tmpqeonstl8.lp
Reading time = 0.01 seconds
: 1325 rows, 3176 columns, 13428 nonzeros
Read LP format model from file /tmp/tmp91mxvkjw.lp
Reading time = 0.01 seconds
: 1325 rows, 3176 columns, 13428 nonzeros
Read LP format model from file /tmp/tmpaloaxjsx.lp
Reading time = 0.00 seconds
: 398 rows, 778 columns, 3230 nonzeros
Progress: 71.43%  -  improved fit identified (5)        Read LP format model from file /tmp/tmplj5nnmqm.lp
Reading time = 0.01 seconds
: 1325 rows, 3176 columns, 13428 nonzeros
Read LP format model from file /tmp/tmp_nwp6p9d.lp
Reading time = 0.01 seconds
: 1325 rows, 3176 columns, 13428 nonzeros
Read LP format model from file /tmp/tmpao68bu7g.lp
Reading time = 0.00 seconds
: 399 rows, 780 columns, 3232 nonzeros
Progress: 85.71%  -  improved fit identified (6)        Progress: 100%  -  improved fit identified (7)         

Context-specific metabolism fit with 0.4 of optimal objective flux

Reactions pruned to 387 from 1588 (75.63% change)
Metabolites pruned to 398 from 1325 (69.96% change)
Flux through the objective DECREASED to ~65.2344 from ~159.611 (59.13% change)
Context-specific metabolism correlates with transcriptome (r=0.261, p<0.001 *)

RIPTiDe completed in, 5 minutes and 39 seconds 

Saving results to /scratch/jmf7ak/persister/outputs/open/riptide_results_BIOMASS/untreated_5D_83017d_20250407_135328
Saving results to /scratch/jmf7ak/persister/outputs/open/riptide_results_BIOMASS/untreated_5D_83017d_20250407_135328
