Counts file : /scratch/jmf7ak/persister/counts_batchcorrected/treated_0A_83017d.csv
Output dir  : /scratch/jmf7ak/persister/outputs/open/treated_0A_83017d
Loading metabolic model...
Set parameter GURO_PAR_SPECIAL
Set parameter TokenServer to value "build"
Processing transcription data...
Running Riptide maxfit...
Running max fit RIPTiDe for objective fraction range: 0.1 to 0.9...
Analyzing context-specific subnetwork flux ranges...
Progress: 0%Read LP format model from file /tmp/tmpposqvc88.lp
Reading time = 0.01 seconds
: 1325 rows, 3176 columns, 13428 nonzeros
Read LP format model from file /tmp/tmp130p2r72.lp
Reading time = 0.01 seconds
: 1325 rows, 3176 columns, 13428 nonzeros
Read LP format model from file /tmp/tmpopxq262l.lp
Reading time = 0.00 seconds
: 377 rows, 728 columns, 3026 nonzeros
Progress: 10.0%  -  improved fit identified (1)        Read LP format model from file /tmp/tmp1cjhehfg.lp
Reading time = 0.01 seconds
: 1325 rows, 3176 columns, 13428 nonzeros
Read LP format model from file /tmp/tmps8k0mmve.lp
Reading time = 0.01 seconds
: 1325 rows, 3176 columns, 13428 nonzeros
Read LP format model from file /tmp/tmpsp4sq55l.lp
Reading time = 0.00 seconds
: 368 rows, 710 columns, 2956 nonzeros
Progress: 20.0%  -  improved fit identified (2)        Read LP format model from file /tmp/tmp59a89saf.lp
Reading time = 0.01 seconds
: 1325 rows, 3176 columns, 13428 nonzeros
Read LP format model from file /tmp/tmpf09_theo.lp
Reading time = 0.01 seconds
: 1325 rows, 3176 columns, 13428 nonzeros
Read LP format model from file /tmp/tmplfgiqbch.lp
Reading time = 0.00 seconds
: 382 rows, 744 columns, 3106 nonzeros
Progress: 30.0%  -  improved fit identified (3)        Read LP format model from file /tmp/tmppmzkxs2g.lp
Reading time = 0.01 seconds
: 1325 rows, 3176 columns, 13428 nonzeros
Read LP format model from file /tmp/tmpumx9bxg1.lp
Reading time = 0.01 seconds
: 1325 rows, 3176 columns, 13428 nonzeros
Read LP format model from file /tmp/tmpggcbfffc.lp
Reading time = 0.00 seconds
: 388 rows, 756 columns, 3154 nonzeros
Progress: 40.0%  -  improved fit identified (4)        Read LP format model from file /tmp/tmpns045wiq.lp
Reading time = 0.01 seconds
: 1325 rows, 3176 columns, 13428 nonzeros
Read LP format model from file /tmp/tmpc_xhdrmj.lp
Reading time = 0.01 seconds
: 1325 rows, 3176 columns, 13428 nonzeros
Read LP format model from file /tmp/tmp792mmfh1.lp
Reading time = 0.00 seconds
: 397 rows, 782 columns, 3230 nonzeros
Progress: 50.0%  -  improved fit identified (5)        Read LP format model from file /tmp/tmp4t5esdgy.lp
Reading time = 0.01 seconds
: 1325 rows, 3176 columns, 13428 nonzeros
Read LP format model from file /tmp/tmp_z4vngil.lp
Reading time = 0.01 seconds
: 1325 rows, 3176 columns, 13428 nonzeros
Read LP format model from file /tmp/tmp7gosfl50.lp
Reading time = 0.00 seconds
: 412 rows, 820 columns, 3370 nonzeros
Progress: 60.0%  -  improved fit identified (6)        Read LP format model from file /tmp/tmpu85cxfzi.lp
Reading time = 0.01 seconds
: 1325 rows, 3176 columns, 13428 nonzeros
Read LP format model from file /tmp/tmpnmrddhxc.lp
Reading time = 0.01 seconds
: 1325 rows, 3176 columns, 13428 nonzeros
Read LP format model from file /tmp/tmpc_wpdy7w.lp
Reading time = 0.00 seconds
: 426 rows, 854 columns, 3502 nonzeros
Progress: 70.0%  -  improved fit identified (7)        Read LP format model from file /tmp/tmp3g6wbr_2.lp
Reading time = 0.01 seconds
: 1325 rows, 3176 columns, 13428 nonzeros
Read LP format model from file /tmp/tmprcz575ou.lp
Reading time = 0.01 seconds
: 1325 rows, 3176 columns, 13428 nonzeros
Read LP format model from file /tmp/tmpmso6kjz1.lp
Reading time = 0.00 seconds
: 430 rows, 870 columns, 3530 nonzeros
Progress: 80.0%  -  improved fit identified (8)        Read LP format model from file /tmp/tmp4iv_f40e.lp
Reading time = 0.01 seconds
: 1325 rows, 3176 columns, 13428 nonzeros
Read LP format model from file /tmp/tmp0xn83fj7.lp
Reading time = 0.01 seconds
: 1325 rows, 3176 columns, 13428 nonzeros
Read LP format model from file /tmp/tmpld84htmv.lp
Reading time = 0.00 seconds
: 438 rows, 890 columns, 3600 nonzeros
Progress: 90.0%  -  improved fit identified (9)        Progress: 100%  -  improved fit identified (10)         

Testing local objective fractions to 0.6...
Progress: 0%Read LP format model from file /tmp/tmpd0hou1_g.lp
Reading time = 0.01 seconds
: 1325 rows, 3176 columns, 13428 nonzeros
Read LP format model from file /tmp/tmp8g90sogk.lp
Reading time = 0.01 seconds
: 1325 rows, 3176 columns, 13428 nonzeros
Read LP format model from file /tmp/tmpdxhs0zm_.lp
Reading time = 0.00 seconds
: 397 rows, 786 columns, 3234 nonzeros
Progress: 14.29%  -  improved fit identified (1)        Read LP format model from file /tmp/tmpgg6e47g2.lp
Reading time = 0.01 seconds
: 1325 rows, 3176 columns, 13428 nonzeros
Read LP format model from file /tmp/tmpbied405v.lp
Reading time = 0.01 seconds
: 1325 rows, 3176 columns, 13428 nonzeros
Read LP format model from file /tmp/tmpsipe6wvx.lp
Reading time = 0.00 seconds
: 426 rows, 854 columns, 3504 nonzeros
Progress: 28.57%  -  improved fit identified (2)        Read LP format model from file /tmp/tmpdjj6ve_2.lp
Reading time = 0.01 seconds
: 1325 rows, 3176 columns, 13428 nonzeros
Read LP format model from file /tmp/tmp526z5ver.lp
Reading time = 0.01 seconds
: 1325 rows, 3176 columns, 13428 nonzeros
Read LP format model from file /tmp/tmpnvqvda2w.lp
Reading time = 0.00 seconds
: 412 rows, 820 columns, 3370 nonzeros
Progress: 42.86%  -  improved fit identified (3)        Read LP format model from file /tmp/tmpxwgadvsj.lp
Reading time = 0.01 seconds
: 1325 rows, 3176 columns, 13428 nonzeros
Read LP format model from file /tmp/tmps45ujbrj.lp
Reading time = 0.01 seconds
: 1325 rows, 3176 columns, 13428 nonzeros
Read LP format model from file /tmp/tmp8111n415.lp
Reading time = 0.00 seconds
: 426 rows, 852 columns, 3496 nonzeros
Progress: 57.14%  -  improved fit identified (4)        Read LP format model from file /tmp/tmpk4s3dma_.lp
Reading time = 0.01 seconds
: 1325 rows, 3176 columns, 13428 nonzeros
Read LP format model from file /tmp/tmp6wtb18on.lp
Reading time = 0.01 seconds
: 1325 rows, 3176 columns, 13428 nonzeros
Read LP format model from file /tmp/tmp3jw8l1wz.lp
Reading time = 0.00 seconds
: 408 rows, 810 columns, 3332 nonzeros
Progress: 71.43%  -  improved fit identified (5)        Read LP format model from file /tmp/tmptq11hha5.lp
Reading time = 0.01 seconds
: 1325 rows, 3176 columns, 13428 nonzeros
Read LP format model from file /tmp/tmprgk159tw.lp
Reading time = 0.01 seconds
: 1325 rows, 3176 columns, 13428 nonzeros
Read LP format model from file /tmp/tmpsqdg20dk.lp
Reading time = 0.00 seconds
: 424 rows, 848 columns, 3478 nonzeros
Progress: 85.71%  -  improved fit identified (6)        Progress: 100%  -  improved fit identified (7)         

Context-specific metabolism fit with 0.55 of optimal objective flux

Reactions pruned to 393 from 1588 (75.25% change)
Metabolites pruned to 397 from 1325 (70.04% change)
Flux through the objective DECREASED to ~89.0508 from ~159.611 (44.21% change)
Context-specific metabolism does not correlate with transcriptome (r=0.075, n.s.)

RIPTiDe completed in, 6 minutes and 33 seconds 

Saving results to /scratch/jmf7ak/persister/outputs/open/riptide_results_BIOMASS/treated_0A_83017d_20250407_135327
Saving results to /scratch/jmf7ak/persister/outputs/open/riptide_results_BIOMASS/treated_0A_83017d_20250407_135327
