Counts file : /scratch/jmf7ak/persister/counts_batchcorrected/untreated_5A_83017d.csv
Output dir  : /scratch/jmf7ak/persister/outputs/ATP_open/untreated_5A_83017d
Loading metabolic model...
Set parameter GURO_PAR_SPECIAL
Set parameter TokenServer to value "build"
Processing transcription data...
Running Riptide maxfit...
Running max fit RIPTiDe for objective fraction range: 0.1 to 0.9...
Analyzing context-specific subnetwork flux ranges...
Progress: 0%Read LP format model from file /tmp/tmpizpg5l19.lp
Reading time = 0.03 seconds
: 1325 rows, 3178 columns, 13430 nonzeros
Read LP format model from file /tmp/tmpth88ahau.lp
Reading time = 0.01 seconds
: 1325 rows, 3178 columns, 13430 nonzeros
Read LP format model from file /tmp/tmpxxbjqf5f.lp
Reading time = 0.01 seconds
: 25 rows, 38 columns, 156 nonzeros
Progress: 10.0%Read LP format model from file /tmp/tmps20es3yb.lp
Reading time = 0.02 seconds
: 1325 rows, 3178 columns, 13430 nonzeros
Read LP format model from file /tmp/tmpcb1mweyc.lp
Reading time = 0.02 seconds
: 1325 rows, 3178 columns, 13430 nonzeros
Read LP format model from file /tmp/tmpj_llzmla.lp
Reading time = 0.01 seconds
: 25 rows, 38 columns, 156 nonzeros
Progress: 20.0% Read LP format model from file /tmp/tmpf1ci_a_c.lp
Reading time = 0.02 seconds
: 1325 rows, 3178 columns, 13430 nonzeros
Read LP format model from file /tmp/tmpiajvp87z.lp
Reading time = 0.01 seconds
: 1325 rows, 3178 columns, 13430 nonzeros
Read LP format model from file /tmp/tmpxvsvw83l.lp
Reading time = 0.00 seconds
: 25 rows, 38 columns, 156 nonzeros
Progress: 30.0% Read LP format model from file /tmp/tmpok6ikpkm.lp
Reading time = 0.02 seconds
: 1325 rows, 3178 columns, 13430 nonzeros
Read LP format model from file /tmp/tmp0kbftnfd.lp
Reading time = 0.02 seconds
: 1325 rows, 3178 columns, 13430 nonzeros
Read LP format model from file /tmp/tmp3vnmux11.lp
Reading time = 0.01 seconds
: 25 rows, 38 columns, 156 nonzeros
Progress: 40.0% Read LP format model from file /tmp/tmp7ba7vog3.lp
Reading time = 0.02 seconds
: 1325 rows, 3178 columns, 13430 nonzeros
Read LP format model from file /tmp/tmpdppu08q5.lp
Reading time = 0.01 seconds
: 1325 rows, 3178 columns, 13430 nonzeros
Read LP format model from file /tmp/tmpiclqhq1y.lp
Reading time = 0.02 seconds
: 26 rows, 46 columns, 166 nonzeros
Progress: 50.0%  -  fit identified                     Read LP format model from file /tmp/tmpo8cg6her.lp
Reading time = 0.01 seconds
: 1325 rows, 3178 columns, 13430 nonzeros
Read LP format model from file /tmp/tmpyargolyl.lp
Reading time = 0.01 seconds
: 1325 rows, 3178 columns, 13430 nonzeros
Read LP format model from file /tmp/tmp9vsnr2ww.lp
Reading time = 0.00 seconds
: 57 rows, 108 columns, 384 nonzeros
Progress: 60.0%  -  improved fit identified (2)        Read LP format model from file /tmp/tmpm4nt9j4a.lp
Reading time = 0.01 seconds
: 1325 rows, 3178 columns, 13430 nonzeros
Read LP format model from file /tmp/tmpgo47efme.lp
Reading time = 0.01 seconds
: 1325 rows, 3178 columns, 13430 nonzeros
Read LP format model from file /tmp/tmpanrwzdoq.lp
Reading time = 0.00 seconds
: 57 rows, 108 columns, 384 nonzeros
Progress: 70.0%  -  improved fit identified (3)        Read LP format model from file /tmp/tmpus32oj5t.lp
Reading time = 0.01 seconds
: 1325 rows, 3178 columns, 13430 nonzeros
Read LP format model from file /tmp/tmptlk50s81.lp
Reading time = 0.02 seconds
: 1325 rows, 3178 columns, 13430 nonzeros
Read LP format model from file /tmp/tmphwkxcmiz.lp
Reading time = 0.01 seconds
: 50 rows, 98 columns, 362 nonzeros
Progress: 80.0%  -  improved fit identified (4)        Read LP format model from file /tmp/tmpmakjhmgm.lp
Reading time = 0.01 seconds
: 1325 rows, 3178 columns, 13430 nonzeros
Read LP format model from file /tmp/tmp74hnjtl1.lp
Reading time = 0.01 seconds
: 1325 rows, 3178 columns, 13430 nonzeros
Read LP format model from file /tmp/tmpcgu0zbih.lp
Reading time = 0.00 seconds
: 54 rows, 108 columns, 392 nonzeros
Progress: 90.0%  -  improved fit identified (5)        Progress: 100%  -  improved fit identified (6)         

Testing local objective fractions to 0.5...
Progress: 0%Read LP format model from file /tmp/tmpzwqf4fi_.lp
Reading time = 0.01 seconds
: 1325 rows, 3178 columns, 13430 nonzeros
Read LP format model from file /tmp/tmp1urtsx1m.lp
Reading time = 0.01 seconds
: 1325 rows, 3178 columns, 13430 nonzeros
Read LP format model from file /tmp/tmp7iaxl0dj.lp
Reading time = 0.00 seconds
: 25 rows, 38 columns, 156 nonzeros
Progress: 14.29%Read LP format model from file /tmp/tmpd_qmo3iv.lp
Reading time = 0.01 seconds
: 1325 rows, 3178 columns, 13430 nonzeros
Read LP format model from file /tmp/tmpq8kr8ecq.lp
Reading time = 0.01 seconds
: 1325 rows, 3178 columns, 13430 nonzeros
Read LP format model from file /tmp/tmp27jvnlzp.lp
Reading time = 0.00 seconds
: 26 rows, 46 columns, 166 nonzeros
Progress: 28.57% Read LP format model from file /tmp/tmp47k2iaqs.lp
Reading time = 0.01 seconds
: 1325 rows, 3178 columns, 13430 nonzeros
Read LP format model from file /tmp/tmpiqtat6b6.lp
Reading time = 0.02 seconds
: 1325 rows, 3178 columns, 13430 nonzeros
Read LP format model from file /tmp/tmprj3m4az1.lp
Reading time = 0.00 seconds
: 25 rows, 38 columns, 156 nonzeros
Progress: 42.86% Read LP format model from file /tmp/tmp1qgefs3g.lp
Reading time = 0.01 seconds
: 1325 rows, 3178 columns, 13430 nonzeros
Read LP format model from file /tmp/tmp_qpp_bhx.lp
Reading time = 0.02 seconds
: 1325 rows, 3178 columns, 13430 nonzeros
Read LP format model from file /tmp/tmpr8kjywnu.lp
Reading time = 0.00 seconds
: 25 rows, 38 columns, 156 nonzeros
Progress: 57.14% Read LP format model from file /tmp/tmpq7x7kb6e.lp
Reading time = 0.01 seconds
: 1325 rows, 3178 columns, 13430 nonzeros
Read LP format model from file /tmp/tmpv8cfdxnk.lp
Reading time = 0.01 seconds
: 1325 rows, 3178 columns, 13430 nonzeros
Read LP format model from file /tmp/tmpp6js8w04.lp
Reading time = 0.01 seconds
: 26 rows, 46 columns, 166 nonzeros
Progress: 71.43%  -  improved fit identified (1)        Read LP format model from file /tmp/tmp89kh4r1h.lp
Reading time = 0.01 seconds
: 1325 rows, 3178 columns, 13430 nonzeros
Read LP format model from file /tmp/tmp1m68iugt.lp
Reading time = 0.01 seconds
: 1325 rows, 3178 columns, 13430 nonzeros
Read LP format model from file /tmp/tmpfhppdofb.lp
Reading time = 0.00 seconds
: 26 rows, 46 columns, 166 nonzeros
Progress: 85.71%  -  improved fit identified (2)        Progress: 100%  -  improved fit identified (3)         

Context-specific metabolism fit with 0.5 of optimal objective flux

Reactions pruned to 23 from 1589 (98.55% change)
Metabolites pruned to 26 from 1325 (98.04% change)
Flux through the objective DECREASED to ~398.0993 from ~683.4643 (41.75% change)
Context-specific metabolism does not correlate with transcriptome (r=0.08, n.s.)

RIPTiDe completed in, 2 minutes and 9 seconds 

Saving results to /scratch/jmf7ak/persister/outputs/ATP_open/riptide_results_ATP/untreated_5A_83017d_20250407_135259
Saving results to /scratch/jmf7ak/persister/outputs/ATP_open/riptide_results_ATP/untreated_5A_83017d_20250407_135259
