Counts file : /scratch/jmf7ak/persister/counts_batchcorrected/untreated_0D_81017d.csv
Output dir  : /scratch/jmf7ak/persister/outputs/open/untreated_0D_81017d
Loading metabolic model...
Set parameter GURO_PAR_SPECIAL
Set parameter TokenServer to value "build"
Processing transcription data...
Running Riptide maxfit...
Running max fit RIPTiDe for objective fraction range: 0.1 to 0.9...
Analyzing context-specific subnetwork flux ranges...
Progress: 0%Read LP format model from file /tmp/tmpuce583yv.lp
Reading time = 0.01 seconds
: 1325 rows, 3176 columns, 13428 nonzeros
Read LP format model from file /tmp/tmpklxmholm.lp
Reading time = 0.01 seconds
: 1325 rows, 3176 columns, 13428 nonzeros
Read LP format model from file /tmp/tmpq0yjzkbf.lp
Reading time = 0.00 seconds
: 385 rows, 744 columns, 3096 nonzeros
Progress: 10.0%  -  improved fit identified (1)        Read LP format model from file /tmp/tmph3vf3iqc.lp
Reading time = 0.01 seconds
: 1325 rows, 3176 columns, 13428 nonzeros
Read LP format model from file /tmp/tmp88ugivxw.lp
Reading time = 0.01 seconds
: 1325 rows, 3176 columns, 13428 nonzeros
Read LP format model from file /tmp/tmpic_z63t4.lp
Reading time = 0.00 seconds
: 390 rows, 754 columns, 3088 nonzeros
Progress: 20.0%  -  improved fit identified (2)        Read LP format model from file /tmp/tmptwqseomy.lp
Reading time = 0.01 seconds
: 1325 rows, 3176 columns, 13428 nonzeros
Read LP format model from file /tmp/tmpbtijdgwd.lp
Reading time = 0.01 seconds
: 1325 rows, 3176 columns, 13428 nonzeros
Read LP format model from file /tmp/tmpf6qtik2w.lp
Reading time = 0.00 seconds
: 380 rows, 734 columns, 3072 nonzeros
Progress: 30.0%  -  improved fit identified (3)        Read LP format model from file /tmp/tmpus2qzggx.lp
Reading time = 0.01 seconds
: 1325 rows, 3176 columns, 13428 nonzeros
Read LP format model from file /tmp/tmp22w2h9dv.lp
Reading time = 0.01 seconds
: 1325 rows, 3176 columns, 13428 nonzeros
Read LP format model from file /tmp/tmp3o5k6xlf.lp
Reading time = 0.00 seconds
: 400 rows, 778 columns, 3210 nonzeros
Progress: 40.0%  -  improved fit identified (4)        Read LP format model from file /tmp/tmp_bvbklt9.lp
Reading time = 0.01 seconds
: 1325 rows, 3176 columns, 13428 nonzeros
Read LP format model from file /tmp/tmp51uus44a.lp
Reading time = 0.01 seconds
: 1325 rows, 3176 columns, 13428 nonzeros
Read LP format model from file /tmp/tmpce0d9t0g.lp
Reading time = 0.00 seconds
: 412 rows, 804 columns, 3318 nonzeros
Progress: 50.0%  -  improved fit identified (5)        Read LP format model from file /tmp/tmp9suuubkl.lp
Reading time = 0.01 seconds
: 1325 rows, 3176 columns, 13428 nonzeros
Read LP format model from file /tmp/tmp62zcwp0h.lp
Reading time = 0.01 seconds
: 1325 rows, 3176 columns, 13428 nonzeros
Read LP format model from file /tmp/tmpph4sx3h9.lp
Reading time = 0.00 seconds
: 423 rows, 832 columns, 3424 nonzeros
Progress: 60.0%  -  improved fit identified (6)        Read LP format model from file /tmp/tmpqwyalg6x.lp
Reading time = 0.01 seconds
: 1325 rows, 3176 columns, 13428 nonzeros
Read LP format model from file /tmp/tmpr4qon4vo.lp
Reading time = 0.01 seconds
: 1325 rows, 3176 columns, 13428 nonzeros
Read LP format model from file /tmp/tmp8brvhj07.lp
Reading time = 0.00 seconds
: 424 rows, 840 columns, 3468 nonzeros
Progress: 70.0%  -  improved fit identified (7)        Read LP format model from file /tmp/tmpzqn15cs4.lp
Reading time = 0.01 seconds
: 1325 rows, 3176 columns, 13428 nonzeros
Read LP format model from file /tmp/tmp4sfehpxg.lp
Reading time = 0.01 seconds
: 1325 rows, 3176 columns, 13428 nonzeros
Read LP format model from file /tmp/tmpqhacmbin.lp
Reading time = 0.00 seconds
: 421 rows, 842 columns, 3438 nonzeros
Progress: 80.0%  -  improved fit identified (8)        Read LP format model from file /tmp/tmpn5czzg_d.lp
Reading time = 0.01 seconds
: 1325 rows, 3176 columns, 13428 nonzeros
Read LP format model from file /tmp/tmph38l5l4a.lp
Reading time = 0.01 seconds
: 1325 rows, 3176 columns, 13428 nonzeros
Read LP format model from file /tmp/tmp2c273g5o.lp
Reading time = 0.00 seconds
: 443 rows, 900 columns, 3654 nonzeros
Progress: 90.0%  -  improved fit identified (9)        Progress: 100%  -  improved fit identified (10)         

Testing local objective fractions to 0.1...
Progress: 0%Read LP format model from file /tmp/tmpwfrwt9ml.lp
Reading time = 0.01 seconds
: 1325 rows, 3176 columns, 13428 nonzeros
Read LP format model from file /tmp/tmpyq94qi2w.lp
Reading time = 0.01 seconds
: 1325 rows, 3176 columns, 13428 nonzeros
Read LP format model from file /tmp/tmptkgxdgo5.lp
Reading time = 0.00 seconds
: 385 rows, 744 columns, 3096 nonzeros
Progress: 14.29%  -  improved fit identified (1)        Read LP format model from file /tmp/tmpb5fjfyn4.lp
Reading time = 0.01 seconds
: 1325 rows, 3176 columns, 13428 nonzeros
Read LP format model from file /tmp/tmpcgcb9kvb.lp
Reading time = 0.01 seconds
: 1325 rows, 3176 columns, 13428 nonzeros
Read LP format model from file /tmp/tmplm8ubkx6.lp
Reading time = 0.00 seconds
: 383 rows, 742 columns, 3074 nonzeros
Progress: 28.57%  -  improved fit identified (2)        Read LP format model from file /tmp/tmp41xphaxv.lp
Reading time = 0.01 seconds
: 1325 rows, 3176 columns, 13428 nonzeros
Read LP format model from file /tmp/tmp0mdizlbc.lp
Reading time = 0.01 seconds
: 1325 rows, 3176 columns, 13428 nonzeros
Read LP format model from file /tmp/tmpvjct2rm1.lp
Reading time = 0.00 seconds
: 385 rows, 744 columns, 3096 nonzeros
Progress: 42.86%  -  improved fit identified (3)        Read LP format model from file /tmp/tmpztzrq41z.lp
Reading time = 0.01 seconds
: 1325 rows, 3176 columns, 13428 nonzeros
Read LP format model from file /tmp/tmpjfvcjrci.lp
Reading time = 0.01 seconds
: 1325 rows, 3176 columns, 13428 nonzeros
Read LP format model from file /tmp/tmp00xhix7d.lp
Reading time = 0.00 seconds
: 385 rows, 744 columns, 3096 nonzeros
Progress: 57.14%  -  improved fit identified (4)        Read LP format model from file /tmp/tmpc8avbmo9.lp
Reading time = 0.01 seconds
: 1325 rows, 3176 columns, 13428 nonzeros
Read LP format model from file /tmp/tmp_2btuhq7.lp
Reading time = 0.01 seconds
: 1325 rows, 3176 columns, 13428 nonzeros
Read LP format model from file /tmp/tmpkw4m59vq.lp
Reading time = 0.00 seconds
: 393 rows, 764 columns, 3130 nonzeros
Progress: 71.43%  -  improved fit identified (5)        Read LP format model from file /tmp/tmpowbkc61z.lp
Reading time = 0.01 seconds
: 1325 rows, 3176 columns, 13428 nonzeros
Read LP format model from file /tmp/tmpo_ezo_t6.lp
Reading time = 0.01 seconds
: 1325 rows, 3176 columns, 13428 nonzeros
Read LP format model from file /tmp/tmpm_5ygtkk.lp
Reading time = 0.00 seconds
: 385 rows, 744 columns, 3096 nonzeros
Progress: 85.71%  -  improved fit identified (6)        Progress: 100%  -  improved fit identified (7)         

Context-specific metabolism fit with 0.075 of optimal objective flux

Reactions pruned to 372 from 1588 (76.57% change)
Metabolites pruned to 385 from 1325 (70.94% change)
Flux through the objective DECREASED to ~19.662 from ~159.611 (87.68% change)
Context-specific metabolism correlates with transcriptome (r=0.152, p=0.003 *)

RIPTiDe completed in, 6 minutes and 12 seconds 

Saving results to /scratch/jmf7ak/persister/outputs/open/riptide_results_BIOMASS/untreated_0D_81017d_20250407_135329
Saving results to /scratch/jmf7ak/persister/outputs/open/riptide_results_BIOMASS/untreated_0D_81017d_20250407_135329
