Counts file : /scratch/jmf7ak/persister/counts_batchcorrected/untreated_5D_81017d.csv
Output dir  : /scratch/jmf7ak/persister/outputs/ATP_open/untreated_5D_81017d
Loading metabolic model...
Set parameter GURO_PAR_SPECIAL
Set parameter TokenServer to value "build"
Processing transcription data...
Running Riptide maxfit...
Running max fit RIPTiDe for objective fraction range: 0.1 to 0.9...
Analyzing context-specific subnetwork flux ranges...
Progress: 0%Read LP format model from file /tmp/tmp52a1db_4.lp
Reading time = 0.01 seconds
: 1325 rows, 3178 columns, 13430 nonzeros
Read LP format model from file /tmp/tmpgnc1j65r.lp
Reading time = 0.01 seconds
: 1325 rows, 3178 columns, 13430 nonzeros
Read LP format model from file /tmp/tmpxaljsk0w.lp
Reading time = 0.00 seconds
: 25 rows, 40 columns, 162 nonzeros
Progress: 10.0%Read LP format model from file /tmp/tmpmwgiv8f_.lp
Reading time = 0.01 seconds
: 1325 rows, 3178 columns, 13430 nonzeros
Read LP format model from file /tmp/tmpmafo8x2n.lp
Reading time = 0.01 seconds
: 1325 rows, 3178 columns, 13430 nonzeros
Read LP format model from file /tmp/tmpb9srg5ms.lp
Reading time = 0.00 seconds
: 25 rows, 40 columns, 162 nonzeros
Progress: 20.0%  -  fit identified                     Read LP format model from file /tmp/tmplcrah9rb.lp
Reading time = 0.01 seconds
: 1325 rows, 3178 columns, 13430 nonzeros
Read LP format model from file /tmp/tmpftydlph8.lp
Reading time = 0.01 seconds
: 1325 rows, 3178 columns, 13430 nonzeros
Read LP format model from file /tmp/tmpqjv3ads0.lp
Reading time = 0.00 seconds
: 25 rows, 40 columns, 162 nonzeros
Progress: 30.0%  -  improved fit identified (2)        Read LP format model from file /tmp/tmpi3pkkm_e.lp
Reading time = 0.01 seconds
: 1325 rows, 3178 columns, 13430 nonzeros
Read LP format model from file /tmp/tmpag31ybr9.lp
Reading time = 0.01 seconds
: 1325 rows, 3178 columns, 13430 nonzeros
Read LP format model from file /tmp/tmpdh62pkx3.lp
Reading time = 0.00 seconds
: 25 rows, 40 columns, 162 nonzeros
Progress: 40.0%  -  improved fit identified (3)        Read LP format model from file /tmp/tmp7z9pdfn9.lp
Reading time = 0.01 seconds
: 1325 rows, 3178 columns, 13430 nonzeros
Read LP format model from file /tmp/tmpq6pnmvd6.lp
Reading time = 0.01 seconds
: 1325 rows, 3178 columns, 13430 nonzeros
Read LP format model from file /tmp/tmpzdy4k14s.lp
Reading time = 0.00 seconds
: 27 rows, 50 columns, 190 nonzeros
Progress: 50.0%  -  improved fit identified (4)        Read LP format model from file /tmp/tmpae4iwmjm.lp
Reading time = 0.01 seconds
: 1325 rows, 3178 columns, 13430 nonzeros
Read LP format model from file /tmp/tmp9r_o_xju.lp
Reading time = 0.01 seconds
: 1325 rows, 3178 columns, 13430 nonzeros
Read LP format model from file /tmp/tmpelraut3r.lp
Reading time = 0.00 seconds
: 46 rows, 82 columns, 304 nonzeros
Progress: 60.0%  -  improved fit identified (5)        Read LP format model from file /tmp/tmpqfn1953d.lp
Reading time = 0.01 seconds
: 1325 rows, 3178 columns, 13430 nonzeros
Read LP format model from file /tmp/tmpr9gfsqlr.lp
Reading time = 0.01 seconds
: 1325 rows, 3178 columns, 13430 nonzeros
Read LP format model from file /tmp/tmpz1f892cz.lp
Reading time = 0.00 seconds
: 46 rows, 82 columns, 304 nonzeros
Progress: 70.0%  -  improved fit identified (6)        Read LP format model from file /tmp/tmpje0xibew.lp
Reading time = 0.01 seconds
: 1325 rows, 3178 columns, 13430 nonzeros
Read LP format model from file /tmp/tmp9wlkqbuf.lp
Reading time = 0.01 seconds
: 1325 rows, 3178 columns, 13430 nonzeros
Read LP format model from file /tmp/tmphd6m6j_w.lp
Reading time = 0.00 seconds
: 46 rows, 82 columns, 304 nonzeros
Progress: 80.0%  -  improved fit identified (7)        Read LP format model from file /tmp/tmpulji8gr1.lp
Reading time = 0.01 seconds
: 1325 rows, 3178 columns, 13430 nonzeros
Read LP format model from file /tmp/tmp0kltop92.lp
Reading time = 0.01 seconds
: 1325 rows, 3178 columns, 13430 nonzeros
Read LP format model from file /tmp/tmpjewsru8h.lp
Reading time = 0.00 seconds
: 65 rows, 122 columns, 468 nonzeros
Progress: 90.0%  -  improved fit identified (8)        Progress: 100%  -  improved fit identified (9)         

Testing local objective fractions to 0.5...
Progress: 0%Read LP format model from file /tmp/tmpimh_lj74.lp
Reading time = 0.01 seconds
: 1325 rows, 3178 columns, 13430 nonzeros
Read LP format model from file /tmp/tmpwghw6cyh.lp
Reading time = 0.01 seconds
: 1325 rows, 3178 columns, 13430 nonzeros
Read LP format model from file /tmp/tmp4tmssllk.lp
Reading time = 0.00 seconds
: 25 rows, 40 columns, 162 nonzeros
Progress: 14.29%Read LP format model from file /tmp/tmpakufwut8.lp
Reading time = 0.01 seconds
: 1325 rows, 3178 columns, 13430 nonzeros
Read LP format model from file /tmp/tmpvizb359o.lp
Reading time = 0.01 seconds
: 1325 rows, 3178 columns, 13430 nonzeros
Read LP format model from file /tmp/tmpvcamcy10.lp
Reading time = 0.00 seconds
: 27 rows, 50 columns, 190 nonzeros
Progress: 28.57%  -  improved fit identified (1)        Read LP format model from file /tmp/tmpn6vn9mk7.lp
Reading time = 0.01 seconds
: 1325 rows, 3178 columns, 13430 nonzeros
Read LP format model from file /tmp/tmpcyzaw60w.lp
Reading time = 0.01 seconds
: 1325 rows, 3178 columns, 13430 nonzeros
Read LP format model from file /tmp/tmpslq9ojwl.lp
Reading time = 0.00 seconds
: 25 rows, 40 columns, 162 nonzeros
Progress: 42.86%  -  improved fit identified (2)        Read LP format model from file /tmp/tmp_1_ztdp4.lp
Reading time = 0.01 seconds
: 1325 rows, 3178 columns, 13430 nonzeros
Read LP format model from file /tmp/tmpfv2hd988.lp
Reading time = 0.01 seconds
: 1325 rows, 3178 columns, 13430 nonzeros
Read LP format model from file /tmp/tmp00y3gtti.lp
Reading time = 0.00 seconds
: 25 rows, 40 columns, 162 nonzeros
Progress: 57.14%  -  improved fit identified (3)        Read LP format model from file /tmp/tmpn6kp8fvf.lp
Reading time = 0.01 seconds
: 1325 rows, 3178 columns, 13430 nonzeros
Read LP format model from file /tmp/tmpza05o1ik.lp
Reading time = 0.01 seconds
: 1325 rows, 3178 columns, 13430 nonzeros
Read LP format model from file /tmp/tmp1evu7fp9.lp
Reading time = 0.00 seconds
: 27 rows, 50 columns, 190 nonzeros
Progress: 71.43%  -  improved fit identified (4)        Read LP format model from file /tmp/tmp0jphwbrr.lp
Reading time = 0.01 seconds
: 1325 rows, 3178 columns, 13430 nonzeros
Read LP format model from file /tmp/tmpq9c4pnh6.lp
Reading time = 0.01 seconds
: 1325 rows, 3178 columns, 13430 nonzeros
Read LP format model from file /tmp/tmpim7ipt69.lp
Reading time = 0.00 seconds
: 27 rows, 50 columns, 190 nonzeros
Progress: 85.71%  -  improved fit identified (5)        Progress: 100%  -  improved fit identified (6)         

Context-specific metabolism fit with 0.525 of optimal objective flux

Reactions pruned to 25 from 1589 (98.43% change)
Metabolites pruned to 27 from 1325 (97.96% change)
Flux through the objective DECREASED to ~397.9531 from ~683.4643 (41.77% change)
Context-specific metabolism does not correlate with transcriptome (r=0.096, n.s.)

RIPTiDe completed in, 2 minutes and 14 seconds 

Saving results to /scratch/jmf7ak/persister/outputs/ATP_open/riptide_results_ATP/untreated_5D_81017d_20250407_135259
Saving results to /scratch/jmf7ak/persister/outputs/ATP_open/riptide_results_ATP/untreated_5D_81017d_20250407_135259
