Counts file : /scratch/jmf7ak/persister/counts_batchcorrected/treated_24C_81017d.csv
Output dir  : /scratch/jmf7ak/persister/outputs/open/treated_24C_81017d
Loading metabolic model...
Set parameter GURO_PAR_SPECIAL
Set parameter TokenServer to value "build"
Processing transcription data...
Running Riptide maxfit...
Running max fit RIPTiDe for objective fraction range: 0.1 to 0.9...
Analyzing context-specific subnetwork flux ranges...
Progress: 0%Read LP format model from file /tmp/tmpo6goo_di.lp
Reading time = 0.01 seconds
: 1325 rows, 3176 columns, 13428 nonzeros
Read LP format model from file /tmp/tmpuye61gfr.lp
Reading time = 0.01 seconds
: 1325 rows, 3176 columns, 13428 nonzeros
Read LP format model from file /tmp/tmprd5vex8p.lp
Reading time = 0.00 seconds
: 376 rows, 730 columns, 3012 nonzeros
Progress: 10.0%  -  improved fit identified (1)        Read LP format model from file /tmp/tmpb7syyvr6.lp
Reading time = 0.01 seconds
: 1325 rows, 3176 columns, 13428 nonzeros
Read LP format model from file /tmp/tmpl67m3ika.lp
Reading time = 0.01 seconds
: 1325 rows, 3176 columns, 13428 nonzeros
Read LP format model from file /tmp/tmp0yg7kb85.lp
Reading time = 0.00 seconds
: 377 rows, 730 columns, 3044 nonzeros
Progress: 20.0%  -  improved fit identified (2)        Read LP format model from file /tmp/tmp1gbez45b.lp
Reading time = 0.01 seconds
: 1325 rows, 3176 columns, 13428 nonzeros
Read LP format model from file /tmp/tmpl16cekso.lp
Reading time = 0.01 seconds
: 1325 rows, 3176 columns, 13428 nonzeros
Read LP format model from file /tmp/tmpn1o58v20.lp
Reading time = 0.00 seconds
: 379 rows, 736 columns, 3076 nonzeros
Progress: 30.0%  -  improved fit identified (3)        Read LP format model from file /tmp/tmptwmdsl6m.lp
Reading time = 0.01 seconds
: 1325 rows, 3176 columns, 13428 nonzeros
Read LP format model from file /tmp/tmppw0shplb.lp
Reading time = 0.01 seconds
: 1325 rows, 3176 columns, 13428 nonzeros
Read LP format model from file /tmp/tmp9xmi64fw.lp
Reading time = 0.00 seconds
: 392 rows, 762 columns, 3150 nonzeros
Progress: 40.0%  -  improved fit identified (4)        Read LP format model from file /tmp/tmpu6y4ddw9.lp
Reading time = 0.01 seconds
: 1325 rows, 3176 columns, 13428 nonzeros
Read LP format model from file /tmp/tmpjobzbicn.lp
Reading time = 0.01 seconds
: 1325 rows, 3176 columns, 13428 nonzeros
Read LP format model from file /tmp/tmp7br865sj.lp
Reading time = 0.00 seconds
: 434 rows, 854 columns, 3526 nonzeros
Progress: 50.0%  -  improved fit identified (5)        Read LP format model from file /tmp/tmpnn4fmyry.lp
Reading time = 0.01 seconds
: 1325 rows, 3176 columns, 13428 nonzeros
Read LP format model from file /tmp/tmpvd9i4f15.lp
Reading time = 0.01 seconds
: 1325 rows, 3176 columns, 13428 nonzeros
Read LP format model from file /tmp/tmpkyy5mftf.lp
Reading time = 0.00 seconds
: 418 rows, 832 columns, 3398 nonzeros
Progress: 60.0%  -  improved fit identified (6)        Read LP format model from file /tmp/tmpbl8kpicp.lp
Reading time = 0.01 seconds
: 1325 rows, 3176 columns, 13428 nonzeros
Read LP format model from file /tmp/tmp521i9uxr.lp
Reading time = 0.01 seconds
: 1325 rows, 3176 columns, 13428 nonzeros
Read LP format model from file /tmp/tmpmiycvmq7.lp
Reading time = 0.00 seconds
: 424 rows, 850 columns, 3496 nonzeros
Progress: 70.0%  -  improved fit identified (7)        Read LP format model from file /tmp/tmpirsd6quj.lp
Reading time = 0.01 seconds
: 1325 rows, 3176 columns, 13428 nonzeros
Read LP format model from file /tmp/tmp1qs7yk_5.lp
Reading time = 0.01 seconds
: 1325 rows, 3176 columns, 13428 nonzeros
Read LP format model from file /tmp/tmpbxp31qah.lp
Reading time = 0.00 seconds
: 423 rows, 852 columns, 3468 nonzeros
Progress: 80.0%  -  improved fit identified (8)        Read LP format model from file /tmp/tmpem4y2qwo.lp
Reading time = 0.01 seconds
: 1325 rows, 3176 columns, 13428 nonzeros
Read LP format model from file /tmp/tmpq4xlqvuy.lp
Reading time = 0.01 seconds
: 1325 rows, 3176 columns, 13428 nonzeros
Read LP format model from file /tmp/tmpbgib41iq.lp
Reading time = 0.00 seconds
: 440 rows, 896 columns, 3622 nonzeros
Progress: 90.0%  -  improved fit identified (9)        Progress: 100%  -  improved fit identified (10)         

Testing local objective fractions to 0.2...
Progress: 0%Read LP format model from file /tmp/tmp6o1cpwy_.lp
Reading time = 0.01 seconds
: 1325 rows, 3176 columns, 13428 nonzeros
Read LP format model from file /tmp/tmpvf_stxre.lp
Reading time = 0.01 seconds
: 1325 rows, 3176 columns, 13428 nonzeros
Read LP format model from file /tmp/tmpdx02v_bn.lp
Reading time = 0.00 seconds
: 378 rows, 728 columns, 3056 nonzeros
Progress: 14.29%  -  improved fit identified (1)        Read LP format model from file /tmp/tmpqdcj5y9z.lp
Reading time = 0.01 seconds
: 1325 rows, 3176 columns, 13428 nonzeros
Read LP format model from file /tmp/tmp9qcd68qs.lp
Reading time = 0.01 seconds
: 1325 rows, 3176 columns, 13428 nonzeros
Read LP format model from file /tmp/tmp_p5ncnme.lp
Reading time = 0.00 seconds
: 379 rows, 736 columns, 3076 nonzeros
Progress: 28.57%  -  improved fit identified (2)        Read LP format model from file /tmp/tmp9vcjtq8g.lp
Reading time = 0.01 seconds
: 1325 rows, 3176 columns, 13428 nonzeros
Read LP format model from file /tmp/tmphc6dto36.lp
Reading time = 0.01 seconds
: 1325 rows, 3176 columns, 13428 nonzeros
Read LP format model from file /tmp/tmp57rbbpe9.lp
Reading time = 0.00 seconds
: 379 rows, 736 columns, 3076 nonzeros
Progress: 42.86%  -  improved fit identified (3)        Read LP format model from file /tmp/tmpqu2s7sl8.lp
Reading time = 0.01 seconds
: 1325 rows, 3176 columns, 13428 nonzeros
Read LP format model from file /tmp/tmpakw709qx.lp
Reading time = 0.01 seconds
: 1325 rows, 3176 columns, 13428 nonzeros
Read LP format model from file /tmp/tmp247wphmc.lp
Reading time = 0.00 seconds
: 384 rows, 740 columns, 3098 nonzeros
Progress: 57.14%  -  improved fit identified (4)        Read LP format model from file /tmp/tmp_2gn24mv.lp
Reading time = 0.01 seconds
: 1325 rows, 3176 columns, 13428 nonzeros
Read LP format model from file /tmp/tmpdct1ni4t.lp
Reading time = 0.01 seconds
: 1325 rows, 3176 columns, 13428 nonzeros
Read LP format model from file /tmp/tmptfwv_a2m.lp
Reading time = 0.00 seconds
: 375 rows, 728 columns, 3032 nonzeros
Progress: 71.43%  -  improved fit identified (5)        Read LP format model from file /tmp/tmpuikwp2tb.lp
Reading time = 0.01 seconds
: 1325 rows, 3176 columns, 13428 nonzeros
Read LP format model from file /tmp/tmp69jbazf9.lp
Reading time = 0.01 seconds
: 1325 rows, 3176 columns, 13428 nonzeros
Read LP format model from file /tmp/tmp4_mcz7as.lp
Reading time = 0.00 seconds
: 377 rows, 730 columns, 3044 nonzeros
Progress: 85.71%  -  improved fit identified (6)        Progress: 100%  -  improved fit identified (7)         

Context-specific metabolism fit with 0.2 of optimal objective flux

Reactions pruned to 365 from 1588 (77.02% change)
Metabolites pruned to 377 from 1325 (71.55% change)
Flux through the objective DECREASED to ~37.0256 from ~159.611 (76.8% change)
Context-specific metabolism correlates with transcriptome (r=0.246, p<0.001 *)

RIPTiDe completed in, 7 minutes and 21 seconds 

Saving results to /scratch/jmf7ak/persister/outputs/open/riptide_results_BIOMASS/treated_24C_81017d_20250407_135330
Saving results to /scratch/jmf7ak/persister/outputs/open/riptide_results_BIOMASS/treated_24C_81017d_20250407_135330
