Counts file : /scratch/jmf7ak/persister/counts_batchcorrected/treated_5A_83017d.csv
Output dir  : /scratch/jmf7ak/persister/outputs/open/treated_5A_83017d
Loading metabolic model...
Set parameter GURO_PAR_SPECIAL
Set parameter TokenServer to value "build"
Processing transcription data...
Running Riptide maxfit...
Running max fit RIPTiDe for objective fraction range: 0.1 to 0.9...
Analyzing context-specific subnetwork flux ranges...
Progress: 0%Read LP format model from file /tmp/tmpi510s3w8.lp
Reading time = 0.01 seconds
: 1325 rows, 3176 columns, 13428 nonzeros
Read LP format model from file /tmp/tmpahjlq8q4.lp
Reading time = 0.01 seconds
: 1325 rows, 3176 columns, 13428 nonzeros
Read LP format model from file /tmp/tmpzv_bwv81.lp
Reading time = 0.00 seconds
: 367 rows, 708 columns, 2938 nonzeros
Progress: 10.0%  -  improved fit identified (1)        Read LP format model from file /tmp/tmprg2xz6u3.lp
Reading time = 0.01 seconds
: 1325 rows, 3176 columns, 13428 nonzeros
Read LP format model from file /tmp/tmpvpv89pxi.lp
Reading time = 0.01 seconds
: 1325 rows, 3176 columns, 13428 nonzeros
Read LP format model from file /tmp/tmp5u0vf8_m.lp
Reading time = 0.00 seconds
: 376 rows, 724 columns, 2998 nonzeros
Progress: 20.0%  -  improved fit identified (2)        Read LP format model from file /tmp/tmp0ugzxzps.lp
Reading time = 0.01 seconds
: 1325 rows, 3176 columns, 13428 nonzeros
Read LP format model from file /tmp/tmpkg_anndj.lp
Reading time = 0.01 seconds
: 1325 rows, 3176 columns, 13428 nonzeros
Read LP format model from file /tmp/tmp8ps_7s1f.lp
Reading time = 0.00 seconds
: 385 rows, 748 columns, 3130 nonzeros
Progress: 30.0%  -  improved fit identified (3)        Read LP format model from file /tmp/tmpkf_9iala.lp
Reading time = 0.01 seconds
: 1325 rows, 3176 columns, 13428 nonzeros
Read LP format model from file /tmp/tmpxg6mbhbk.lp
Reading time = 0.01 seconds
: 1325 rows, 3176 columns, 13428 nonzeros
Read LP format model from file /tmp/tmpd0txr2m2.lp
Reading time = 0.00 seconds
: 406 rows, 796 columns, 3270 nonzeros
Progress: 40.0%  -  improved fit identified (4)        Read LP format model from file /tmp/tmpris6kna4.lp
Reading time = 0.01 seconds
: 1325 rows, 3176 columns, 13428 nonzeros
Read LP format model from file /tmp/tmpld8d5jgl.lp
Reading time = 0.01 seconds
: 1325 rows, 3176 columns, 13428 nonzeros
Read LP format model from file /tmp/tmp0_60lss6.lp
Reading time = 0.00 seconds
: 409 rows, 806 columns, 3324 nonzeros
Progress: 50.0%  -  improved fit identified (5)        Read LP format model from file /tmp/tmpgpsv_wyi.lp
Reading time = 0.01 seconds
: 1325 rows, 3176 columns, 13428 nonzeros
Read LP format model from file /tmp/tmp324d0wy9.lp
Reading time = 0.01 seconds
: 1325 rows, 3176 columns, 13428 nonzeros
Read LP format model from file /tmp/tmpvdb2pw42.lp
Reading time = 0.00 seconds
: 408 rows, 806 columns, 3298 nonzeros
Progress: 60.0%  -  improved fit identified (6)        Read LP format model from file /tmp/tmpmvb77yfu.lp
Reading time = 0.01 seconds
: 1325 rows, 3176 columns, 13428 nonzeros
Read LP format model from file /tmp/tmpc1xs8kih.lp
Reading time = 0.01 seconds
: 1325 rows, 3176 columns, 13428 nonzeros
Read LP format model from file /tmp/tmp6071fp9x.lp
Reading time = 0.00 seconds
: 413 rows, 820 columns, 3322 nonzeros
Progress: 70.0%  -  improved fit identified (7)        Read LP format model from file /tmp/tmpnjh3nwno.lp
Reading time = 0.01 seconds
: 1325 rows, 3176 columns, 13428 nonzeros
Read LP format model from file /tmp/tmpo2s75cc1.lp
Reading time = 0.01 seconds
: 1325 rows, 3176 columns, 13428 nonzeros
Read LP format model from file /tmp/tmpnc0bc4ge.lp
Reading time = 0.00 seconds
: 427 rows, 862 columns, 3498 nonzeros
Progress: 80.0%  -  improved fit identified (8)        Read LP format model from file /tmp/tmpd427da_b.lp
Reading time = 0.01 seconds
: 1325 rows, 3176 columns, 13428 nonzeros
Read LP format model from file /tmp/tmp7mqfkg0k.lp
Reading time = 0.01 seconds
: 1325 rows, 3176 columns, 13428 nonzeros
Read LP format model from file /tmp/tmpgi_23wfk.lp
Reading time = 0.00 seconds
: 444 rows, 902 columns, 3648 nonzeros
Progress: 90.0%  -  improved fit identified (9)        Progress: 100%  -  improved fit identified (10)         

Testing local objective fractions to 0.9...
Progress: 0%Read LP format model from file /tmp/tmpcyyweyqf.lp
Reading time = 0.01 seconds
: 1325 rows, 3176 columns, 13428 nonzeros
Read LP format model from file /tmp/tmpktf9t5fa.lp
Reading time = 0.01 seconds
: 1325 rows, 3176 columns, 13428 nonzeros
Read LP format model from file /tmp/tmpqvizvjga.lp
Reading time = 0.00 seconds
: 445 rows, 900 columns, 3648 nonzeros
Progress: 14.29%  -  improved fit identified (1)        Read LP format model from file /tmp/tmpz3si0acu.lp
Reading time = 0.01 seconds
: 1325 rows, 3176 columns, 13428 nonzeros
Read LP format model from file /tmp/tmpzb8oy2jw.lp
Reading time = 0.01 seconds
: 1325 rows, 3176 columns, 13428 nonzeros
Read LP format model from file /tmp/tmpiu93jgcd.lp
Reading time = 0.00 seconds
: 444 rows, 906 columns, 3662 nonzeros
Progress: 28.57%  -  improved fit identified (2)        Read LP format model from file /tmp/tmpi0wl2ta1.lp
Reading time = 0.01 seconds
: 1325 rows, 3176 columns, 13428 nonzeros
Read LP format model from file /tmp/tmp2e4avaha.lp
Reading time = 0.01 seconds
: 1325 rows, 3176 columns, 13428 nonzeros
Read LP format model from file /tmp/tmpoyh5shao.lp
Reading time = 0.00 seconds
: 438 rows, 890 columns, 3584 nonzeros
Progress: 42.86%  -  improved fit identified (3)        Read LP format model from file /tmp/tmppilqrr8b.lp
Reading time = 0.01 seconds
: 1325 rows, 3176 columns, 13428 nonzeros
Read LP format model from file /tmp/tmp52aslxzb.lp
Reading time = 0.01 seconds
: 1325 rows, 3176 columns, 13428 nonzeros
Read LP format model from file /tmp/tmpp5nb_jfc.lp
Reading time = 0.00 seconds
: 444 rows, 902 columns, 3648 nonzeros
Progress: 57.14%  -  improved fit identified (4)        Read LP format model from file /tmp/tmp5t5nrbia.lp
Reading time = 0.01 seconds
: 1325 rows, 3176 columns, 13428 nonzeros
Read LP format model from file /tmp/tmpvzd4rqls.lp
Reading time = 0.01 seconds
: 1325 rows, 3176 columns, 13428 nonzeros
Read LP format model from file /tmp/tmpnsaztssf.lp
Reading time = 0.00 seconds
: 447 rows, 906 columns, 3668 nonzeros
Progress: 71.43%  -  improved fit identified (5)        Read LP format model from file /tmp/tmpmicublod.lp
Reading time = 0.01 seconds
: 1325 rows, 3176 columns, 13428 nonzeros
Read LP format model from file /tmp/tmpohzf3n7a.lp
Reading time = 0.01 seconds
: 1325 rows, 3176 columns, 13428 nonzeros
Read LP format model from file /tmp/tmp6r5ah8lw.lp
Reading time = 0.00 seconds
: 445 rows, 906 columns, 3668 nonzeros
Progress: 85.71%  -  improved fit identified (6)        Progress: 100%  -  improved fit identified (7)         

Context-specific metabolism fit with 0.9 of optimal objective flux

Reactions pruned to 451 from 1588 (71.6% change)
Metabolites pruned to 444 from 1325 (66.49% change)
Flux through the objective DECREASED to ~149.0327 from ~159.611 (6.63% change)
Context-specific metabolism correlates with transcriptome (r=0.175, p<0.001 *)

RIPTiDe completed in, 7 minutes and 19 seconds 

Saving results to /scratch/jmf7ak/persister/outputs/open/riptide_results_BIOMASS/treated_5A_83017d_20250407_135330
Saving results to /scratch/jmf7ak/persister/outputs/open/riptide_results_BIOMASS/treated_5A_83017d_20250407_135330
