Counts file : /scratch/jmf7ak/persister/counts_batchcorrected/untreated_5C_83017d.csv
Output dir  : /scratch/jmf7ak/persister/outputs/ATP_open/untreated_5C_83017d
Loading metabolic model...
Set parameter GURO_PAR_SPECIAL
Set parameter TokenServer to value "build"
Processing transcription data...
Running Riptide maxfit...
Running max fit RIPTiDe for objective fraction range: 0.1 to 0.9...
Analyzing context-specific subnetwork flux ranges...
Progress: 0%Read LP format model from file /tmp/tmpu41elydt.lp
Reading time = 0.01 seconds
: 1325 rows, 3178 columns, 13430 nonzeros
Read LP format model from file /tmp/tmpcwspbd1q.lp
Reading time = 0.01 seconds
: 1325 rows, 3178 columns, 13430 nonzeros
Read LP format model from file /tmp/tmpohcl7mkn.lp
Reading time = 0.00 seconds
: 26 rows, 52 columns, 146 nonzeros
Progress: 10.0%  -  improved fit identified (1)        Read LP format model from file /tmp/tmp9_a8o6cg.lp
Reading time = 0.01 seconds
: 1325 rows, 3178 columns, 13430 nonzeros
Read LP format model from file /tmp/tmp3ynxz89z.lp
Reading time = 0.01 seconds
: 1325 rows, 3178 columns, 13430 nonzeros
Read LP format model from file /tmp/tmpe99jv9yh.lp
Reading time = 0.00 seconds
: 26 rows, 52 columns, 146 nonzeros
Progress: 20.0%  -  improved fit identified (2)        Read LP format model from file /tmp/tmp_ppaa03u.lp
Reading time = 0.01 seconds
: 1325 rows, 3178 columns, 13430 nonzeros
Read LP format model from file /tmp/tmpph561egb.lp
Reading time = 0.01 seconds
: 1325 rows, 3178 columns, 13430 nonzeros
Read LP format model from file /tmp/tmppz3zmpry.lp
Reading time = 0.00 seconds
: 26 rows, 52 columns, 146 nonzeros
Progress: 30.0%  -  improved fit identified (3)        Read LP format model from file /tmp/tmp4vi6f120.lp
Reading time = 0.01 seconds
: 1325 rows, 3178 columns, 13430 nonzeros
Read LP format model from file /tmp/tmpq71jspyv.lp
Reading time = 0.01 seconds
: 1325 rows, 3178 columns, 13430 nonzeros
Read LP format model from file /tmp/tmppnfek7if.lp
Reading time = 0.00 seconds
: 26 rows, 52 columns, 146 nonzeros
Progress: 40.0%  -  improved fit identified (4)        Read LP format model from file /tmp/tmpnpjidvv6.lp
Reading time = 0.01 seconds
: 1325 rows, 3178 columns, 13430 nonzeros
Read LP format model from file /tmp/tmpwvnz6x2n.lp
Reading time = 0.01 seconds
: 1325 rows, 3178 columns, 13430 nonzeros
Read LP format model from file /tmp/tmpq3i2l_bf.lp
Reading time = 0.00 seconds
: 26 rows, 54 columns, 160 nonzeros
Progress: 50.0%  -  improved fit identified (5)        Read LP format model from file /tmp/tmpo_ocae65.lp
Reading time = 0.02 seconds
: 1325 rows, 3178 columns, 13430 nonzeros
Read LP format model from file /tmp/tmpas4oawzu.lp
Reading time = 0.01 seconds
: 1325 rows, 3178 columns, 13430 nonzeros
Read LP format model from file /tmp/tmpq23p0hxu.lp
Reading time = 0.00 seconds
: 56 rows, 108 columns, 360 nonzeros
Progress: 60.0%  -  improved fit identified (6)        Read LP format model from file /tmp/tmpcdz1kxgw.lp
Reading time = 0.01 seconds
: 1325 rows, 3178 columns, 13430 nonzeros
Read LP format model from file /tmp/tmpwxzlevno.lp
Reading time = 0.01 seconds
: 1325 rows, 3178 columns, 13430 nonzeros
Read LP format model from file /tmp/tmpokbznqbr.lp
Reading time = 0.00 seconds
: 54 rows, 104 columns, 376 nonzeros
Progress: 70.0%  -  improved fit identified (7)        Read LP format model from file /tmp/tmpfu6op72d.lp
Reading time = 0.01 seconds
: 1325 rows, 3178 columns, 13430 nonzeros
Read LP format model from file /tmp/tmp_fej79u9.lp
Reading time = 0.01 seconds
: 1325 rows, 3178 columns, 13430 nonzeros
Read LP format model from file /tmp/tmpput2rpjq.lp
Reading time = 0.00 seconds
: 50 rows, 94 columns, 340 nonzeros
Progress: 80.0%  -  improved fit identified (8)        Read LP format model from file /tmp/tmp50mt5xov.lp
Reading time = 0.01 seconds
: 1325 rows, 3178 columns, 13430 nonzeros
Read LP format model from file /tmp/tmpdz6et2nv.lp
Reading time = 0.01 seconds
: 1325 rows, 3178 columns, 13430 nonzeros
Read LP format model from file /tmp/tmpf160t9p4.lp
Reading time = 0.00 seconds
: 52 rows, 102 columns, 364 nonzeros
Progress: 90.0%  -  improved fit identified (9)        Progress: 100%  -  improved fit identified (10)         

Testing local objective fractions to 0.2...
Progress: 0%Read LP format model from file /tmp/tmpz3o6duo6.lp
Reading time = 0.01 seconds
: 1325 rows, 3178 columns, 13430 nonzeros
Read LP format model from file /tmp/tmps_w7s9db.lp
Reading time = 0.01 seconds
: 1325 rows, 3178 columns, 13430 nonzeros
Read LP format model from file /tmp/tmp29dk6jci.lp
Reading time = 0.00 seconds
: 26 rows, 52 columns, 146 nonzeros
Progress: 14.29%  -  improved fit identified (1)        Read LP format model from file /tmp/tmpes8nm1r4.lp
Reading time = 0.01 seconds
: 1325 rows, 3178 columns, 13430 nonzeros
Read LP format model from file /tmp/tmpdwlbkspz.lp
Reading time = 0.01 seconds
: 1325 rows, 3178 columns, 13430 nonzeros
Read LP format model from file /tmp/tmpsi9w0pob.lp
Reading time = 0.00 seconds
: 26 rows, 52 columns, 146 nonzeros
Progress: 28.57%  -  improved fit identified (2)        Read LP format model from file /tmp/tmpk41b_0j6.lp
Reading time = 0.01 seconds
: 1325 rows, 3178 columns, 13430 nonzeros
Read LP format model from file /tmp/tmpa_uzn026.lp
Reading time = 0.01 seconds
: 1325 rows, 3178 columns, 13430 nonzeros
Read LP format model from file /tmp/tmpx1wdz9vt.lp
Reading time = 0.00 seconds
: 26 rows, 52 columns, 146 nonzeros
Progress: 42.86%  -  improved fit identified (3)        Read LP format model from file /tmp/tmpjk7kdl5p.lp
Reading time = 0.01 seconds
: 1325 rows, 3178 columns, 13430 nonzeros
Read LP format model from file /tmp/tmpbv542498.lp
Reading time = 0.01 seconds
: 1325 rows, 3178 columns, 13430 nonzeros
Read LP format model from file /tmp/tmpqjw57tti.lp
Reading time = 0.00 seconds
: 26 rows, 52 columns, 146 nonzeros
Progress: 57.14%  -  improved fit identified (4)        Read LP format model from file /tmp/tmp1fxe1od0.lp
Reading time = 0.01 seconds
: 1325 rows, 3178 columns, 13430 nonzeros
Read LP format model from file /tmp/tmpzws0h1x_.lp
Reading time = 0.01 seconds
: 1325 rows, 3178 columns, 13430 nonzeros
Read LP format model from file /tmp/tmp8_j0gj1t.lp
Reading time = 0.00 seconds
: 26 rows, 52 columns, 146 nonzeros
Progress: 71.43%  -  improved fit identified (5)        Read LP format model from file /tmp/tmp423mhinv.lp
Reading time = 0.01 seconds
: 1325 rows, 3178 columns, 13430 nonzeros
Read LP format model from file /tmp/tmppz7chmj3.lp
Reading time = 0.01 seconds
: 1325 rows, 3178 columns, 13430 nonzeros
Read LP format model from file /tmp/tmpm61sdsnr.lp
Reading time = 0.00 seconds
: 26 rows, 52 columns, 146 nonzeros
Progress: 85.71%  -  improved fit identified (6)        Progress: 100%  -  improved fit identified (7)         

Context-specific metabolism fit with 0.2 of optimal objective flux

Reactions pruned to 26 from 1589 (98.36% change)
Metabolites pruned to 26 from 1325 (98.04% change)
Flux through the objective DECREASED to ~333.074 from ~683.4643 (51.27% change)
Context-specific metabolism does not correlate with transcriptome (r=0.3, n.s.)

RIPTiDe completed in, 2 minutes and 11 seconds 

Saving results to /scratch/jmf7ak/persister/outputs/ATP_open/riptide_results_ATP/untreated_5C_83017d_20250407_135259
Saving results to /scratch/jmf7ak/persister/outputs/ATP_open/riptide_results_ATP/untreated_5C_83017d_20250407_135259
