Counts file : /scratch/jmf7ak/persister/counts_batchcorrected/untreated_5B_83017d.csv
Output dir  : /scratch/jmf7ak/persister/outputs/open/untreated_5B_83017d
Loading metabolic model...
Set parameter GURO_PAR_SPECIAL
Set parameter TokenServer to value "build"
Processing transcription data...
Running Riptide maxfit...
Running max fit RIPTiDe for objective fraction range: 0.1 to 0.9...
Analyzing context-specific subnetwork flux ranges...
Progress: 0%Read LP format model from file /tmp/tmp0__wz1y_.lp
Reading time = 0.01 seconds
: 1325 rows, 3176 columns, 13428 nonzeros
Read LP format model from file /tmp/tmp0mq2q8lo.lp
Reading time = 0.01 seconds
: 1325 rows, 3176 columns, 13428 nonzeros
Read LP format model from file /tmp/tmpb19tqb9b.lp
Reading time = 0.00 seconds
: 381 rows, 732 columns, 3044 nonzeros
Progress: 10.0%  -  improved fit identified (1)        Read LP format model from file /tmp/tmp1fx9_axb.lp
Reading time = 0.01 seconds
: 1325 rows, 3176 columns, 13428 nonzeros
Read LP format model from file /tmp/tmpx0j3en18.lp
Reading time = 0.01 seconds
: 1325 rows, 3176 columns, 13428 nonzeros
Read LP format model from file /tmp/tmpyjm0gqbu.lp
Reading time = 0.00 seconds
: 379 rows, 728 columns, 3040 nonzeros
Progress: 20.0%  -  improved fit identified (2)        Read LP format model from file /tmp/tmp7g3z7mba.lp
Reading time = 0.01 seconds
: 1325 rows, 3176 columns, 13428 nonzeros
Read LP format model from file /tmp/tmpzxhmhdia.lp
Reading time = 0.01 seconds
: 1325 rows, 3176 columns, 13428 nonzeros
Read LP format model from file /tmp/tmpw8eytbzk.lp
Reading time = 0.00 seconds
: 381 rows, 734 columns, 3082 nonzeros
Progress: 30.0%  -  improved fit identified (3)        Read LP format model from file /tmp/tmpb2xug0ct.lp
Reading time = 0.01 seconds
: 1325 rows, 3176 columns, 13428 nonzeros
Read LP format model from file /tmp/tmp01lqu_yr.lp
Reading time = 0.01 seconds
: 1325 rows, 3176 columns, 13428 nonzeros
Read LP format model from file /tmp/tmpdcnrnjub.lp
Reading time = 0.00 seconds
: 391 rows, 760 columns, 3172 nonzeros
Progress: 40.0%  -  improved fit identified (4)        Read LP format model from file /tmp/tmprazjwva1.lp
Reading time = 0.01 seconds
: 1325 rows, 3176 columns, 13428 nonzeros
Read LP format model from file /tmp/tmpdyb4npy5.lp
Reading time = 0.01 seconds
: 1325 rows, 3176 columns, 13428 nonzeros
Read LP format model from file /tmp/tmp8iswi781.lp
Reading time = 0.00 seconds
: 404 rows, 796 columns, 3284 nonzeros
Progress: 50.0%  -  improved fit identified (5)        Read LP format model from file /tmp/tmpdb0vkv96.lp
Reading time = 0.01 seconds
: 1325 rows, 3176 columns, 13428 nonzeros
Read LP format model from file /tmp/tmpungqbqp6.lp
Reading time = 0.01 seconds
: 1325 rows, 3176 columns, 13428 nonzeros
Read LP format model from file /tmp/tmplnt2xlc4.lp
Reading time = 0.00 seconds
: 423 rows, 842 columns, 3466 nonzeros
Progress: 60.0%  -  improved fit identified (6)        Read LP format model from file /tmp/tmpbzt9srxv.lp
Reading time = 0.01 seconds
: 1325 rows, 3176 columns, 13428 nonzeros
Read LP format model from file /tmp/tmpxq_b_zki.lp
Reading time = 0.01 seconds
: 1325 rows, 3176 columns, 13428 nonzeros
Read LP format model from file /tmp/tmp1_ew4rtw.lp
Reading time = 0.00 seconds
: 426 rows, 848 columns, 3484 nonzeros
Progress: 70.0%  -  improved fit identified (7)        Read LP format model from file /tmp/tmp3rxc_ct_.lp
Reading time = 0.01 seconds
: 1325 rows, 3176 columns, 13428 nonzeros
Read LP format model from file /tmp/tmpt3bwwx_t.lp
Reading time = 0.01 seconds
: 1325 rows, 3176 columns, 13428 nonzeros
Read LP format model from file /tmp/tmpf0_srtp6.lp
Reading time = 0.00 seconds
: 436 rows, 876 columns, 3594 nonzeros
Progress: 80.0%  -  improved fit identified (8)        Read LP format model from file /tmp/tmp9c134go7.lp
Reading time = 0.01 seconds
: 1325 rows, 3176 columns, 13428 nonzeros
Read LP format model from file /tmp/tmpry2a_b70.lp
Reading time = 0.01 seconds
: 1325 rows, 3176 columns, 13428 nonzeros
Read LP format model from file /tmp/tmpfstp7vot.lp
Reading time = 0.00 seconds
: 449 rows, 912 columns, 3708 nonzeros
Progress: 90.0%  -  improved fit identified (9)        Progress: 100%  -  improved fit identified (10)         

Testing local objective fractions to 0.1...
Progress: 0%Read LP format model from file /tmp/tmp2hb7d8sn.lp
Reading time = 0.01 seconds
: 1325 rows, 3176 columns, 13428 nonzeros
Read LP format model from file /tmp/tmp68alno5r.lp
Reading time = 0.01 seconds
: 1325 rows, 3176 columns, 13428 nonzeros
Read LP format model from file /tmp/tmptr8so3_3.lp
Reading time = 0.00 seconds
: 380 rows, 730 columns, 3036 nonzeros
Progress: 14.29%  -  improved fit identified (1)        Read LP format model from file /tmp/tmpo92obb0i.lp
Reading time = 0.01 seconds
: 1325 rows, 3176 columns, 13428 nonzeros
Read LP format model from file /tmp/tmp4huy6tce.lp
Reading time = 0.01 seconds
: 1325 rows, 3176 columns, 13428 nonzeros
Read LP format model from file /tmp/tmpcg7shqbu.lp
Reading time = 0.00 seconds
: 369 rows, 708 columns, 2972 nonzeros
Progress: 28.57%  -  improved fit identified (2)        Read LP format model from file /tmp/tmpplv6n937.lp
Reading time = 0.01 seconds
: 1325 rows, 3176 columns, 13428 nonzeros
Read LP format model from file /tmp/tmpjtli_ahv.lp
Reading time = 0.01 seconds
: 1325 rows, 3176 columns, 13428 nonzeros
Read LP format model from file /tmp/tmp06xrd341.lp
Reading time = 0.00 seconds
: 381 rows, 732 columns, 3048 nonzeros
Progress: 42.86%  -  improved fit identified (3)        Read LP format model from file /tmp/tmpixyfnz17.lp
Reading time = 0.01 seconds
: 1325 rows, 3176 columns, 13428 nonzeros
Read LP format model from file /tmp/tmp6yi3fk0n.lp
Reading time = 0.01 seconds
: 1325 rows, 3176 columns, 13428 nonzeros
Read LP format model from file /tmp/tmpi8a31xyg.lp
Reading time = 0.00 seconds
: 381 rows, 732 columns, 3044 nonzeros
Progress: 57.14%  -  improved fit identified (4)        Read LP format model from file /tmp/tmp_jwvur08.lp
Reading time = 0.01 seconds
: 1325 rows, 3176 columns, 13428 nonzeros
Read LP format model from file /tmp/tmpn9t7md5l.lp
Reading time = 0.01 seconds
: 1325 rows, 3176 columns, 13428 nonzeros
Read LP format model from file /tmp/tmpc_unk7db.lp
Reading time = 0.00 seconds
: 379 rows, 728 columns, 3046 nonzeros
Progress: 71.43%  -  improved fit identified (5)        Read LP format model from file /tmp/tmpd_7np_ah.lp
Reading time = 0.01 seconds
: 1325 rows, 3176 columns, 13428 nonzeros
Read LP format model from file /tmp/tmpccrifkx0.lp
Reading time = 0.01 seconds
: 1325 rows, 3176 columns, 13428 nonzeros
Read LP format model from file /tmp/tmp_j7yr1vx.lp
Reading time = 0.00 seconds
: 381 rows, 732 columns, 3044 nonzeros
Progress: 85.71%  -  improved fit identified (6)        Progress: 100%  -  improved fit identified (7)         

Context-specific metabolism fit with 0.05 of optimal objective flux

Reactions pruned to 365 from 1588 (77.02% change)
Metabolites pruned to 380 from 1325 (71.32% change)
Flux through the objective DECREASED to ~18.1378 from ~159.611 (88.64% change)
Context-specific metabolism correlates with transcriptome (r=0.115, p=0.029 *)

RIPTiDe completed in, 6 minutes and 16 seconds 

Saving results to /scratch/jmf7ak/persister/outputs/open/riptide_results_BIOMASS/untreated_5B_83017d_20250407_135329
Saving results to /scratch/jmf7ak/persister/outputs/open/riptide_results_BIOMASS/untreated_5B_83017d_20250407_135329
