Counts file : /scratch/jmf7ak/persister/counts_batchcorrected/treated_0F_83017d.csv
Output dir  : /scratch/jmf7ak/persister/outputs/ATP_open/treated_0F_83017d
Loading metabolic model...
Set parameter GURO_PAR_SPECIAL
Set parameter TokenServer to value "build"
Processing transcription data...
Running Riptide maxfit...
Running max fit RIPTiDe for objective fraction range: 0.1 to 0.9...
Analyzing context-specific subnetwork flux ranges...
Progress: 0%Read LP format model from file /tmp/tmp6jrpazhh.lp
Reading time = 0.02 seconds
: 1325 rows, 3178 columns, 13430 nonzeros
Read LP format model from file /tmp/tmpcv9xbirz.lp
Reading time = 0.02 seconds
: 1325 rows, 3178 columns, 13430 nonzeros
Read LP format model from file /tmp/tmp2xgvm9l2.lp
Reading time = 0.00 seconds
: 52 rows, 90 columns, 328 nonzeros
Progress: 10.0%  -  improved fit identified (1)        Read LP format model from file /tmp/tmpyd5rldgl.lp
Reading time = 0.01 seconds
: 1325 rows, 3178 columns, 13430 nonzeros
Read LP format model from file /tmp/tmpu3nr4cll.lp
Reading time = 0.01 seconds
: 1325 rows, 3178 columns, 13430 nonzeros
Read LP format model from file /tmp/tmpvo2tkx68.lp
Reading time = 0.00 seconds
: 52 rows, 90 columns, 328 nonzeros
Progress: 20.0%  -  improved fit identified (2)        Read LP format model from file /tmp/tmpqjboz73g.lp
Reading time = 0.01 seconds
: 1325 rows, 3178 columns, 13430 nonzeros
Read LP format model from file /tmp/tmpyzeukhbe.lp
Reading time = 0.02 seconds
: 1325 rows, 3178 columns, 13430 nonzeros
Read LP format model from file /tmp/tmpclmg08gn.lp
Reading time = 0.00 seconds
: 52 rows, 90 columns, 328 nonzeros
Progress: 30.0%  -  improved fit identified (3)        Read LP format model from file /tmp/tmpegg9wh50.lp
Reading time = 0.01 seconds
: 1325 rows, 3178 columns, 13430 nonzeros
Read LP format model from file /tmp/tmpdk3ujx_y.lp
Reading time = 0.01 seconds
: 1325 rows, 3178 columns, 13430 nonzeros
Read LP format model from file /tmp/tmpfcbjg_hw.lp
Reading time = 0.00 seconds
: 48 rows, 88 columns, 296 nonzeros
Progress: 40.0%  -  improved fit identified (4)        Read LP format model from file /tmp/tmpi3mctyuh.lp
Reading time = 0.01 seconds
: 1325 rows, 3178 columns, 13430 nonzeros
Read LP format model from file /tmp/tmp5ps87n7a.lp
Reading time = 0.01 seconds
: 1325 rows, 3178 columns, 13430 nonzeros
Read LP format model from file /tmp/tmpmfk1v5yt.lp
Reading time = 0.00 seconds
: 62 rows, 118 columns, 426 nonzeros
Progress: 50.0%  -  improved fit identified (5)        Read LP format model from file /tmp/tmp9a2rellu.lp
Reading time = 0.01 seconds
: 1325 rows, 3178 columns, 13430 nonzeros
Read LP format model from file /tmp/tmp3t27k4ye.lp
Reading time = 0.02 seconds
: 1325 rows, 3178 columns, 13430 nonzeros
Read LP format model from file /tmp/tmpf9vkqn97.lp
Reading time = 0.01 seconds
: 62 rows, 116 columns, 426 nonzeros
Progress: 60.0%  -  improved fit identified (6)        Read LP format model from file /tmp/tmpc36qi373.lp
Reading time = 0.01 seconds
: 1325 rows, 3178 columns, 13430 nonzeros
Read LP format model from file /tmp/tmp_s0paddo.lp
Reading time = 0.02 seconds
: 1325 rows, 3178 columns, 13430 nonzeros
Read LP format model from file /tmp/tmpb2zmgt28.lp
Reading time = 0.00 seconds
: 50 rows, 96 columns, 354 nonzeros
Progress: 70.0%  -  improved fit identified (7)        Read LP format model from file /tmp/tmppv28g35r.lp
Reading time = 0.01 seconds
: 1325 rows, 3178 columns, 13430 nonzeros
Read LP format model from file /tmp/tmpcb10ow0_.lp
Reading time = 0.01 seconds
: 1325 rows, 3178 columns, 13430 nonzeros
Read LP format model from file /tmp/tmpqmf98jx9.lp
Reading time = 0.01 seconds
: 46 rows, 90 columns, 342 nonzeros
Progress: 80.0%  -  improved fit identified (8)        Read LP format model from file /tmp/tmp1g0e037i.lp
Reading time = 0.01 seconds
: 1325 rows, 3178 columns, 13430 nonzeros
Read LP format model from file /tmp/tmpdjjxzyv1.lp
Reading time = 0.01 seconds
: 1325 rows, 3178 columns, 13430 nonzeros
Read LP format model from file /tmp/tmprmixid5x.lp
Reading time = 0.00 seconds
: 48 rows, 94 columns, 348 nonzeros
Progress: 90.0%  -  improved fit identified (9)        Progress: 100%  -  improved fit identified (10)         

Testing local objective fractions to 0.7...
Progress: 0%Read LP format model from file /tmp/tmpp_zf4jj5.lp
Reading time = 0.01 seconds
: 1325 rows, 3178 columns, 13430 nonzeros
Read LP format model from file /tmp/tmp2fergcyt.lp
Reading time = 0.02 seconds
: 1325 rows, 3178 columns, 13430 nonzeros
Read LP format model from file /tmp/tmpbu1zywa8.lp
Reading time = 0.01 seconds
: 55 rows, 106 columns, 386 nonzeros
Progress: 14.29%  -  improved fit identified (1)        Read LP format model from file /tmp/tmpo42d8aev.lp
Reading time = 0.01 seconds
: 1325 rows, 3178 columns, 13430 nonzeros
Read LP format model from file /tmp/tmpip_w_t51.lp
Reading time = 0.01 seconds
: 1325 rows, 3178 columns, 13430 nonzeros
Read LP format model from file /tmp/tmpa3k9ttlo.lp
Reading time = 0.01 seconds
: 54 rows, 102 columns, 388 nonzeros
Progress: 28.57%  -  improved fit identified (2)        Read LP format model from file /tmp/tmph2l2hd7l.lp
Reading time = 0.01 seconds
: 1325 rows, 3178 columns, 13430 nonzeros
Read LP format model from file /tmp/tmps6_4fu6m.lp
Reading time = 0.01 seconds
: 1325 rows, 3178 columns, 13430 nonzeros
Read LP format model from file /tmp/tmpdgbbmbxo.lp
Reading time = 0.00 seconds
: 52 rows, 100 columns, 376 nonzeros
Progress: 42.86%  -  improved fit identified (3)        Read LP format model from file /tmp/tmpm2d02juz.lp
Reading time = 0.01 seconds
: 1325 rows, 3178 columns, 13430 nonzeros
Read LP format model from file /tmp/tmpipygvz9x.lp
Reading time = 0.02 seconds
: 1325 rows, 3178 columns, 13430 nonzeros
Read LP format model from file /tmp/tmp684aqrmb.lp
Reading time = 0.01 seconds
: 50 rows, 96 columns, 354 nonzeros
Progress: 57.14%  -  improved fit identified (4)        Read LP format model from file /tmp/tmprhkyv9nf.lp
Reading time = 0.03 seconds
: 1325 rows, 3178 columns, 13430 nonzeros
Read LP format model from file /tmp/tmp9jp96k3j.lp
Reading time = 0.01 seconds
: 1325 rows, 3178 columns, 13430 nonzeros
Read LP format model from file /tmp/tmpr8r0at99.lp
Reading time = 0.01 seconds
: 50 rows, 96 columns, 354 nonzeros
Progress: 71.43%  -  improved fit identified (5)        Read LP format model from file /tmp/tmpjncjmi_l.lp
Reading time = 0.02 seconds
: 1325 rows, 3178 columns, 13430 nonzeros
Read LP format model from file /tmp/tmpazcshopq.lp
Reading time = 0.01 seconds
: 1325 rows, 3178 columns, 13430 nonzeros
Read LP format model from file /tmp/tmpi6_njd96.lp
Reading time = 0.00 seconds
: 52 rows, 100 columns, 376 nonzeros
Progress: 85.71%  -  improved fit identified (6)        Progress: 100%  -  improved fit identified (7)         

Context-specific metabolism fit with 0.687 of optimal objective flux

Reactions pruned to 48 from 1589 (96.98% change)
Metabolites pruned to 50 from 1325 (96.23% change)
Flux through the objective DECREASED to ~482.705 from ~683.4643 (29.37% change)
Context-specific metabolism does not correlate with transcriptome (r=0.143, n.s.)

RIPTiDe completed in, 2 minutes and 48 seconds 

Saving results to /scratch/jmf7ak/persister/outputs/ATP_open/riptide_results_ATP/treated_0F_83017d_20250407_135259
Saving results to /scratch/jmf7ak/persister/outputs/ATP_open/riptide_results_ATP/treated_0F_83017d_20250407_135259
