Counts file : /scratch/jmf7ak/persister/counts_batchcorrected/treated_5A_83017d.csv
Output dir  : /scratch/jmf7ak/persister/outputs/ATP_open/treated_5A_83017d
Loading metabolic model...
Set parameter GURO_PAR_SPECIAL
Set parameter TokenServer to value "build"
Processing transcription data...
Running Riptide maxfit...
Running max fit RIPTiDe for objective fraction range: 0.1 to 0.9...
Analyzing context-specific subnetwork flux ranges...
Progress: 0%Read LP format model from file /tmp/tmpecg_spsg.lp
Reading time = 0.01 seconds
: 1325 rows, 3178 columns, 13430 nonzeros
Read LP format model from file /tmp/tmpimijy0ab.lp
Reading time = 0.01 seconds
: 1325 rows, 3178 columns, 13430 nonzeros
Read LP format model from file /tmp/tmp6kckl8im.lp
Reading time = 0.00 seconds
: 21 rows, 36 columns, 132 nonzeros
Progress: 10.0%Read LP format model from file /tmp/tmpbsaoutop.lp
Reading time = 0.01 seconds
: 1325 rows, 3178 columns, 13430 nonzeros
Read LP format model from file /tmp/tmpcty5918r.lp
Reading time = 0.01 seconds
: 1325 rows, 3178 columns, 13430 nonzeros
Read LP format model from file /tmp/tmpo79_ybcc.lp
Reading time = 0.01 seconds
: 21 rows, 36 columns, 132 nonzeros
Progress: 20.0% Read LP format model from file /tmp/tmpefafbsrw.lp
Reading time = 0.01 seconds
: 1325 rows, 3178 columns, 13430 nonzeros
Read LP format model from file /tmp/tmpt0r2d0wd.lp
Reading time = 0.02 seconds
: 1325 rows, 3178 columns, 13430 nonzeros
Read LP format model from file /tmp/tmpbs0e3ozd.lp
Reading time = 0.01 seconds
: 21 rows, 36 columns, 132 nonzeros
Progress: 30.0% Read LP format model from file /tmp/tmpxji7j19z.lp
Reading time = 0.01 seconds
: 1325 rows, 3178 columns, 13430 nonzeros
Read LP format model from file /tmp/tmp1nt9o3ff.lp
Reading time = 0.01 seconds
: 1325 rows, 3178 columns, 13430 nonzeros
Read LP format model from file /tmp/tmpfzqhtg13.lp
Reading time = 0.00 seconds
: 21 rows, 36 columns, 132 nonzeros
Progress: 40.0% Read LP format model from file /tmp/tmpcj4va7yq.lp
Reading time = 0.01 seconds
: 1325 rows, 3178 columns, 13430 nonzeros
Read LP format model from file /tmp/tmpp2r1f8q9.lp
Reading time = 0.02 seconds
: 1325 rows, 3178 columns, 13430 nonzeros
Read LP format model from file /tmp/tmppdc_fvnz.lp
Reading time = 0.01 seconds
: 22 rows, 46 columns, 156 nonzeros
Progress: 50.0%  -  fit identified                     Read LP format model from file /tmp/tmpbhix2qo0.lp
Reading time = 0.01 seconds
: 1325 rows, 3178 columns, 13430 nonzeros
Read LP format model from file /tmp/tmprqpj6mzj.lp
Reading time = 0.01 seconds
: 1325 rows, 3178 columns, 13430 nonzeros
Read LP format model from file /tmp/tmpv3h5z3x9.lp
Reading time = 0.01 seconds
: 47 rows, 96 columns, 328 nonzeros
Progress: 60.0%  -  improved fit identified (2)        Read LP format model from file /tmp/tmpkx__uhp1.lp
Reading time = 0.01 seconds
: 1325 rows, 3178 columns, 13430 nonzeros
Read LP format model from file /tmp/tmpp1jkatse.lp
Reading time = 0.01 seconds
: 1325 rows, 3178 columns, 13430 nonzeros
Read LP format model from file /tmp/tmpvwuqz3b5.lp
Reading time = 0.01 seconds
: 47 rows, 96 columns, 328 nonzeros
Progress: 70.0%  -  improved fit identified (3)        Read LP format model from file /tmp/tmpq0eh4ag6.lp
Reading time = 0.01 seconds
: 1325 rows, 3178 columns, 13430 nonzeros
Read LP format model from file /tmp/tmpf_ptsasg.lp
Reading time = 0.01 seconds
: 1325 rows, 3178 columns, 13430 nonzeros
Read LP format model from file /tmp/tmp64w_r8yt.lp
Reading time = 0.01 seconds
: 55 rows, 108 columns, 374 nonzeros
Progress: 80.0%  -  improved fit identified (4)        Read LP format model from file /tmp/tmpn5ljhatp.lp
Reading time = 0.02 seconds
: 1325 rows, 3178 columns, 13430 nonzeros
Read LP format model from file /tmp/tmpx1m_73b_.lp
Reading time = 0.02 seconds
: 1325 rows, 3178 columns, 13430 nonzeros
Read LP format model from file /tmp/tmpgq8ho2hy.lp
Reading time = 0.01 seconds
: 55 rows, 98 columns, 362 nonzeros
Progress: 90.0%  -  improved fit identified (5)        Progress: 100%  -  improved fit identified (6)         

Testing local objective fractions to 0.5...
Progress: 0%Read LP format model from file /tmp/tmp4wo2qbqy.lp
Reading time = 0.01 seconds
: 1325 rows, 3178 columns, 13430 nonzeros
Read LP format model from file /tmp/tmpi4nb_r4y.lp
Reading time = 0.01 seconds
: 1325 rows, 3178 columns, 13430 nonzeros
Read LP format model from file /tmp/tmp6usoaplx.lp
Reading time = 0.00 seconds
: 21 rows, 36 columns, 132 nonzeros
Progress: 14.29%Read LP format model from file /tmp/tmph79kcesm.lp
Reading time = 0.01 seconds
: 1325 rows, 3178 columns, 13430 nonzeros
Read LP format model from file /tmp/tmp_3an8r90.lp
Reading time = 0.02 seconds
: 1325 rows, 3178 columns, 13430 nonzeros
Read LP format model from file /tmp/tmpxv2bsv6_.lp
Reading time = 0.01 seconds
: 22 rows, 46 columns, 156 nonzeros
Progress: 28.57%  -  improved fit identified (1)        Read LP format model from file /tmp/tmp0futuioq.lp
Reading time = 0.02 seconds
: 1325 rows, 3178 columns, 13430 nonzeros
Read LP format model from file /tmp/tmpcfs8ga0u.lp
Reading time = 0.02 seconds
: 1325 rows, 3178 columns, 13430 nonzeros
Read LP format model from file /tmp/tmpafucshtv.lp
Reading time = 0.00 seconds
: 21 rows, 36 columns, 132 nonzeros
Progress: 42.86%  -  improved fit identified (2)        Read LP format model from file /tmp/tmpu8wx4d_6.lp
Reading time = 0.02 seconds
: 1325 rows, 3178 columns, 13430 nonzeros
Read LP format model from file /tmp/tmpyzpk2fv6.lp
Reading time = 0.02 seconds
: 1325 rows, 3178 columns, 13430 nonzeros
Read LP format model from file /tmp/tmprkz6fq5a.lp
Reading time = 0.01 seconds
: 21 rows, 36 columns, 132 nonzeros
Progress: 57.14%  -  improved fit identified (3)        Read LP format model from file /tmp/tmpf9ana3z8.lp
Reading time = 0.01 seconds
: 1325 rows, 3178 columns, 13430 nonzeros
Read LP format model from file /tmp/tmp7tetvrt1.lp
Reading time = 0.02 seconds
: 1325 rows, 3178 columns, 13430 nonzeros
Read LP format model from file /tmp/tmp4__mtfxf.lp
Reading time = 0.01 seconds
: 22 rows, 46 columns, 156 nonzeros
Progress: 71.43%  -  improved fit identified (4)        Read LP format model from file /tmp/tmpg96ozygk.lp
Reading time = 0.01 seconds
: 1325 rows, 3178 columns, 13430 nonzeros
Read LP format model from file /tmp/tmp38cxualu.lp
Reading time = 0.01 seconds
: 1325 rows, 3178 columns, 13430 nonzeros
Read LP format model from file /tmp/tmpzkwwjfe7.lp
Reading time = 0.01 seconds
: 22 rows, 46 columns, 156 nonzeros
Progress: 85.71%  -  improved fit identified (5)        Progress: 100%  -  improved fit identified (6)         

Context-specific metabolism fit with 0.525 of optimal objective flux

Reactions pruned to 23 from 1589 (98.55% change)
Metabolites pruned to 22 from 1325 (98.34% change)
Flux through the objective DECREASED to ~397.6051 from ~683.4643 (41.83% change)
Context-specific metabolism does not correlate with transcriptome (r=0.092, n.s.)

RIPTiDe completed in, 2 minutes and 21 seconds 

Saving results to /scratch/jmf7ak/persister/outputs/ATP_open/riptide_results_ATP/treated_5A_83017d_20250407_135259
Saving results to /scratch/jmf7ak/persister/outputs/ATP_open/riptide_results_ATP/treated_5A_83017d_20250407_135259
