Counts file : /scratch/jmf7ak/persister/counts_batchcorrected/untreated_5A_81017d.csv
Output dir  : /scratch/jmf7ak/persister/outputs/open/untreated_5A_81017d
Loading metabolic model...
Set parameter GURO_PAR_SPECIAL
Set parameter TokenServer to value "build"
Processing transcription data...
Running Riptide maxfit...
Running max fit RIPTiDe for objective fraction range: 0.1 to 0.9...
Analyzing context-specific subnetwork flux ranges...
Progress: 0%Read LP format model from file /tmp/tmpppkm2ga2.lp
Reading time = 0.01 seconds
: 1325 rows, 3176 columns, 13428 nonzeros
Read LP format model from file /tmp/tmpiax3r573.lp
Reading time = 0.01 seconds
: 1325 rows, 3176 columns, 13428 nonzeros
Read LP format model from file /tmp/tmpbwwomfkd.lp
Reading time = 0.00 seconds
: 374 rows, 720 columns, 3006 nonzeros
Progress: 10.0%  -  improved fit identified (1)        Read LP format model from file /tmp/tmpuqaq7yxd.lp
Reading time = 0.01 seconds
: 1325 rows, 3176 columns, 13428 nonzeros
Read LP format model from file /tmp/tmp2gpfps30.lp
Reading time = 0.01 seconds
: 1325 rows, 3176 columns, 13428 nonzeros
Read LP format model from file /tmp/tmpinwi91tj.lp
Reading time = 0.00 seconds
: 376 rows, 726 columns, 3008 nonzeros
Progress: 20.0%  -  improved fit identified (2)        Read LP format model from file /tmp/tmp644fz9_5.lp
Reading time = 0.01 seconds
: 1325 rows, 3176 columns, 13428 nonzeros
Read LP format model from file /tmp/tmp1bdedkmm.lp
Reading time = 0.01 seconds
: 1325 rows, 3176 columns, 13428 nonzeros
Read LP format model from file /tmp/tmp8w3h2x_l.lp
Reading time = 0.00 seconds
: 397 rows, 774 columns, 3202 nonzeros
Progress: 30.0%  -  improved fit identified (3)        Read LP format model from file /tmp/tmpw29sqfb6.lp
Reading time = 0.01 seconds
: 1325 rows, 3176 columns, 13428 nonzeros
Read LP format model from file /tmp/tmp6hk5z1bg.lp
Reading time = 0.01 seconds
: 1325 rows, 3176 columns, 13428 nonzeros
Read LP format model from file /tmp/tmp2v9g00kc.lp
Reading time = 0.00 seconds
: 403 rows, 786 columns, 3256 nonzeros
Progress: 40.0%  -  improved fit identified (4)        Read LP format model from file /tmp/tmp7ljqkq7m.lp
Reading time = 0.01 seconds
: 1325 rows, 3176 columns, 13428 nonzeros
Read LP format model from file /tmp/tmpn1ofgfvl.lp
Reading time = 0.01 seconds
: 1325 rows, 3176 columns, 13428 nonzeros
Read LP format model from file /tmp/tmp1kur_wan.lp
Reading time = 0.00 seconds
: 418 rows, 822 columns, 3410 nonzeros
Progress: 50.0%  -  improved fit identified (5)        Read LP format model from file /tmp/tmpken29p4i.lp
Reading time = 0.01 seconds
: 1325 rows, 3176 columns, 13428 nonzeros
Read LP format model from file /tmp/tmp_ihqmc5i.lp
Reading time = 0.01 seconds
: 1325 rows, 3176 columns, 13428 nonzeros
Read LP format model from file /tmp/tmpz8ksirda.lp
Reading time = 0.00 seconds
: 416 rows, 822 columns, 3374 nonzeros
Progress: 60.0%  -  improved fit identified (6)        Read LP format model from file /tmp/tmpjuk7b9y3.lp
Reading time = 0.01 seconds
: 1325 rows, 3176 columns, 13428 nonzeros
Read LP format model from file /tmp/tmpl5pxim70.lp
Reading time = 0.01 seconds
: 1325 rows, 3176 columns, 13428 nonzeros
Read LP format model from file /tmp/tmp1gijyk43.lp
Reading time = 0.00 seconds
: 430 rows, 856 columns, 3524 nonzeros
Progress: 70.0%  -  improved fit identified (7)        Read LP format model from file /tmp/tmp9dq2py7p.lp
Reading time = 0.01 seconds
: 1325 rows, 3176 columns, 13428 nonzeros
Read LP format model from file /tmp/tmp7zztpote.lp
Reading time = 0.01 seconds
: 1325 rows, 3176 columns, 13428 nonzeros
Read LP format model from file /tmp/tmp5ryg5nuv.lp
Reading time = 0.00 seconds
: 425 rows, 852 columns, 3480 nonzeros
Progress: 80.0%  -  improved fit identified (8)        Read LP format model from file /tmp/tmp6iskaz2q.lp
Reading time = 0.01 seconds
: 1325 rows, 3176 columns, 13428 nonzeros
Read LP format model from file /tmp/tmps4ed4em1.lp
Reading time = 0.01 seconds
: 1325 rows, 3176 columns, 13428 nonzeros
Read LP format model from file /tmp/tmpot3jvt7e.lp
Reading time = 0.00 seconds
: 452 rows, 914 columns, 3688 nonzeros
Progress: 90.0%  -  improved fit identified (9)        Progress: 100%  -  improved fit identified (10)         

Testing local objective fractions to 0.6...
Progress: 0%Read LP format model from file /tmp/tmp8x4jsacf.lp
Reading time = 0.01 seconds
: 1325 rows, 3176 columns, 13428 nonzeros
Read LP format model from file /tmp/tmpnt4p7qfw.lp
Reading time = 0.01 seconds
: 1325 rows, 3176 columns, 13428 nonzeros
Read LP format model from file /tmp/tmpzgl7vyo_.lp
Reading time = 0.00 seconds
: 415 rows, 818 columns, 3354 nonzeros
Progress: 14.29%  -  improved fit identified (1)        Read LP format model from file /tmp/tmpmqqzph8z.lp
Reading time = 0.01 seconds
: 1325 rows, 3176 columns, 13428 nonzeros
Read LP format model from file /tmp/tmpsrxe8_5g.lp
Reading time = 0.01 seconds
: 1325 rows, 3176 columns, 13428 nonzeros
Read LP format model from file /tmp/tmpdjatvj0c.lp
Reading time = 0.00 seconds
: 427 rows, 844 columns, 3474 nonzeros
Progress: 28.57%  -  improved fit identified (2)        Read LP format model from file /tmp/tmp342ug31v.lp
Reading time = 0.01 seconds
: 1325 rows, 3176 columns, 13428 nonzeros
Read LP format model from file /tmp/tmpwsde1fr8.lp
Reading time = 0.01 seconds
: 1325 rows, 3176 columns, 13428 nonzeros
Read LP format model from file /tmp/tmpriugadis.lp
Reading time = 0.00 seconds
: 418 rows, 826 columns, 3388 nonzeros
Progress: 42.86%  -  improved fit identified (3)        Read LP format model from file /tmp/tmpi5db6mrb.lp
Reading time = 0.01 seconds
: 1325 rows, 3176 columns, 13428 nonzeros
Read LP format model from file /tmp/tmptmb8y1r6.lp
Reading time = 0.01 seconds
: 1325 rows, 3176 columns, 13428 nonzeros
Read LP format model from file /tmp/tmpwt6foylx.lp
Reading time = 0.00 seconds
: 415 rows, 820 columns, 3366 nonzeros
Progress: 57.14%  -  improved fit identified (4)        Read LP format model from file /tmp/tmpa80v6a46.lp
Reading time = 0.01 seconds
: 1325 rows, 3176 columns, 13428 nonzeros
Read LP format model from file /tmp/tmpx7yyfgoy.lp
Reading time = 0.01 seconds
: 1325 rows, 3176 columns, 13428 nonzeros
Read LP format model from file /tmp/tmpzih_64dx.lp
Reading time = 0.00 seconds
: 417 rows, 822 columns, 3366 nonzeros
Progress: 71.43%  -  improved fit identified (5)        Read LP format model from file /tmp/tmpz7kqm_vn.lp
Reading time = 0.01 seconds
: 1325 rows, 3176 columns, 13428 nonzeros
Read LP format model from file /tmp/tmpa2zz3qbc.lp
Reading time = 0.01 seconds
: 1325 rows, 3176 columns, 13428 nonzeros
Read LP format model from file /tmp/tmpus89r9kp.lp
Reading time = 0.00 seconds
: 416 rows, 822 columns, 3374 nonzeros
Progress: 85.71%  -  improved fit identified (6)        Progress: 100%  -  improved fit identified (7)         

Context-specific metabolism fit with 0.55 of optimal objective flux

Reactions pruned to 409 from 1588 (74.24% change)
Metabolites pruned to 415 from 1325 (68.68% change)
Flux through the objective DECREASED to ~91.0001 from ~159.611 (42.99% change)
Context-specific metabolism does not correlate with transcriptome (r=0.041, n.s.)

RIPTiDe completed in, 6 minutes and 21 seconds 

Saving results to /scratch/jmf7ak/persister/outputs/open/riptide_results_BIOMASS/untreated_5A_81017d_20250407_135327
Saving results to /scratch/jmf7ak/persister/outputs/open/riptide_results_BIOMASS/untreated_5A_81017d_20250407_135327
