Counts file : /scratch/jmf7ak/persister/counts_batchcorrected/untreated_0C_81017d.csv
Output dir  : /scratch/jmf7ak/persister/outputs/open/untreated_0C_81017d
Loading metabolic model...
Set parameter GURO_PAR_SPECIAL
Set parameter TokenServer to value "build"
Processing transcription data...
Running Riptide maxfit...
Running max fit RIPTiDe for objective fraction range: 0.1 to 0.9...
Analyzing context-specific subnetwork flux ranges...
Progress: 0%Read LP format model from file /tmp/tmpd3dx6zen.lp
Reading time = 0.01 seconds
: 1325 rows, 3176 columns, 13428 nonzeros
Read LP format model from file /tmp/tmpaws6pjbk.lp
Reading time = 0.01 seconds
: 1325 rows, 3176 columns, 13428 nonzeros
Read LP format model from file /tmp/tmp9mvugkt9.lp
Reading time = 0.00 seconds
: 377 rows, 728 columns, 3006 nonzeros
Progress: 10.0%  -  improved fit identified (1)        Read LP format model from file /tmp/tmpn5q7kpn0.lp
Reading time = 0.01 seconds
: 1325 rows, 3176 columns, 13428 nonzeros
Read LP format model from file /tmp/tmpwtq_7chn.lp
Reading time = 0.01 seconds
: 1325 rows, 3176 columns, 13428 nonzeros
Read LP format model from file /tmp/tmpytlgsvrw.lp
Reading time = 0.00 seconds
: 379 rows, 730 columns, 3030 nonzeros
Progress: 20.0%  -  improved fit identified (2)        Read LP format model from file /tmp/tmpc3lkmirx.lp
Reading time = 0.01 seconds
: 1325 rows, 3176 columns, 13428 nonzeros
Read LP format model from file /tmp/tmpy_iuwosr.lp
Reading time = 0.01 seconds
: 1325 rows, 3176 columns, 13428 nonzeros
Read LP format model from file /tmp/tmpgkdf5jy5.lp
Reading time = 0.00 seconds
: 390 rows, 758 columns, 3124 nonzeros
Progress: 30.0%  -  improved fit identified (3)        Read LP format model from file /tmp/tmphfxdpyn7.lp
Reading time = 0.01 seconds
: 1325 rows, 3176 columns, 13428 nonzeros
Read LP format model from file /tmp/tmp4v8ddq10.lp
Reading time = 0.01 seconds
: 1325 rows, 3176 columns, 13428 nonzeros
Read LP format model from file /tmp/tmp0cliskmq.lp
Reading time = 0.00 seconds
: 402 rows, 782 columns, 3244 nonzeros
Progress: 40.0%  -  improved fit identified (4)        Read LP format model from file /tmp/tmp4fytp3xe.lp
Reading time = 0.01 seconds
: 1325 rows, 3176 columns, 13428 nonzeros
Read LP format model from file /tmp/tmpui0be7by.lp
Reading time = 0.01 seconds
: 1325 rows, 3176 columns, 13428 nonzeros
Read LP format model from file /tmp/tmpn2h8yxbu.lp
Reading time = 0.00 seconds
: 415 rows, 808 columns, 3342 nonzeros
Progress: 50.0%  -  improved fit identified (5)        Read LP format model from file /tmp/tmpaevpmbhq.lp
Reading time = 0.01 seconds
: 1325 rows, 3176 columns, 13428 nonzeros
Read LP format model from file /tmp/tmpia5vvpp7.lp
Reading time = 0.01 seconds
: 1325 rows, 3176 columns, 13428 nonzeros
Read LP format model from file /tmp/tmpitxax3o5.lp
Reading time = 0.00 seconds
: 423 rows, 828 columns, 3390 nonzeros
Progress: 60.0%  -  improved fit identified (6)        Read LP format model from file /tmp/tmp68pg1bj1.lp
Reading time = 0.01 seconds
: 1325 rows, 3176 columns, 13428 nonzeros
Read LP format model from file /tmp/tmpal6drkqs.lp
Reading time = 0.01 seconds
: 1325 rows, 3176 columns, 13428 nonzeros
Read LP format model from file /tmp/tmpwozckq3q.lp
Reading time = 0.00 seconds
: 432 rows, 854 columns, 3494 nonzeros
Progress: 70.0%  -  improved fit identified (7)        Read LP format model from file /tmp/tmpeyc1m27h.lp
Reading time = 0.01 seconds
: 1325 rows, 3176 columns, 13428 nonzeros
Read LP format model from file /tmp/tmpmo6eyscf.lp
Reading time = 0.01 seconds
: 1325 rows, 3176 columns, 13428 nonzeros
Read LP format model from file /tmp/tmplw3htzlx.lp
Reading time = 0.00 seconds
: 439 rows, 878 columns, 3582 nonzeros
Progress: 80.0%  -  improved fit identified (8)        Read LP format model from file /tmp/tmpmva47tqt.lp
Reading time = 0.01 seconds
: 1325 rows, 3176 columns, 13428 nonzeros
Read LP format model from file /tmp/tmpe_z_270s.lp
Reading time = 0.01 seconds
: 1325 rows, 3176 columns, 13428 nonzeros
Read LP format model from file /tmp/tmpll2fwe_r.lp
Reading time = 0.00 seconds
: 446 rows, 902 columns, 3634 nonzeros
Progress: 90.0%  -  improved fit identified (9)        Progress: 100%  -  improved fit identified (10)         

Testing local objective fractions to 0.7...
Progress: 0%Read LP format model from file /tmp/tmpf4epj5gk.lp
Reading time = 0.01 seconds
: 1325 rows, 3176 columns, 13428 nonzeros
Read LP format model from file /tmp/tmp1sv8tfyq.lp
Reading time = 0.01 seconds
: 1325 rows, 3176 columns, 13428 nonzeros
Read LP format model from file /tmp/tmpa48dp87o.lp
Reading time = 0.00 seconds
: 421 rows, 826 columns, 3388 nonzeros
Progress: 14.29%  -  improved fit identified (1)        Read LP format model from file /tmp/tmppy00iwmn.lp
Reading time = 0.01 seconds
: 1325 rows, 3176 columns, 13428 nonzeros
Read LP format model from file /tmp/tmpzjz41ro0.lp
Reading time = 0.01 seconds
: 1325 rows, 3176 columns, 13428 nonzeros
Read LP format model from file /tmp/tmpuxbtfgsx.lp
Reading time = 0.00 seconds
: 434 rows, 864 columns, 3532 nonzeros
Progress: 28.57%  -  improved fit identified (2)        Read LP format model from file /tmp/tmppezpy_uj.lp
Reading time = 0.01 seconds
: 1325 rows, 3176 columns, 13428 nonzeros
Read LP format model from file /tmp/tmpf0rgrvs8.lp
Reading time = 0.01 seconds
: 1325 rows, 3176 columns, 13428 nonzeros
Read LP format model from file /tmp/tmprz_d911s.lp
Reading time = 0.00 seconds
: 433 rows, 858 columns, 3516 nonzeros
Progress: 42.86%  -  improved fit identified (3)        Read LP format model from file /tmp/tmpfekecthb.lp
Reading time = 0.01 seconds
: 1325 rows, 3176 columns, 13428 nonzeros
Read LP format model from file /tmp/tmpol3sgmpg.lp
Reading time = 0.01 seconds
: 1325 rows, 3176 columns, 13428 nonzeros
Read LP format model from file /tmp/tmpyauoeth9.lp
Reading time = 0.00 seconds
: 422 rows, 830 columns, 3394 nonzeros
Progress: 57.14%  -  improved fit identified (4)        Read LP format model from file /tmp/tmp_3xcn1mn.lp
Reading time = 0.01 seconds
: 1325 rows, 3176 columns, 13428 nonzeros
Read LP format model from file /tmp/tmptiulrg40.lp
Reading time = 0.01 seconds
: 1325 rows, 3176 columns, 13428 nonzeros
Read LP format model from file /tmp/tmpsj3zus18.lp
Reading time = 0.00 seconds
: 421 rows, 828 columns, 3396 nonzeros
Progress: 71.43%  -  improved fit identified (5)        Read LP format model from file /tmp/tmpwd_pfh47.lp
Reading time = 0.01 seconds
: 1325 rows, 3176 columns, 13428 nonzeros
Read LP format model from file /tmp/tmpz71s3_cz.lp
Reading time = 0.01 seconds
: 1325 rows, 3176 columns, 13428 nonzeros
Read LP format model from file /tmp/tmpz4um6ulk.lp
Reading time = 0.00 seconds
: 434 rows, 864 columns, 3536 nonzeros
Progress: 85.71%  -  improved fit identified (6)        Progress: 100%  -  improved fit identified (7)         

Context-specific metabolism fit with 0.7 of optimal objective flux

Reactions pruned to 427 from 1588 (73.11% change)
Metabolites pruned to 432 from 1325 (67.4% change)
Flux through the objective DECREASED to ~113.1747 from ~159.611 (29.09% change)
Context-specific metabolism correlates with transcriptome (r=0.148, p=0.002 *)

RIPTiDe completed in, 6 minutes and 26 seconds 

Saving results to /scratch/jmf7ak/persister/outputs/open/riptide_results_BIOMASS/untreated_0C_81017d_20250407_135329
Saving results to /scratch/jmf7ak/persister/outputs/open/riptide_results_BIOMASS/untreated_0C_81017d_20250407_135329
