Counts file : /scratch/jmf7ak/persister/counts_batchcorrected/treated_0F_81017d.csv
Output dir  : /scratch/jmf7ak/persister/outputs/open/treated_0F_81017d
Loading metabolic model...
Set parameter GURO_PAR_SPECIAL
Set parameter TokenServer to value "build"
Processing transcription data...
Running Riptide maxfit...
Running max fit RIPTiDe for objective fraction range: 0.1 to 0.9...
Analyzing context-specific subnetwork flux ranges...
Progress: 0%Read LP format model from file /tmp/tmpc5fj4j46.lp
Reading time = 0.01 seconds
: 1325 rows, 3176 columns, 13428 nonzeros
Read LP format model from file /tmp/tmp74iux44o.lp
Reading time = 0.01 seconds
: 1325 rows, 3176 columns, 13428 nonzeros
Read LP format model from file /tmp/tmp3p8kjz5c.lp
Reading time = 0.00 seconds
: 373 rows, 718 columns, 2956 nonzeros
Progress: 10.0%  -  improved fit identified (1)        Read LP format model from file /tmp/tmp7lr91qe0.lp
Reading time = 0.01 seconds
: 1325 rows, 3176 columns, 13428 nonzeros
Read LP format model from file /tmp/tmp5pqtuv6f.lp
Reading time = 0.01 seconds
: 1325 rows, 3176 columns, 13428 nonzeros
Read LP format model from file /tmp/tmp9e5f1tiv.lp
Reading time = 0.00 seconds
: 377 rows, 726 columns, 3016 nonzeros
Progress: 20.0%  -  improved fit identified (2)        Read LP format model from file /tmp/tmpvhccnfg8.lp
Reading time = 0.01 seconds
: 1325 rows, 3176 columns, 13428 nonzeros
Read LP format model from file /tmp/tmp8po934kf.lp
Reading time = 0.01 seconds
: 1325 rows, 3176 columns, 13428 nonzeros
Read LP format model from file /tmp/tmptbwbf5bf.lp
Reading time = 0.00 seconds
: 379 rows, 738 columns, 3064 nonzeros
Progress: 30.0%  -  improved fit identified (3)        Read LP format model from file /tmp/tmpg5zoc6e9.lp
Reading time = 0.01 seconds
: 1325 rows, 3176 columns, 13428 nonzeros
Read LP format model from file /tmp/tmpnonkttzt.lp
Reading time = 0.01 seconds
: 1325 rows, 3176 columns, 13428 nonzeros
Read LP format model from file /tmp/tmpz0air53q.lp
Reading time = 0.00 seconds
: 398 rows, 778 columns, 3226 nonzeros
Progress: 40.0%  -  improved fit identified (4)        Read LP format model from file /tmp/tmpej6kkih8.lp
Reading time = 0.01 seconds
: 1325 rows, 3176 columns, 13428 nonzeros
Read LP format model from file /tmp/tmp_bdkwtia.lp
Reading time = 0.01 seconds
: 1325 rows, 3176 columns, 13428 nonzeros
Read LP format model from file /tmp/tmpq6lzkfck.lp
Reading time = 0.00 seconds
: 412 rows, 810 columns, 3338 nonzeros
Progress: 50.0%  -  improved fit identified (5)        Read LP format model from file /tmp/tmpvq89kpfr.lp
Reading time = 0.01 seconds
: 1325 rows, 3176 columns, 13428 nonzeros
Read LP format model from file /tmp/tmpryy8ch9x.lp
Reading time = 0.01 seconds
: 1325 rows, 3176 columns, 13428 nonzeros
Read LP format model from file /tmp/tmphrhu13o9.lp
Reading time = 0.00 seconds
: 426 rows, 842 columns, 3466 nonzeros
Progress: 60.0%  -  improved fit identified (6)        Read LP format model from file /tmp/tmp7d969kt4.lp
Reading time = 0.01 seconds
: 1325 rows, 3176 columns, 13428 nonzeros
Read LP format model from file /tmp/tmprdmom1u8.lp
Reading time = 0.01 seconds
: 1325 rows, 3176 columns, 13428 nonzeros
Read LP format model from file /tmp/tmpwexp91it.lp
Reading time = 0.00 seconds
: 430 rows, 856 columns, 3508 nonzeros
Progress: 70.0%  -  improved fit identified (7)        Read LP format model from file /tmp/tmp0v6c2b_w.lp
Reading time = 0.01 seconds
: 1325 rows, 3176 columns, 13428 nonzeros
Read LP format model from file /tmp/tmpi4b40jsc.lp
Reading time = 0.01 seconds
: 1325 rows, 3176 columns, 13428 nonzeros
Read LP format model from file /tmp/tmp1whqayik.lp
Reading time = 0.00 seconds
: 425 rows, 850 columns, 3484 nonzeros
Progress: 80.0%  -  improved fit identified (8)        Read LP format model from file /tmp/tmpc0oi4gq0.lp
Reading time = 0.01 seconds
: 1325 rows, 3176 columns, 13428 nonzeros
Read LP format model from file /tmp/tmpa7bjjoc6.lp
Reading time = 0.01 seconds
: 1325 rows, 3176 columns, 13428 nonzeros
Read LP format model from file /tmp/tmpet_e_r28.lp
Reading time = 0.00 seconds
: 444 rows, 898 columns, 3642 nonzeros
Progress: 90.0%  -  improved fit identified (9)        Progress: 100%  -  improved fit identified (10)         

Testing local objective fractions to 0.4...
Progress: 0%Read LP format model from file /tmp/tmpn7gxhhui.lp
Reading time = 0.01 seconds
: 1325 rows, 3176 columns, 13428 nonzeros
Read LP format model from file /tmp/tmp2p0ousop.lp
Reading time = 0.01 seconds
: 1325 rows, 3176 columns, 13428 nonzeros
Read LP format model from file /tmp/tmp8c5uy8v5.lp
Reading time = 0.00 seconds
: 393 rows, 768 columns, 3170 nonzeros
Progress: 14.29%  -  improved fit identified (1)        Read LP format model from file /tmp/tmprkiua0r4.lp
Reading time = 0.01 seconds
: 1325 rows, 3176 columns, 13428 nonzeros
Read LP format model from file /tmp/tmpivlvy1eu.lp
Reading time = 0.01 seconds
: 1325 rows, 3176 columns, 13428 nonzeros
Read LP format model from file /tmp/tmpn2tt1b2q.lp
Reading time = 0.00 seconds
: 402 rows, 786 columns, 3250 nonzeros
Progress: 28.57%  -  improved fit identified (2)        Read LP format model from file /tmp/tmprwt57dyf.lp
Reading time = 0.01 seconds
: 1325 rows, 3176 columns, 13428 nonzeros
Read LP format model from file /tmp/tmp4igt7ho_.lp
Reading time = 0.01 seconds
: 1325 rows, 3176 columns, 13428 nonzeros
Read LP format model from file /tmp/tmpmgjvzu1w.lp
Reading time = 0.00 seconds
: 399 rows, 780 columns, 3228 nonzeros
Progress: 42.86%  -  improved fit identified (3)        Read LP format model from file /tmp/tmpwx92q_d5.lp
Reading time = 0.01 seconds
: 1325 rows, 3176 columns, 13428 nonzeros
Read LP format model from file /tmp/tmpe220rtve.lp
Reading time = 0.01 seconds
: 1325 rows, 3176 columns, 13428 nonzeros
Read LP format model from file /tmp/tmp9h7qhkdt.lp
Reading time = 0.00 seconds
: 398 rows, 778 columns, 3226 nonzeros
Progress: 57.14%  -  improved fit identified (4)        Read LP format model from file /tmp/tmp8974zmyc.lp
Reading time = 0.01 seconds
: 1325 rows, 3176 columns, 13428 nonzeros
Read LP format model from file /tmp/tmp9fmak3pm.lp
Reading time = 0.01 seconds
: 1325 rows, 3176 columns, 13428 nonzeros
Read LP format model from file /tmp/tmp3n45mddp.lp
Reading time = 0.00 seconds
: 398 rows, 778 columns, 3226 nonzeros
Progress: 71.43%  -  improved fit identified (5)        Read LP format model from file /tmp/tmp0e0p9yfa.lp
Reading time = 0.01 seconds
: 1325 rows, 3176 columns, 13428 nonzeros
Read LP format model from file /tmp/tmpj_woengj.lp
Reading time = 0.01 seconds
: 1325 rows, 3176 columns, 13428 nonzeros
Read LP format model from file /tmp/tmpt_rte7px.lp
Reading time = 0.00 seconds
: 398 rows, 778 columns, 3226 nonzeros
Progress: 85.71%  -  improved fit identified (6)        Progress: 100%  -  improved fit identified (7)         

Context-specific metabolism fit with 0.413 of optimal objective flux

Reactions pruned to 389 from 1588 (75.5% change)
Metabolites pruned to 398 from 1325 (69.96% change)
Flux through the objective DECREASED to ~79.0145 from ~159.611 (50.5% change)
Context-specific metabolism correlates with transcriptome (r=0.114, p=0.024 *)

RIPTiDe completed in, 6 minutes and 18 seconds 

Saving results to /scratch/jmf7ak/persister/outputs/open/riptide_results_BIOMASS/treated_0F_81017d_20250407_135328
Saving results to /scratch/jmf7ak/persister/outputs/open/riptide_results_BIOMASS/treated_0F_81017d_20250407_135328
