Counts file : /scratch/jmf7ak/persister/counts_batchcorrected/treated_0D_83017d.csv
Output dir  : /scratch/jmf7ak/persister/outputs/open/treated_0D_83017d
Loading metabolic model...
Set parameter GURO_PAR_SPECIAL
Set parameter TokenServer to value "build"
Processing transcription data...
Running Riptide maxfit...
Running max fit RIPTiDe for objective fraction range: 0.1 to 0.9...
Analyzing context-specific subnetwork flux ranges...
Progress: 0%Read LP format model from file /tmp/tmp2pt9hse4.lp
Reading time = 0.01 seconds
: 1325 rows, 3176 columns, 13428 nonzeros
Read LP format model from file /tmp/tmpymoft1w7.lp
Reading time = 0.01 seconds
: 1325 rows, 3176 columns, 13428 nonzeros
Read LP format model from file /tmp/tmp9urxbjmc.lp
Reading time = 0.00 seconds
: 372 rows, 716 columns, 3006 nonzeros
Progress: 10.0%  -  improved fit identified (1)        Read LP format model from file /tmp/tmprzd5i9_1.lp
Reading time = 0.01 seconds
: 1325 rows, 3176 columns, 13428 nonzeros
Read LP format model from file /tmp/tmpnuu2pf79.lp
Reading time = 0.01 seconds
: 1325 rows, 3176 columns, 13428 nonzeros
Read LP format model from file /tmp/tmpvv4watsp.lp
Reading time = 0.00 seconds
: 375 rows, 722 columns, 3012 nonzeros
Progress: 20.0%  -  improved fit identified (2)        Read LP format model from file /tmp/tmpguh963bs.lp
Reading time = 0.01 seconds
: 1325 rows, 3176 columns, 13428 nonzeros
Read LP format model from file /tmp/tmpr14cmucl.lp
Reading time = 0.01 seconds
: 1325 rows, 3176 columns, 13428 nonzeros
Read LP format model from file /tmp/tmpvaum15bn.lp
Reading time = 0.00 seconds
: 396 rows, 768 columns, 3202 nonzeros
Progress: 30.0%  -  improved fit identified (3)        Read LP format model from file /tmp/tmpykzhf5sj.lp
Reading time = 0.01 seconds
: 1325 rows, 3176 columns, 13428 nonzeros
Read LP format model from file /tmp/tmpjw8q0avk.lp
Reading time = 0.01 seconds
: 1325 rows, 3176 columns, 13428 nonzeros
Read LP format model from file /tmp/tmps4ys402g.lp
Reading time = 0.00 seconds
: 396 rows, 772 columns, 3210 nonzeros
Progress: 40.0%  -  improved fit identified (4)        Read LP format model from file /tmp/tmpek0gk_3f.lp
Reading time = 0.01 seconds
: 1325 rows, 3176 columns, 13428 nonzeros
Read LP format model from file /tmp/tmp8n7nz10p.lp
Reading time = 0.01 seconds
: 1325 rows, 3176 columns, 13428 nonzeros
Read LP format model from file /tmp/tmplva9tnbb.lp
Reading time = 0.00 seconds
: 403 rows, 792 columns, 3274 nonzeros
Progress: 50.0%  -  improved fit identified (5)        Read LP format model from file /tmp/tmpw7946ulx.lp
Reading time = 0.01 seconds
: 1325 rows, 3176 columns, 13428 nonzeros
Read LP format model from file /tmp/tmp8ob50pcy.lp
Reading time = 0.01 seconds
: 1325 rows, 3176 columns, 13428 nonzeros
Read LP format model from file /tmp/tmp6av1edjg.lp
Reading time = 0.00 seconds
: 416 rows, 826 columns, 3400 nonzeros
Progress: 60.0%  -  improved fit identified (6)        Read LP format model from file /tmp/tmpg1ahd6yj.lp
Reading time = 0.01 seconds
: 1325 rows, 3176 columns, 13428 nonzeros
Read LP format model from file /tmp/tmpz9zl0up7.lp
Reading time = 0.01 seconds
: 1325 rows, 3176 columns, 13428 nonzeros
Read LP format model from file /tmp/tmplcc7ikoa.lp
Reading time = 0.00 seconds
: 416 rows, 826 columns, 3400 nonzeros
Progress: 70.0%  -  improved fit identified (7)        Read LP format model from file /tmp/tmp3kh1su48.lp
Reading time = 0.01 seconds
: 1325 rows, 3176 columns, 13428 nonzeros
Read LP format model from file /tmp/tmpwqcblvf7.lp
Reading time = 0.01 seconds
: 1325 rows, 3176 columns, 13428 nonzeros
Read LP format model from file /tmp/tmpq8cttuyi.lp
Reading time = 0.00 seconds
: 418 rows, 840 columns, 3436 nonzeros
Progress: 80.0%  -  improved fit identified (8)        Read LP format model from file /tmp/tmplbr3lrnu.lp
Reading time = 0.01 seconds
: 1325 rows, 3176 columns, 13428 nonzeros
Read LP format model from file /tmp/tmprmd1gh9d.lp
Reading time = 0.01 seconds
: 1325 rows, 3176 columns, 13428 nonzeros
Read LP format model from file /tmp/tmphcr3xdpn.lp
Reading time = 0.00 seconds
: 445 rows, 904 columns, 3648 nonzeros
Progress: 90.0%  -  improved fit identified (9)        Progress: 100%  -  improved fit identified (10)         

Testing local objective fractions to 0.3...
Progress: 0%Read LP format model from file /tmp/tmpe4dio54t.lp
Reading time = 0.01 seconds
: 1325 rows, 3176 columns, 13428 nonzeros
Read LP format model from file /tmp/tmpphg3ck0_.lp
Reading time = 0.01 seconds
: 1325 rows, 3176 columns, 13428 nonzeros
Read LP format model from file /tmp/tmpuuchc_yt.lp
Reading time = 0.00 seconds
: 399 rows, 772 columns, 3224 nonzeros
Progress: 14.29%  -  improved fit identified (1)        Read LP format model from file /tmp/tmp09gq5mcj.lp
Reading time = 0.01 seconds
: 1325 rows, 3176 columns, 13428 nonzeros
Read LP format model from file /tmp/tmpzik168s0.lp
Reading time = 0.01 seconds
: 1325 rows, 3176 columns, 13428 nonzeros
Read LP format model from file /tmp/tmpiq7gccd2.lp
Reading time = 0.00 seconds
: 405 rows, 788 columns, 3286 nonzeros
Progress: 28.57%  -  improved fit identified (2)        Read LP format model from file /tmp/tmpzfw4s31p.lp
Reading time = 0.01 seconds
: 1325 rows, 3176 columns, 13428 nonzeros
Read LP format model from file /tmp/tmpyplubofb.lp
Reading time = 0.01 seconds
: 1325 rows, 3176 columns, 13428 nonzeros
Read LP format model from file /tmp/tmpwnb7_l7k.lp
Reading time = 0.00 seconds
: 396 rows, 768 columns, 3202 nonzeros
Progress: 42.86%  -  improved fit identified (3)        Read LP format model from file /tmp/tmpjixw8zix.lp
Reading time = 0.01 seconds
: 1325 rows, 3176 columns, 13428 nonzeros
Read LP format model from file /tmp/tmp_ym83egz.lp
Reading time = 0.01 seconds
: 1325 rows, 3176 columns, 13428 nonzeros
Read LP format model from file /tmp/tmpdkg0oq_o.lp
Reading time = 0.00 seconds
: 403 rows, 782 columns, 3260 nonzeros
Progress: 57.14%  -  improved fit identified (4)        Read LP format model from file /tmp/tmpzjv9al04.lp
Reading time = 0.01 seconds
: 1325 rows, 3176 columns, 13428 nonzeros
Read LP format model from file /tmp/tmpo692ssli.lp
Reading time = 0.01 seconds
: 1325 rows, 3176 columns, 13428 nonzeros
Read LP format model from file /tmp/tmpg0ogrca_.lp
Reading time = 0.00 seconds
: 396 rows, 768 columns, 3202 nonzeros
Progress: 71.43%  -  improved fit identified (5)        Read LP format model from file /tmp/tmpuhluix8a.lp
Reading time = 0.01 seconds
: 1325 rows, 3176 columns, 13428 nonzeros
Read LP format model from file /tmp/tmpuwqd0rpy.lp
Reading time = 0.01 seconds
: 1325 rows, 3176 columns, 13428 nonzeros
Read LP format model from file /tmp/tmpxejlnn9n.lp
Reading time = 0.00 seconds
: 396 rows, 768 columns, 3202 nonzeros
Progress: 85.71%  -  improved fit identified (6)        Progress: 100%  -  improved fit identified (7)         

Context-specific metabolism fit with 0.325 of optimal objective flux

Reactions pruned to 391 from 1588 (75.38% change)
Metabolites pruned to 403 from 1325 (69.58% change)
Flux through the objective DECREASED to ~52.9125 from ~159.611 (66.85% change)
Context-specific metabolism correlates with transcriptome (r=0.103, p=0.042 *)

RIPTiDe completed in, 7 minutes and 39 seconds 

Saving results to /scratch/jmf7ak/persister/outputs/open/riptide_results_BIOMASS/treated_0D_83017d_20250407_135328
Saving results to /scratch/jmf7ak/persister/outputs/open/riptide_results_BIOMASS/treated_0D_83017d_20250407_135328
